gc 1 @0.054s 5%: 6.3+0.73+0.036 ms clock, 12+0/0.60/4.9+0.072 ms cpu, 4->4->0 MB, 5 MB goal, 4 P
gc 2 @0.076s 4%: 0.015+0.56+0.024 ms clock, 0.061+0.21/0.48/0.68+0.098 ms cpu, 4->4->0 MB, 5 MB goal, 4 P
gc 3 @0.092s 4%: 0.015+0.67+0.031 ms clock, 0.060+0.14/0.46/1.2+0.12 ms cpu, 4->4->0 MB, 5 MB goal, 4 P
# github.com/cdongyang/library/rbtree
gc 1 @0.004s 7%: 0.10+1.7+0.046 ms clock, 0.31+0.14/1.3/2.0+0.13 ms cpu, 4->4->2 MB, 5 MB goal, 4 P
gc 2 @0.017s 6%: 0.012+3.2+0.047 ms clock, 0.048+0.10/3.0/5.4+0.19 ms cpu, 5->6->4 MB, 6 MB goal, 4 P
gc 3 @0.051s 4%: 0.014+4.5+0.034 ms clock, 0.058+0.25/4.0/5.3+0.13 ms cpu, 8->9->5 MB, 9 MB goal, 4 P
gc 4 @0.113s 3%: 0.018+6.1+0.051 ms clock, 0.073+0.44/5.8/6.3+0.20 ms cpu, 10->10->6 MB, 11 MB goal, 4 P
gc 5 @0.159s 3%: 0.013+5.5+0.028 ms clock, 0.055+0.27/5.2/5.8+0.11 ms cpu, 12->13->7 MB, 13 MB goal, 4 P
# github.com/cdongyang/library/rbtree_test
gc 1 @0.005s 7%: 0.028+2.0+0.031 ms clock, 0.085+0.22/1.8/2.8+0.095 ms cpu, 4->4->3 MB, 5 MB goal, 4 P
gc 2 @0.017s 6%: 0.011+3.0+0.029 ms clock, 0.044+0.22/2.8/5.0+0.11 ms cpu, 5->6->5 MB, 6 MB goal, 4 P
gc 3 @0.050s 5%: 0.016+7.8+0.040 ms clock, 0.064+0.23/7.6/15+0.16 ms cpu, 9->10->6 MB, 10 MB goal, 4 P
gc 4 @0.115s 4%: 0.016+5.9+0.034 ms clock, 0.065+0.21/5.7/10+0.13 ms cpu, 13->13->8 MB, 14 MB goal, 4 P
# testmain
gc 1 @0.006s 8%: 0.065+2.3+0.047 ms clock, 0.19+0.29/2.3/2.1+0.14 ms cpu, 4->4->3 MB, 5 MB goal, 4 P
# testmain
gc 1 @0.001s 9%: 0.067+3.9+0.046 ms clock, 0.20+0.085/1.6/2.7+0.13 ms cpu, 4->4->4 MB, 5 MB goal, 4 P
gc 2 @0.012s 10%: 0.009+4.8+0.029 ms clock, 0.038+0.11/4.5/0.44+0.11 ms cpu, 7->9->8 MB, 9 MB goal, 4 P
gc 3 @0.035s 9%: 0.013+10+0.065 ms clock, 0.055+0.15/10/0.46+0.26 ms cpu, 15->16->15 MB, 17 MB goal, 4 P
gc 4 @0.093s 9%: 0.015+23+0.078 ms clock, 0.060+5.5/22/4.8+0.31 ms cpu, 26->29->26 MB, 30 MB goal, 4 P
=== RUN   TestRBtree
gc 1 @0.313s 0%: 0.059+0.12+0.035 ms clock, 0.17+0.054/0.044/0.11+0.10 ms cpu, 4->4->0 MB, 5 MB goal, 4 P
gc 2 @0.621s 0%: 0.027+0.17+0.037 ms clock, 0.10+0.11/0.033/0.13+0.14 ms cpu, 4->4->0 MB, 5 MB goal, 4 P
gc 3 @1.018s 0%: 0.025+0.12+0.027 ms clock, 0.10+0.098/0.083/0.12+0.10 ms cpu, 4->4->0 MB, 5 MB goal, 4 P
gc 4 @1.310s 0%: 0.014+0.14+0.081 ms clock, 0.059+0.11/0.042/0.064+0.32 ms cpu, 4->4->0 MB, 5 MB goal, 4 P
--- PASS: TestRBtree (1.36s)
=== RUN   TestRBTree
--- PASS: TestRBTree (0.00s)
=== RUN   TestSet
--- PASS: TestSet (0.00s)
=== RUN   ExampleNullFunc
--- PASS: ExampleNullFunc (0.00s)
gc 5 @1.362s 0%: 0.010+0.089+0.040 ms clock, 0.040+0/0.078/0.12+0.16 ms cpu, 0->0->0 MB, 4 MB goal, 4 P (forced)
gc 6 @1.362s 0%: 0.006+0.089+0.017 ms clock, 0.024+0/0.034/0.12+0.068 ms cpu, 0->0->0 MB, 4 MB goal, 4 P (forced)
HeapAlloc: 123640 HeapInuse: 450560 HeapObjects: 434 HeapIdle 4464640 HeapReleased 0 HeapSys 4915200
gc 7 @1.362s 0%: 0.004+0.089+0.018 ms clock, 0.018+0/0.068/0.11+0.075 ms cpu, 0->0->0 MB, 4 MB goal, 4 P (forced)
goos: linux
goarch: amd64
pkg: github.com/cdongyang/library/rbtree
BenchmarkRBTreeInsert1E2-4              	gc 8 @1.362s 0%: 0.006+0.084+0.016 ms clock, 0.024+0/0.058/0.11+0.067 ms cpu, 0->0->0 MB, 4 MB goal, 4 P (forced)
HeapAlloc: 123816 HeapInuse: 450560 HeapObjects: 438 HeapIdle 4464640 HeapReleased 0 HeapSys 4915200
gc 9 @1.363s 0%: 0.004+0.092+0.015 ms clock, 0.016+0/0.063/0.10+0.062 ms cpu, 0->0->0 MB, 4 MB goal, 4 P (forced)
gc 10 @1.363s 0%: 0.004+0.092+0.015 ms clock, 0.017+0/0.035/0.10+0.061 ms cpu, 0->0->0 MB, 4 MB goal, 4 P (forced)
HeapAlloc: 123800 HeapInuse: 450560 HeapObjects: 437 HeapIdle 4464640 HeapReleased 0 HeapSys 4915200
gc 11 @1.363s 0%: 0.003+0.12+0.016 ms clock, 0.014+0/0.10/0.10+0.067 ms cpu, 0->0->0 MB, 4 MB goal, 4 P (forced)
gc 12 @1.364s 0%: 0.003+0.095+0.015 ms clock, 0.015+0/0.081/0.077+0.062 ms cpu, 0->0->0 MB, 4 MB goal, 4 P (forced)
HeapAlloc: 123896 HeapInuse: 450560 HeapObjects: 438 HeapIdle 4464640 HeapReleased 0 HeapSys 4915200
gc 13 @1.364s 0%: 0.003+0.11+0.019 ms clock, 0.014+0/0.037/0.12+0.077 ms cpu, 0->0->0 MB, 4 MB goal, 4 P (forced)
gc 14 @1.364s 0%: 0.004+0.091+0.016 ms clock, 0.018+0/0.032/0.10+0.065 ms cpu, 0->0->0 MB, 4 MB goal, 4 P (forced)
HeapAlloc: 123896 HeapInuse: 450560 HeapObjects: 438 HeapIdle 4464640 HeapReleased 0 HeapSys 4915200
gc 15 @1.364s 0%: 0.003+0.074+0.020 ms clock, 0.014+0/0.056/0.10+0.080 ms cpu, 0->0->0 MB, 4 MB goal, 4 P (forced)
gc 16 @1.365s 0%: 0.005+0.084+0.021 ms clock, 0.020+0/0.066/0.095+0.086 ms cpu, 0->0->0 MB, 4 MB goal, 4 P (forced)
HeapAlloc: 125560 HeapInuse: 450560 HeapObjects: 441 HeapIdle 4431872 HeapReleased 0 HeapSys 4882432
gc 17 @1.365s 0%: 0.003+0.081+0.013 ms clock, 0.015+0/0.057/0.10+0.055 ms cpu, 0->0->0 MB, 4 MB goal, 4 P (forced)
gc 18 @1.365s 0%: 0.005+0.096+0.016 ms clock, 0.020+0/0.077/0.080+0.067 ms cpu, 0->0->0 MB, 4 MB goal, 4 P (forced)
HeapAlloc: 125624 HeapInuse: 450560 HeapObjects: 442 HeapIdle 4431872 HeapReleased 0 HeapSys 4882432
gc 19 @1.366s 0%: 0.003+0.080+0.015 ms clock, 0.014+0/0.037/0.13+0.061 ms cpu, 0->0->0 MB, 4 MB goal, 4 P (forced)
gc 20 @1.366s 0%: 0.007+0.096+0.014 ms clock, 0.030+0/0.072/0.10+0.056 ms cpu, 0->0->0 MB, 4 MB goal, 4 P (forced)
HeapAlloc: 125816 HeapInuse: 450560 HeapObjects: 444 HeapIdle 4431872 HeapReleased 0 HeapSys 4882432
gc 21 @1.366s 0%: 0.003+0.13+0.015 ms clock, 0.014+0/0.081/0.077+0.061 ms cpu, 0->0->0 MB, 4 MB goal, 4 P (forced)
gc 22 @1.366s 0%: 0.004+0.096+0.014 ms clock, 0.018+0/0.037/0.099+0.058 ms cpu, 0->0->0 MB, 4 MB goal, 4 P (forced)
HeapAlloc: 125816 HeapInuse: 450560 HeapObjects: 444 HeapIdle 4431872 HeapReleased 0 HeapSys 4882432
gc 23 @1.367s 0%: 0.003+0.11+0.018 ms clock, 0.014+0/0.036/0.12+0.073 ms cpu, 0->0->0 MB, 4 MB goal, 4 P (forced)
gc 24 @1.367s 0%: 0.003+0.11+0.020 ms clock, 0.014+0/0.034/0.12+0.082 ms cpu, 0->0->0 MB, 4 MB goal, 4 P (forced)
HeapAlloc: 125976 HeapInuse: 450560 HeapObjects: 446 HeapIdle 4431872 HeapReleased 0 HeapSys 4882432
gc 25 @1.367s 0%: 0.005+0.074+0.020 ms clock, 0.021+0/0.066/0.087+0.080 ms cpu, 0->0->0 MB, 4 MB goal, 4 P (forced)
gc 26 @1.368s 0%: 0.005+0.082+0.023 ms clock, 0.021+0/0.067/0.095+0.092 ms cpu, 0->0->0 MB, 4 MB goal, 4 P (forced)
HeapAlloc: 126072 HeapInuse: 450560 HeapObjects: 447 HeapIdle 4431872 HeapReleased 0 HeapSys 4882432
gc 27 @1.368s 0%: 0.004+0.17+0.021 ms clock, 0.019+0/0.075/0.070+0.086 ms cpu, 0->0->0 MB, 4 MB goal, 4 P (forced)
gc 28 @1.368s 0%: 0.005+0.10+0.014 ms clock, 0.020+0/0.032/0.11+0.059 ms cpu, 0->0->0 MB, 4 MB goal, 4 P (forced)
HeapAlloc: 126168 HeapInuse: 450560 HeapObjects: 448 HeapIdle 4431872 HeapReleased 0 HeapSys 4882432
gc 29 @1.369s 0%: 0.003+0.092+0.017 ms clock, 0.015+0/0.059/0.12+0.071 ms cpu, 0->0->0 MB, 4 MB goal, 4 P (forced)
gc 30 @1.369s 0%: 0.004+0.12+0.014 ms clock, 0.019+0/0.037/0.12+0.058 ms cpu, 0->0->0 MB, 4 MB goal, 4 P (forced)
HeapAlloc: 126168 HeapInuse: 450560 HeapObjects: 448 HeapIdle 4431872 HeapReleased 0 HeapSys 4882432
gc 31 @1.369s 0%: 0.003+0.10+0.022 ms clock, 0.014+0/0.089/0.079+0.090 ms cpu, 0->0->0 MB, 4 MB goal, 4 P (forced)
gc 32 @1.369s 0%: 0.007+0.086+0.019 ms clock, 0.030+0/0.056/0.10+0.078 ms cpu, 0->0->0 MB, 4 MB goal, 4 P (forced)
HeapAlloc: 126168 HeapInuse: 450560 HeapObjects: 448 HeapIdle 4431872 HeapReleased 0 HeapSys 4882432
gc 33 @1.370s 0%: 0.006+0.095+0.016 ms clock, 0.025+0/0.076/0.13+0.067 ms cpu, 0->0->0 MB, 4 MB goal, 4 P (forced)
     100	      3148 ns/op	      99 B/op	       2 allocs/op
gc 34 @1.370s 0%: 0.004+0.10+0.015 ms clock, 0.018+0/0.037/0.10+0.062 ms cpu, 0->0->0 MB, 4 MB goal, 4 P (forced)
HeapAlloc: 126408 HeapInuse: 458752 HeapObjects: 351 HeapIdle 4423680 HeapReleased 0 HeapSys 4882432
gc 35 @1.370s 0%: 0.004+0.091+0.017 ms clock, 0.016+0/0.033/0.10+0.068 ms cpu, 0->0->0 MB, 4 MB goal, 4 P (forced)
BenchmarkRBTreeInsertWithBuf1E2-4       	gc 36 @1.371s 0%: 0.004+0.098+0.015 ms clock, 0.016+0/0.036/0.098+0.061 ms cpu, 0->0->0 MB, 4 MB goal, 4 P (forced)
HeapAlloc: 126552 HeapInuse: 458752 HeapObjects: 353 HeapIdle 4423680 HeapReleased 0 HeapSys 4882432
gc 37 @1.371s 0%: 0.003+1.3+0.014 ms clock, 0.015+0/0.087/0.074+0.057 ms cpu, 0->0->0 MB, 4 MB goal, 4 P (forced)
gc 38 @1.373s 0%: 0.004+0.10+0.015 ms clock, 0.016+0/0.087/0.082+0.060 ms cpu, 0->0->0 MB, 4 MB goal, 4 P (forced)
HeapAlloc: 126728 HeapInuse: 458752 HeapObjects: 354 HeapIdle 4423680 HeapReleased 0 HeapSys 4882432
gc 39 @1.373s 0%: 0.003+0.093+0.016 ms clock, 0.014+0/0.084/0.13+0.066 ms cpu, 0->0->0 MB, 4 MB goal, 4 P (forced)
gc 40 @1.373s 0%: 0.005+0.097+0.015 ms clock, 0.020+0/0.037/0.13+0.060 ms cpu, 0->0->0 MB, 4 MB goal, 4 P (forced)
HeapAlloc: 126728 HeapInuse: 458752 HeapObjects: 354 HeapIdle 4423680 HeapReleased 0 HeapSys 4882432
gc 41 @1.374s 0%: 0.003+0.086+0.027 ms clock, 0.014+0/0.081/0.15+0.10 ms cpu, 0->0->0 MB, 4 MB goal, 4 P (forced)
gc 42 @1.374s 0%: 0.004+0.12+0.023 ms clock, 0.018+0/0.10/0.10+0.092 ms cpu, 0->0->0 MB, 4 MB goal, 4 P (forced)
HeapAlloc: 126920 HeapInuse: 458752 HeapObjects: 356 HeapIdle 4423680 HeapReleased 0 HeapSys 4882432
gc 43 @1.374s 0%: 0.003+0.087+0.018 ms clock, 0.014+0/0.064/0.11+0.075 ms cpu, 0->0->0 MB, 4 MB goal, 4 P (forced)
gc 44 @1.374s 0%: 0.005+0.092+0.016 ms clock, 0.023+0/0.062/0.11+0.066 ms cpu, 0->0->0 MB, 4 MB goal, 4 P (forced)
HeapAlloc: 126920 HeapInuse: 458752 HeapObjects: 356 HeapIdle 4423680 HeapReleased 0 HeapSys 4882432
gc 45 @1.375s 0%: 0.004+0.10+0.020 ms clock, 0.016+0/0.089/0.13+0.082 ms cpu, 0->0->0 MB, 4 MB goal, 4 P (forced)
gc 46 @1.375s 0%: 0.005+0.10+0.015 ms clock, 0.020+0/0.038/0.11+0.060 ms cpu, 0->0->0 MB, 4 MB goal, 4 P (forced)
HeapAlloc: 126920 HeapInuse: 458752 HeapObjects: 356 HeapIdle 4423680 HeapReleased 0 HeapSys 4882432
gc 47 @1.375s 0%: 0.004+0.096+0.024 ms clock, 0.016+0/0.037/0.11+0.099 ms cpu, 0->0->0 MB, 4 MB goal, 4 P (forced)
gc 48 @1.376s 0%: 0.005+0.10+0.015 ms clock, 0.020+0/0.036/0.10+0.061 ms cpu, 0->0->0 MB, 4 MB goal, 4 P (forced)
HeapAlloc: 126920 HeapInuse: 458752 HeapObjects: 356 HeapIdle 4423680 HeapReleased 0 HeapSys 4882432
gc 49 @1.376s 0%: 0.004+0.11+0.017 ms clock, 0.018+0/0.042/0.11+0.069 ms cpu, 0->0->0 MB, 4 MB goal, 4 P (forced)
gc 50 @1.377s 0%: 0.005+0.10+0.024 ms clock, 0.021+0/0.059/0.13+0.097 ms cpu, 0->0->0 MB, 4 MB goal, 4 P (forced)
HeapAlloc: 126920 HeapInuse: 458752 HeapObjects: 356 HeapIdle 4423680 HeapReleased 0 HeapSys 4882432
gc 51 @1.377s 0%: 0.009+0.097+0.017 ms clock, 0.037+0/0.073/0.12+0.068 ms cpu, 0->0->0 MB, 4 MB goal, 4 P (forced)
gc 52 @1.377s 0%: 0.015+0.12+0.016 ms clock, 0.062+0/0.11/0+0.064 ms cpu, 0->0->0 MB, 4 MB goal, 4 P (forced)
HeapAlloc: 127016 HeapInuse: 458752 HeapObjects: 357 HeapIdle 4423680 HeapReleased 0 HeapSys 4882432
gc 53 @1.378s 0%: 0.004+0.17+0.020 ms clock, 0.017+0/0.044/0.18+0.080 ms cpu, 0->0->0 MB, 4 MB goal, 4 P (forced)
gc 54 @1.378s 0%: 0.005+0.094+0.027 ms clock, 0.022+0/0.071/0.12+0.10 ms cpu, 0->0->0 MB, 4 MB goal, 4 P (forced)
HeapAlloc: 127016 HeapInuse: 458752 HeapObjects: 357 HeapIdle 4423680 HeapReleased 0 HeapSys 4882432
gc 55 @1.378s 0%: 0.004+0.11+0.015 ms clock, 0.018+0/0.086/0.12+0.060 ms cpu, 0->0->0 MB, 4 MB goal, 4 P (forced)
gc 56 @1.379s 0%: 0.005+0.11+0.016 ms clock, 0.020+0/0.044/0.12+0.065 ms cpu, 0->0->0 MB, 4 MB goal, 4 P (forced)
HeapAlloc: 127016 HeapInuse: 458752 HeapObjects: 357 HeapIdle 4423680 HeapReleased 0 HeapSys 4882432
gc 57 @1.379s 0%: 0.004+0.080+0.018 ms clock, 0.016+0/0.066/0.10+0.074 ms cpu, 0->0->0 MB, 4 MB goal, 4 P (forced)
gc 58 @1.379s 0%: 0.005+0.11+0.017 ms clock, 0.020+0/0.046/0.15+0.069 ms cpu, 0->0->0 MB, 4 MB goal, 4 P (forced)
HeapAlloc: 127112 HeapInuse: 458752 HeapObjects: 358 HeapIdle 4423680 HeapReleased 0 HeapSys 4882432
gc 59 @1.380s 0%: 0.004+0.11+0.020 ms clock, 0.018+0/0.072/0.12+0.081 ms cpu, 0->0->0 MB, 4 MB goal, 4 P (forced)
gc 60 @1.380s 0%: 0.005+0.11+0.017 ms clock, 0.021+0/0.037/0.12+0.070 ms cpu, 0->0->0 MB, 4 MB goal, 4 P (forced)
HeapAlloc: 127112 HeapInuse: 458752 HeapObjects: 358 HeapIdle 4423680 HeapReleased 0 HeapSys 4882432
gc 61 @1.380s 0%: 0.004+0.13+0.019 ms clock, 0.016+0/0.043/0.14+0.079 ms cpu, 0->0->0 MB, 4 MB goal, 4 P (forced)
     100	      2936 ns/op	     102 B/op	       1 allocs/op
gc 62 @1.381s 0%: 0.017+0.13+0.025 ms clock, 0.071+0/0.11/0.070+0.10 ms cpu, 0->0->0 MB, 4 MB goal, 4 P (forced)
BenchmarkSysHashMapInsert1E2-4          	gc 63 @1.381s 0%: 0.005+0.095+0.023 ms clock, 0.022+0/0.058/0.13+0.093 ms cpu, 0->0->0 MB, 4 MB goal, 4 P (forced)
gc 64 @1.382s 0%: 0.017+0.087+0.020 ms clock, 0.069+0/0.079/0.12+0.082 ms cpu, 0->0->0 MB, 4 MB goal, 4 P (forced)
gc 65 @1.382s 0%: 0.009+0.15+0.016 ms clock, 0.039+0/0.043/0.15+0.067 ms cpu, 0->0->0 MB, 4 MB goal, 4 P (forced)
gc 66 @1.383s 0%: 0.005+0.11+0.015 ms clock, 0.022+0/0.097/0.11+0.063 ms cpu, 0->0->0 MB, 4 MB goal, 4 P (forced)
gc 67 @1.383s 0%: 0.005+0.11+0.019 ms clock, 0.020+0/0.046/0.12+0.078 ms cpu, 0->0->0 MB, 4 MB goal, 4 P (forced)
gc 68 @1.383s 0%: 0.009+0.14+0.016 ms clock, 0.038+0/0.045/0.14+0.065 ms cpu, 0->0->0 MB, 4 MB goal, 4 P (forced)
gc 69 @1.383s 0%: 0.005+0.10+0.017 ms clock, 0.022+0/0.042/0.12+0.068 ms cpu, 0->0->0 MB, 4 MB goal, 4 P (forced)
gc 70 @1.384s 0%: 0.005+0.12+0.028 ms clock, 0.022+0/0.085/0.13+0.11 ms cpu, 0->0->0 MB, 4 MB goal, 4 P (forced)
gc 71 @1.384s 0%: 0.004+0.12+0.017 ms clock, 0.016+0/0.045/0.12+0.070 ms cpu, 0->0->0 MB, 4 MB goal, 4 P (forced)
     100	       260 ns/op	      36 B/op	       0 allocs/op
gc 72 @1.385s 0%: 0.011+0.091+0.024 ms clock, 0.045+0/0.067/0.12+0.098 ms cpu, 0->0->0 MB, 4 MB goal, 4 P (forced)
BenchmarkSysHashMapInsertWithBuf1E2-4   	gc 73 @1.385s 0%: 0.018+0.17+0.019 ms clock, 0.074+0/0.15/0+0.076 ms cpu, 0->0->0 MB, 4 MB goal, 4 P (forced)
gc 74 @1.385s 0%: 0.006+0.10+0.016 ms clock, 0.024+0/0.094/0.12+0.066 ms cpu, 0->0->0 MB, 4 MB goal, 4 P (forced)
gc 75 @1.386s 0%: 0.005+0.11+0.018 ms clock, 0.020+0/0.044/0.13+0.072 ms cpu, 0->0->0 MB, 4 MB goal, 4 P (forced)
gc 76 @1.386s 0%: 0.004+0.092+0.017 ms clock, 0.017+0/0.057/0.11+0.069 ms cpu, 0->0->0 MB, 4 MB goal, 4 P (forced)
gc 77 @1.386s 0%: 0.005+0.10+0.018 ms clock, 0.020+0/0.041/0.12+0.073 ms cpu, 0->0->0 MB, 4 MB goal, 4 P (forced)
gc 78 @1.386s 0%: 0.005+0.12+0.025 ms clock, 0.020+0/0.035/0.12+0.10 ms cpu, 0->0->0 MB, 4 MB goal, 4 P (forced)
gc 79 @1.387s 0%: 0.004+4.9+0.026 ms clock, 0.019+0/0.11/0+0.10 ms cpu, 0->0->0 MB, 4 MB goal, 4 P (forced)
gc 80 @1.392s 0%: 0.004+0.087+0.020 ms clock, 0.019+0/0.073/0.13+0.082 ms cpu, 0->0->0 MB, 4 MB goal, 4 P (forced)
     100	       189 ns/op	      16 B/op	       0 allocs/op
gc 81 @1.392s 0%: 0.020+0.098+0.019 ms clock, 0.083+0/0.078/0.13+0.078 ms cpu, 0->0->0 MB, 4 MB goal, 4 P (forced)
HeapAlloc: 127624 HeapInuse: 450560 HeapObjects: 464 HeapIdle 4431872 HeapReleased 0 HeapSys 4882432
gc 82 @1.393s 0%: 0.004+0.11+0.019 ms clock, 0.019+0/0.10/0.095+0.077 ms cpu, 0->0->0 MB, 4 MB goal, 4 P (forced)
BenchmarkSetInsert1E2-4                 	gc 83 @1.393s 0%: 0.006+0.091+0.019 ms clock, 0.025+0/0.071/0.12+0.079 ms cpu, 0->0->0 MB, 4 MB goal, 4 P (forced)
HeapAlloc: 127656 HeapInuse: 450560 HeapObjects: 465 HeapIdle 4431872 HeapReleased 0 HeapSys 4882432
gc 84 @1.393s 0%: 0.052+0.094+0.020 ms clock, 0.20+0/0.072/0.13+0.082 ms cpu, 0->0->0 MB, 4 MB goal, 4 P (forced)
gc 85 @1.394s 0%: 0.005+0.086+0.017 ms clock, 0.023+0/0.072/0.12+0.071 ms cpu, 0->0->0 MB, 4 MB goal, 4 P (forced)
HeapAlloc: 127640 HeapInuse: 450560 HeapObjects: 464 HeapIdle 4431872 HeapReleased 0 HeapSys 4882432
gc 86 @1.394s 0%: 0.004+0.11+0.018 ms clock, 0.018+0/0.097/0.091+0.074 ms cpu, 0->0->0 MB, 4 MB goal, 4 P (forced)
gc 87 @1.394s 0%: 0.005+0.095+0.016 ms clock, 0.021+0/0.065/0.12+0.067 ms cpu, 0->0->0 MB, 4 MB goal, 4 P (forced)
HeapAlloc: 127736 HeapInuse: 450560 HeapObjects: 465 HeapIdle 4431872 HeapReleased 0 HeapSys 4882432
gc 88 @1.395s 0%: 0.004+0.093+0.018 ms clock, 0.016+0/0.069/0.10+0.072 ms cpu, 0->0->0 MB, 4 MB goal, 4 P (forced)
gc 89 @1.395s 0%: 0.005+0.097+0.017 ms clock, 0.021+0/0.080/0.10+0.068 ms cpu, 0->0->0 MB, 4 MB goal, 4 P (forced)
HeapAlloc: 127832 HeapInuse: 450560 HeapObjects: 466 HeapIdle 4431872 HeapReleased 0 HeapSys 4882432
gc 90 @1.395s 0%: 0.004+0.097+0.018 ms clock, 0.016+0/0.070/0.12+0.072 ms cpu, 0->0->0 MB, 4 MB goal, 4 P (forced)
gc 91 @1.396s 0%: 0.005+0.094+0.015 ms clock, 0.021+0/0.068/0.11+0.063 ms cpu, 0->0->0 MB, 4 MB goal, 4 P (forced)
HeapAlloc: 127928 HeapInuse: 450560 HeapObjects: 467 HeapIdle 4431872 HeapReleased 0 HeapSys 4882432
gc 92 @1.396s 0%: 0.004+0.10+0.018 ms clock, 0.017+0/0.078/0.11+0.072 ms cpu, 0->0->0 MB, 4 MB goal, 4 P (forced)
gc 93 @1.396s 0%: 0.005+0.10+0.017 ms clock, 0.021+0/0.038/0.11+0.071 ms cpu, 0->0->0 MB, 4 MB goal, 4 P (forced)
HeapAlloc: 127928 HeapInuse: 450560 HeapObjects: 467 HeapIdle 4431872 HeapReleased 0 HeapSys 4882432
gc 94 @1.397s 0%: 0.004+0.11+0.018 ms clock, 0.017+0/0.078/0.16+0.074 ms cpu, 0->0->0 MB, 4 MB goal, 4 P (forced)
gc 95 @1.397s 0%: 0.006+0.11+0.018 ms clock, 0.024+0/0.040/0.12+0.074 ms cpu, 0->0->0 MB, 4 MB goal, 4 P (forced)
HeapAlloc: 127928 HeapInuse: 450560 HeapObjects: 467 HeapIdle 4431872 HeapReleased 0 HeapSys 4882432
gc 96 @1.397s 0%: 0.004+0.10+0.019 ms clock, 0.018+0/0.095/0.14+0.077 ms cpu, 0->0->0 MB, 4 MB goal, 4 P (forced)
gc 97 @1.397s 0%: 0.005+0.11+0.019 ms clock, 0.021+0/0.044/0.16+0.078 ms cpu, 0->0->0 MB, 4 MB goal, 4 P (forced)
HeapAlloc: 127928 HeapInuse: 450560 HeapObjects: 467 HeapIdle 4431872 HeapReleased 0 HeapSys 4882432
gc 98 @1.398s 0%: 0.004+0.092+0.022 ms clock, 0.018+0/0.081/0.13+0.089 ms cpu, 0->0->0 MB, 4 MB goal, 4 P (forced)
gc 99 @1.398s 0%: 0.005+0.10+0.027 ms clock, 0.022+0/0.10/0.14+0.11 ms cpu, 0->0->0 MB, 4 MB goal, 4 P (forced)
HeapAlloc: 128024 HeapInuse: 450560 HeapObjects: 468 HeapIdle 4431872 HeapReleased 0 HeapSys 4882432
gc 100 @1.399s 0%: 0.004+0.10+0.019 ms clock, 0.017+0/0.083/0.12+0.079 ms cpu, 0->0->0 MB, 4 MB goal, 4 P (forced)
gc 101 @1.399s 0%: 0.004+0.097+0.021 ms clock, 0.018+0/0.075/0.12+0.085 ms cpu, 0->0->0 MB, 4 MB goal, 4 P (forced)
HeapAlloc: 128216 HeapInuse: 450560 HeapObjects: 470 HeapIdle 4431872 HeapReleased 0 HeapSys 4882432
gc 102 @1.399s 0%: 0.005+0.10+0.020 ms clock, 0.023+0/0.070/0.13+0.081 ms cpu, 0->0->0 MB, 4 MB goal, 4 P (forced)
gc 103 @1.400s 0%: 0.005+0.12+0.017 ms clock, 0.022+0/0.044/0.12+0.070 ms cpu, 0->0->0 MB, 4 MB goal, 4 P (forced)
HeapAlloc: 128216 HeapInuse: 450560 HeapObjects: 470 HeapIdle 4431872 HeapReleased 0 HeapSys 4882432
gc 104 @1.400s 0%: 0.004+0.10+0.028 ms clock, 0.018+0/0.072/0.13+0.11 ms cpu, 0->0->0 MB, 4 MB goal, 4 P (forced)
gc 105 @1.400s 0%: 0.005+0.14+0.058 ms clock, 0.023+0/0.036/0.14+0.23 ms cpu, 0->0->0 MB, 4 MB goal, 4 P (forced)
HeapAlloc: 128216 HeapInuse: 450560 HeapObjects: 470 HeapIdle 4431872 HeapReleased 0 HeapSys 4882432
gc 106 @1.401s 0%: 0.004+0.12+0.020 ms clock, 0.019+0/0.089/0.12+0.080 ms cpu, 0->0->0 MB, 4 MB goal, 4 P (forced)
gc 107 @1.401s 0%: 0.004+0.10+0.023 ms clock, 0.018+0/0.079/0.12+0.095 ms cpu, 0->0->0 MB, 4 MB goal, 4 P (forced)
HeapAlloc: 128216 HeapInuse: 450560 HeapObjects: 470 HeapIdle 4431872 HeapReleased 0 HeapSys 4882432
gc 108 @1.401s 0%: 0.004+0.15+0.026 ms clock, 0.018+0/0.044/0.17+0.10 ms cpu, 0->0->0 MB, 4 MB goal, 4 P (forced)
     100	      3502 ns/op	     100 B/op	       2 allocs/op
gc 109 @1.402s 0%: 0.037+0.11+0.023 ms clock, 0.15+0/0.089/0.10+0.094 ms cpu, 0->0->0 MB, 4 MB goal, 4 P (forced)
HeapAlloc: 128456 HeapInuse: 458752 HeapObjects: 373 HeapIdle 4423680 HeapReleased 0 HeapSys 4882432
gc 110 @1.402s 0%: 0.008+0.11+0.024 ms clock, 0.032+0/0.10/0.14+0.099 ms cpu, 0->0->0 MB, 4 MB goal, 4 P (forced)
BenchmarkSetInsertWithBuf1E2-4          	gc 111 @1.403s 0%: 0.038+0.11+0.021 ms clock, 0.15+0/0.075/0.16+0.085 ms cpu, 0->0->0 MB, 4 MB goal, 4 P (forced)
HeapAlloc: 128488 HeapInuse: 458752 HeapObjects: 374 HeapIdle 4423680 HeapReleased 0 HeapSys 4882432
gc 112 @1.403s 0%: 0.005+0.13+0.30 ms clock, 0.022+0/0.057/0.19+1.2 ms cpu, 0->0->0 MB, 4 MB goal, 4 P (forced)
gc 113 @1.404s 0%: 0.007+0.37+0.024 ms clock, 0.030+0/0.14/0.20+0.096 ms cpu, 0->0->0 MB, 4 MB goal, 4 P (forced)
HeapAlloc: 130136 HeapInuse: 458752 HeapObjects: 376 HeapIdle 4390912 HeapReleased 0 HeapSys 4849664
gc 114 @1.405s 0%: 0.40+0.15+0.022 ms clock, 1.6+0/0.11/0.20+0.090 ms cpu, 0->0->0 MB, 4 MB goal, 4 P (forced)
gc 115 @1.406s 0%: 0.006+0.14+0.021 ms clock, 0.024+0/0.056/0.15+0.087 ms cpu, 0->0->0 MB, 4 MB goal, 4 P (forced)
HeapAlloc: 130136 HeapInuse: 458752 HeapObjects: 376 HeapIdle 4390912 HeapReleased 0 HeapSys 4849664
gc 116 @1.406s 0%: 0.004+0.12+0.023 ms clock, 0.019+0/0.095/0.091+0.094 ms cpu, 0->0->0 MB, 4 MB goal, 4 P (forced)
gc 117 @1.406s 0%: 0.007+0.11+0.027 ms clock, 0.030+0/0.088/0.13+0.10 ms cpu, 0->0->0 MB, 4 MB goal, 4 P (forced)
HeapAlloc: 130136 HeapInuse: 458752 HeapObjects: 376 HeapIdle 4390912 HeapReleased 0 HeapSys 4849664
gc 118 @1.407s 0%: 0.008+0.12+0.019 ms clock, 0.035+0/0.078/0.17+0.079 ms cpu, 0->0->0 MB, 4 MB goal, 4 P (forced)
gc 119 @1.407s 0%: 0.006+0.10+0.024 ms clock, 0.024+0/0.090/0.15+0.098 ms cpu, 0->0->0 MB, 4 MB goal, 4 P (forced)
HeapAlloc: 130136 HeapInuse: 458752 HeapObjects: 376 HeapIdle 4390912 HeapReleased 0 HeapSys 4849664
gc 120 @1.408s 0%: 0.004+0.18+0.021 ms clock, 0.019+0/0.048/0.17+0.087 ms cpu, 0->0->0 MB, 4 MB goal, 4 P (forced)
gc 121 @1.408s 0%: 0.005+0.15+0.020 ms clock, 0.021+0/0.049/0.15+0.081 ms cpu, 0->0->0 MB, 4 MB goal, 4 P (forced)
HeapAlloc: 130136 HeapInuse: 458752 HeapObjects: 376 HeapIdle 4390912 HeapReleased 0 HeapSys 4849664
gc 122 @1.408s 0%: 0.004+0.15+0.020 ms clock, 0.019+0/0.047/0.15+0.082 ms cpu, 0->0->0 MB, 4 MB goal, 4 P (forced)
gc 123 @1.409s 0%: 0.006+0.13+0.021 ms clock, 0.024+0/0.054/0.14+0.086 ms cpu, 0->0->0 MB, 4 MB goal, 4 P (forced)
HeapAlloc: 130232 HeapInuse: 458752 HeapObjects: 377 HeapIdle 4390912 HeapReleased 0 HeapSys 4849664
gc 124 @1.409s 0%: 0.005+0.12+0.023 ms clock, 0.021+0/0.097/0.13+0.094 ms cpu, 0->0->0 MB, 4 MB goal, 4 P (forced)
gc 125 @1.410s 0%: 0.007+0.13+0.026 ms clock, 0.028+0/0.10/0.17+0.10 ms cpu, 0->0->0 MB, 4 MB goal, 4 P (forced)
HeapAlloc: 130232 HeapInuse: 458752 HeapObjects: 377 HeapIdle 4390912 HeapReleased 0 HeapSys 4849664
gc 126 @1.410s 0%: 0.007+0.13+0.020 ms clock, 0.031+0/0.10/0.16+0.080 ms cpu, 0->0->0 MB, 4 MB goal, 4 P (forced)
gc 127 @1.410s 0%: 0.006+0.12+0.021 ms clock, 0.027+0/0.075/0.15+0.087 ms cpu, 0->0->0 MB, 4 MB goal, 4 P (forced)
HeapAlloc: 130424 HeapInuse: 458752 HeapObjects: 379 HeapIdle 4390912 HeapReleased 0 HeapSys 4849664
gc 128 @1.411s 0%: 0.005+0.14+0.035 ms clock, 0.022+0/0.11/0.11+0.14 ms cpu, 0->0->0 MB, 4 MB goal, 4 P (forced)
gc 129 @1.411s 0%: 0.006+0.11+0.021 ms clock, 0.025+0/0.076/0.16+0.084 ms cpu, 0->0->0 MB, 4 MB goal, 4 P (forced)
HeapAlloc: 130424 HeapInuse: 458752 HeapObjects: 379 HeapIdle 4390912 HeapReleased 0 HeapSys 4849664
gc 130 @1.412s 0%: 0.005+0.14+0.021 ms clock, 0.021+0/0.051/0.15+0.087 ms cpu, 0->0->0 MB, 4 MB goal, 4 P (forced)
gc 131 @1.412s 0%: 0.010+0.18+0.020 ms clock, 0.043+0/0.051/0.18+0.081 ms cpu, 0->0->0 MB, 4 MB goal, 4 P (forced)
HeapAlloc: 130616 HeapInuse: 458752 HeapObjects: 381 HeapIdle 4390912 HeapReleased 0 HeapSys 4849664
gc 132 @1.412s 0%: 0.005+0.14+0.022 ms clock, 0.020+0/0.058/0.14+0.089 ms cpu, 0->0->0 MB, 4 MB goal, 4 P (forced)
gc 133 @1.413s 0%: 0.006+0.12+0.023 ms clock, 0.025+0/0.083/0.15+0.094 ms cpu, 0->0->0 MB, 4 MB goal, 4 P (forced)
HeapAlloc: 130808 HeapInuse: 458752 HeapObjects: 383 HeapIdle 4390912 HeapReleased 0 HeapSys 4849664
gc 134 @1.413s 0%: 0.004+0.18+0.021 ms clock, 0.019+0/0.053/0.17+0.087 ms cpu, 0->0->0 MB, 4 MB goal, 4 P (forced)
gc 135 @1.414s 0%: 0.006+0.13+0.034 ms clock, 0.027+0/0.11/0.11+0.13 ms cpu, 0->0->0 MB, 4 MB goal, 4 P (forced)
HeapAlloc: 130904 HeapInuse: 458752 HeapObjects: 384 HeapIdle 4390912 HeapReleased 0 HeapSys 4849664
gc 136 @1.414s 0%: 0.007+0.12+0.027 ms clock, 0.031+0/0.074/0.17+0.10 ms cpu, 0->0->0 MB, 4 MB goal, 4 P (forced)
     100	      3895 ns/op	     103 B/op	       1 allocs/op
gc 137 @1.415s 0%: 0.007+0.10+0.026 ms clock, 0.031+0/0.097/0.15+0.10 ms cpu, 0->0->0 MB, 4 MB goal, 4 P (forced)
HeapAlloc: 209704 HeapInuse: 516096 HeapObjects: 1829 HeapIdle 4333568 HeapReleased 0 HeapSys 4849664
gc 138 @1.417s 0%: 0.007+0.10+0.027 ms clock, 0.031+0/0.097/0.15+0.10 ms cpu, 0->0->0 MB, 4 MB goal, 4 P (forced)
BenchmarkRBTreeInsert1E3-4              	gc 139 @1.417s 0%: 0.039+0.11+0.019 ms clock, 0.15+0/0.10/0.15+0.078 ms cpu, 0->0->0 MB, 4 MB goal, 4 P (forced)
HeapAlloc: 209736 HeapInuse: 516096 HeapObjects: 1830 HeapIdle 4333568 HeapReleased 0 HeapSys 4849664
gc 140 @1.418s 0%: 0.004+0.17+0.023 ms clock, 0.019+0/0.049/0.17+0.094 ms cpu, 0->0->0 MB, 4 MB goal, 4 P (forced)
gc 141 @1.419s 0%: 0.006+0.14+0.019 ms clock, 0.024+0/0.051/0.14+0.076 ms cpu, 0->0->0 MB, 4 MB goal, 4 P (forced)
HeapAlloc: 209720 HeapInuse: 516096 HeapObjects: 1829 HeapIdle 4333568 HeapReleased 0 HeapSys 4849664
gc 142 @1.420s 0%: 0.005+0.12+0.020 ms clock, 0.020+0/0.083/0.16+0.080 ms cpu, 0->0->0 MB, 4 MB goal, 4 P (forced)
gc 143 @1.421s 0%: 0.006+0.11+0.019 ms clock, 0.024+0/0.080/0.15+0.076 ms cpu, 0->0->0 MB, 4 MB goal, 4 P (forced)
HeapAlloc: 209720 HeapInuse: 516096 HeapObjects: 1829 HeapIdle 4333568 HeapReleased 0 HeapSys 4849664
gc 144 @1.422s 0%: 0.005+0.10+0.023 ms clock, 0.021+0/0.084/0.15+0.094 ms cpu, 0->0->0 MB, 4 MB goal, 4 P (forced)
gc 145 @1.422s 0%: 0.013+0.17+0.020 ms clock, 0.055+0/0.046/0.17+0.081 ms cpu, 0->0->0 MB, 4 MB goal, 4 P (forced)
HeapAlloc: 209720 HeapInuse: 516096 HeapObjects: 1829 HeapIdle 4333568 HeapReleased 0 HeapSys 4849664
gc 146 @1.424s 0%: 0.004+0.10+0.023 ms clock, 0.019+0/0.078/0.14+0.094 ms cpu, 0->0->0 MB, 4 MB goal, 4 P (forced)
gc 147 @1.424s 0%: 0.004+0.15+0.019 ms clock, 0.018+0/0.044/0.15+0.078 ms cpu, 0->0->0 MB, 4 MB goal, 4 P (forced)
HeapAlloc: 209720 HeapInuse: 516096 HeapObjects: 1829 HeapIdle 4333568 HeapReleased 0 HeapSys 4849664
gc 148 @1.426s 0%: 0.005+0.13+0.025 ms clock, 0.020+0/0.11/0.11+0.10 ms cpu, 0->0->0 MB, 4 MB goal, 4 P (forced)
gc 149 @1.426s 0%: 0.004+0.17+0.038 ms clock, 0.019+0/0.057/0.22+0.15 ms cpu, 0->0->0 MB, 4 MB goal, 4 P (forced)
HeapAlloc: 209816 HeapInuse: 516096 HeapObjects: 1830 HeapIdle 4333568 HeapReleased 0 HeapSys 4849664
gc 150 @1.428s 0%: 0.009+1.6+0.047 ms clock, 0.037+0/0.13/0.12+0.18 ms cpu, 0->0->0 MB, 4 MB goal, 4 P (forced)
gc 151 @1.430s 0%: 0.006+0.12+0.021 ms clock, 0.024+0/0.11/0.15+0.086 ms cpu, 0->0->0 MB, 4 MB goal, 4 P (forced)
HeapAlloc: 209816 HeapInuse: 516096 HeapObjects: 1830 HeapIdle 4333568 HeapReleased 0 HeapSys 4849664
gc 152 @1.432s 0%: 0.005+0.13+0.032 ms clock, 0.021+0/0.087/0.16+0.12 ms cpu, 0->0->0 MB, 4 MB goal, 4 P (forced)
gc 153 @1.432s 0%: 0.007+0.11+0.020 ms clock, 0.028+0/0.094/0.13+0.081 ms cpu, 0->0->0 MB, 4 MB goal, 4 P (forced)
HeapAlloc: 209816 HeapInuse: 516096 HeapObjects: 1830 HeapIdle 4333568 HeapReleased 0 HeapSys 4849664
gc 154 @1.433s 0%: 0.005+0.15+0.021 ms clock, 0.020+0/0.052/0.16+0.087 ms cpu, 0->0->0 MB, 4 MB goal, 4 P (forced)
gc 155 @1.434s 0%: 0.015+0.17+0.022 ms clock, 0.061+0/0.15/0.14+0.090 ms cpu, 0->0->0 MB, 4 MB goal, 4 P (forced)
HeapAlloc: 209816 HeapInuse: 516096 HeapObjects: 1830 HeapIdle 4333568 HeapReleased 0 HeapSys 4849664
gc 156 @1.435s 0%: 0.005+0.12+0.021 ms clock, 0.021+0/0.086/0.16+0.087 ms cpu, 0->0->0 MB, 4 MB goal, 4 P (forced)
gc 157 @1.435s 0%: 0.004+0.17+0.29 ms clock, 0.019+0/0.045/0.17+1.1 ms cpu, 0->0->0 MB, 4 MB goal, 4 P (forced)
HeapAlloc: 209816 HeapInuse: 516096 HeapObjects: 1830 HeapIdle 4333568 HeapReleased 0 HeapSys 4849664
gc 158 @1.437s 0%: 0.006+0.17+0.028 ms clock, 0.024+0/0.052/0.14+0.11 ms cpu, 0->0->0 MB, 4 MB goal, 4 P (forced)
gc 159 @1.438s 0%: 0.004+0.12+0.020 ms clock, 0.019+0/0.096/0.13+0.082 ms cpu, 0->0->0 MB, 4 MB goal, 4 P (forced)
HeapAlloc: 209816 HeapInuse: 516096 HeapObjects: 1830 HeapIdle 4333568 HeapReleased 0 HeapSys 4849664
gc 160 @1.439s 0%: 0.005+0.13+0.021 ms clock, 0.021+0/0.12/0.11+0.084 ms cpu, 0->0->0 MB, 4 MB goal, 4 P (forced)
gc 161 @1.439s 0%: 0.006+0.10+0.019 ms clock, 0.027+0/0.079/0.15+0.079 ms cpu, 0->0->0 MB, 4 MB goal, 4 P (forced)
HeapAlloc: 209816 HeapInuse: 516096 HeapObjects: 1830 HeapIdle 4333568 HeapReleased 0 HeapSys 4849664
gc 162 @1.441s 0%: 0.005+0.17+0.022 ms clock, 0.020+0/0.050/0.17+0.089 ms cpu, 0->0->0 MB, 4 MB goal, 4 P (forced)
    1000	      1369 ns/op	      89 B/op	       2 allocs/op
gc 163 @1.441s 0%: 0.027+0.10+0.021 ms clock, 0.11+0/0.079/0.15+0.086 ms cpu, 0->0->0 MB, 4 MB goal, 4 P (forced)
HeapAlloc: 203688 HeapInuse: 524288 HeapObjects: 834 HeapIdle 4325376 HeapReleased 0 HeapSys 4849664
gc 164 @1.442s 0%: 0.005+0.12+0.025 ms clock, 0.020+0/0.084/0.12+0.10 ms cpu, 0->0->0 MB, 4 MB goal, 4 P (forced)
BenchmarkRBTreeInsertWithBuf1E3-4       	gc 165 @1.443s 0%: 0.007+0.11+0.024 ms clock, 0.031+0/0.080/0.15+0.099 ms cpu, 0->0->0 MB, 4 MB goal, 4 P (forced)
HeapAlloc: 203736 HeapInuse: 524288 HeapObjects: 835 HeapIdle 4325376 HeapReleased 0 HeapSys 4849664
gc 166 @1.445s 0%: 0.007+0.099+0.019 ms clock, 0.030+0/0.089/0.15+0.076 ms cpu, 0->0->0 MB, 4 MB goal, 4 P (forced)
gc 167 @1.445s 0%: 0.006+0.12+0.019 ms clock, 0.025+0/0.042/0.16+0.076 ms cpu, 0->0->0 MB, 4 MB goal, 4 P (forced)
HeapAlloc: 203816 HeapInuse: 524288 HeapObjects: 835 HeapIdle 4325376 HeapReleased 0 HeapSys 4849664
gc 168 @1.446s 0%: 0.004+0.15+0.020 ms clock, 0.019+0/0.067/0.16+0.082 ms cpu, 0->0->0 MB, 4 MB goal, 4 P (forced)
gc 169 @1.447s 0%: 0.006+0.11+0.019 ms clock, 0.024+0/0.087/0.11+0.078 ms cpu, 0->0->0 MB, 4 MB goal, 4 P (forced)
HeapAlloc: 203816 HeapInuse: 524288 HeapObjects: 835 HeapIdle 4325376 HeapReleased 0 HeapSys 4849664
gc 170 @1.448s 0%: 0.004+0.11+0.021 ms clock, 0.018+0/0.051/0.17+0.086 ms cpu, 0->0->0 MB, 4 MB goal, 4 P (forced)
gc 171 @1.448s 0%: 0.005+0.14+0.022 ms clock, 0.023+0/0.046/0.16+0.090 ms cpu, 0->0->0 MB, 4 MB goal, 4 P (forced)
HeapAlloc: 203816 HeapInuse: 524288 HeapObjects: 835 HeapIdle 4325376 HeapReleased 0 HeapSys 4849664
gc 172 @1.449s 0%: 0.004+0.15+0.023 ms clock, 0.017+0/0.044/0.16+0.092 ms cpu, 0->0->0 MB, 4 MB goal, 4 P (forced)
gc 173 @1.450s 0%: 0.006+0.11+0.020 ms clock, 0.026+0/0.043/0.14+0.082 ms cpu, 0->0->0 MB, 4 MB goal, 4 P (forced)
HeapAlloc: 203816 HeapInuse: 524288 HeapObjects: 835 HeapIdle 4325376 HeapReleased 0 HeapSys 4849664
gc 174 @1.451s 0%: 0.005+0.10+0.023 ms clock, 0.021+0/0.091/0.13+0.093 ms cpu, 0->0->0 MB, 4 MB goal, 4 P (forced)
gc 175 @1.451s 0%: 0.009+0.10+0.020 ms clock, 0.036+0/0.081/0.081+0.083 ms cpu, 0->0->0 MB, 4 MB goal, 4 P (forced)
HeapAlloc: 203816 HeapInuse: 524288 HeapObjects: 835 HeapIdle 4325376 HeapReleased 0 HeapSys 4849664
gc 176 @1.453s 0%: 0.007+0.13+0.024 ms clock, 0.028+0/0.11/0.10+0.098 ms cpu, 0->0->0 MB, 4 MB goal, 4 P (forced)
gc 177 @1.453s 0%: 0.009+0.15+0.023 ms clock, 0.036+0/0.13/0.075+0.095 ms cpu, 0->0->0 MB, 4 MB goal, 4 P (forced)
HeapAlloc: 203816 HeapInuse: 524288 HeapObjects: 835 HeapIdle 4325376 HeapReleased 0 HeapSys 4849664
gc 178 @1.455s 0%: 0.004+0.11+0.020 ms clock, 0.019+0/0.082/0.12+0.080 ms cpu, 0->0->0 MB, 4 MB goal, 4 P (forced)
gc 179 @1.455s 0%: 0.004+0.16+0.020 ms clock, 0.019+0/0.043/0.16+0.080 ms cpu, 0->0->0 MB, 4 MB goal, 4 P (forced)
HeapAlloc: 203816 HeapInuse: 524288 HeapObjects: 835 HeapIdle 4325376 HeapReleased 0 HeapSys 4849664
gc 180 @1.456s 0%: 0.004+0.12+0.023 ms clock, 0.019+0/0.10/0.10+0.094 ms cpu, 0->0->0 MB, 4 MB goal, 4 P (forced)
gc 181 @1.456s 0%: 0.004+0.10+0.019 ms clock, 0.018+0/0.080/0.11+0.077 ms cpu, 0->0->0 MB, 4 MB goal, 4 P (forced)
HeapAlloc: 203816 HeapInuse: 524288 HeapObjects: 835 HeapIdle 4325376 HeapReleased 0 HeapSys 4849664
gc 182 @1.458s 0%: 0.004+0.17+0.021 ms clock, 0.019+0/0.15/0.075+0.084 ms cpu, 0->0->0 MB, 4 MB goal, 4 P (forced)
gc 183 @1.458s 0%: 0.005+0.10+0.023 ms clock, 0.020+0/0.084/0.10+0.094 ms cpu, 0->0->0 MB, 4 MB goal, 4 P (forced)
HeapAlloc: 203816 HeapInuse: 524288 HeapObjects: 835 HeapIdle 4325376 HeapReleased 0 HeapSys 4849664
gc 184 @1.459s 0%: 0.004+0.13+0.021 ms clock, 0.019+0/0.12/0.10+0.085 ms cpu, 0->0->0 MB, 4 MB goal, 4 P (forced)
gc 185 @1.460s 0%: 0.005+0.10+0.029 ms clock, 0.023+0/0.086/0.11+0.11 ms cpu, 0->0->0 MB, 4 MB goal, 4 P (forced)
HeapAlloc: 203912 HeapInuse: 524288 HeapObjects: 836 HeapIdle 4325376 HeapReleased 0 HeapSys 4849664
gc 186 @1.461s 0%: 0.004+0.10+0.023 ms clock, 0.018+0/0.090/0.13+0.095 ms cpu, 0->0->0 MB, 4 MB goal, 4 P (forced)
    1000	      1138 ns/op	      82 B/op	       1 allocs/op
gc 187 @1.461s 0%: 0.018+0.11+0.019 ms clock, 0.072+0/0.078/0.14+0.078 ms cpu, 0->0->0 MB, 4 MB goal, 4 P (forced)
BenchmarkSysHashMapInsert1E3-4          	gc 188 @1.462s 0%: 0.005+0.12+0.022 ms clock, 0.023+0/0.10/0.17+0.090 ms cpu, 0->0->0 MB, 4 MB goal, 4 P (forced)
gc 189 @1.462s 0%: 0.011+0.14+0.020 ms clock, 0.046+0/0.046/0.15+0.080 ms cpu, 0->0->0 MB, 4 MB goal, 4 P (forced)
gc 190 @1.463s 0%: 0.009+0.11+0.020 ms clock, 0.038+0/0.075/0.14+0.080 ms cpu, 0->0->0 MB, 4 MB goal, 4 P (forced)
gc 191 @1.463s 0%: 0.006+0.12+0.022 ms clock, 0.024+0/0.10/0.10+0.090 ms cpu, 0->0->0 MB, 4 MB goal, 4 P (forced)
gc 192 @1.464s 0%: 0.005+0.10+0.021 ms clock, 0.023+0/0.084/0.13+0.085 ms cpu, 0->0->0 MB, 4 MB goal, 4 P (forced)
gc 193 @1.465s 0%: 0.011+0.15+0.022 ms clock, 0.045+0/0.045/0.16+0.089 ms cpu, 0->0->0 MB, 4 MB goal, 4 P (forced)
gc 194 @1.465s 0%: 0.007+0.11+0.020 ms clock, 0.030+0/0.074/0.12+0.081 ms cpu, 0->0->0 MB, 4 MB goal, 4 P (forced)
gc 195 @1.466s 0%: 0.011+0.13+0.018 ms clock, 0.047+0/0.10/0.078+0.075 ms cpu, 0->0->0 MB, 4 MB goal, 4 P (forced)
gc 196 @1.466s 0%: 0.005+0.11+0.019 ms clock, 0.023+0/0.074/0.12+0.079 ms cpu, 0->0->0 MB, 4 MB goal, 4 P (forced)
    1000	       241 ns/op	      54 B/op	       0 allocs/op
gc 197 @1.467s 0%: 0.005+0.16+0.024 ms clock, 0.022+0/0.045/0.16+0.098 ms cpu, 0->0->0 MB, 4 MB goal, 4 P (forced)
BenchmarkSysHashMapInsertWithBuf1E3-4   	gc 198 @1.467s 0%: 0.041+0.10+0.020 ms clock, 0.16+0/0.086/0.14+0.080 ms cpu, 0->0->0 MB, 4 MB goal, 4 P (forced)
gc 199 @1.468s 0%: 0.011+0.16+0.021 ms clock, 0.046+0/0.045/0.14+0.085 ms cpu, 0->0->0 MB, 4 MB goal, 4 P (forced)
gc 200 @1.468s 0%: 0.012+0.12+0.020 ms clock, 0.048+0/0.10/0.10+0.080 ms cpu, 0->0->0 MB, 4 MB goal, 4 P (forced)
gc 201 @1.469s 0%: 0.010+0.098+0.019 ms clock, 0.042+0/0.074/0.079+0.079 ms cpu, 0->0->0 MB, 4 MB goal, 4 P (forced)
gc 202 @1.469s 0%: 0.005+0.12+0.018 ms clock, 0.020+0/0.10/0.10+0.075 ms cpu, 0->0->0 MB, 4 MB goal, 4 P (forced)
gc 203 @1.469s 0%: 0.005+0.11+0.34 ms clock, 0.020+0/0.090/0.083+1.3 ms cpu, 0->0->0 MB, 4 MB goal, 4 P (forced)
gc 204 @1.470s 0%: 0.005+0.10+0.019 ms clock, 0.021+0/0.071/0.12+0.079 ms cpu, 0->0->0 MB, 4 MB goal, 4 P (forced)
gc 205 @1.470s 0%: 0.005+0.11+0.020 ms clock, 0.021+0/0.10/0.098+0.083 ms cpu, 0->0->0 MB, 4 MB goal, 4 P (forced)
    1000	        96.1 ns/op	      24 B/op	       0 allocs/op
gc 206 @1.471s 0%: 0.007+0.10+0.019 ms clock, 0.031+0/0.073/0.12+0.077 ms cpu, 0->0->0 MB, 4 MB goal, 4 P (forced)
HeapAlloc: 210600 HeapInuse: 516096 HeapObjects: 1839 HeapIdle 4300800 HeapReleased 0 HeapSys 4816896
gc 207 @1.472s 0%: 0.004+0.16+0.021 ms clock, 0.018+0/0.042/0.14+0.086 ms cpu, 0->0->0 MB, 4 MB goal, 4 P (forced)
BenchmarkSetInsert1E3-4                 	gc 208 @1.473s 0%: 0.008+0.12+0.021 ms clock, 0.035+0/0.10/0.099+0.087 ms cpu, 0->0->0 MB, 4 MB goal, 4 P (forced)
HeapAlloc: 210632 HeapInuse: 516096 HeapObjects: 1840 HeapIdle 4300800 HeapReleased 0 HeapSys 4816896
gc 209 @1.474s 0%: 0.004+0.12+0.021 ms clock, 0.019+0/0.10/0.10+0.087 ms cpu, 0->0->0 MB, 4 MB goal, 4 P (forced)
gc 210 @1.474s 0%: 0.006+0.11+0.020 ms clock, 0.025+0/0.10/0.099+0.080 ms cpu, 0->0->0 MB, 4 MB goal, 4 P (forced)
HeapAlloc: 210616 HeapInuse: 516096 HeapObjects: 1839 HeapIdle 4300800 HeapReleased 0 HeapSys 4816896
gc 211 @1.476s 0%: 0.004+0.13+0.020 ms clock, 0.018+0/0.11/0.10+0.083 ms cpu, 0->0->0 MB, 4 MB goal, 4 P (forced)
gc 212 @1.476s 0%: 0.005+0.12+0.019 ms clock, 0.023+0/0.10/0.10+0.079 ms cpu, 0->0->0 MB, 4 MB goal, 4 P (forced)
HeapAlloc: 210616 HeapInuse: 516096 HeapObjects: 1839 HeapIdle 4300800 HeapReleased 0 HeapSys 4816896
gc 213 @1.478s 0%: 0.004+0.12+0.021 ms clock, 0.019+0/0.10/0.10+0.085 ms cpu, 0->0->0 MB, 4 MB goal, 4 P (forced)
gc 214 @1.478s 0%: 0.006+0.11+0.018 ms clock, 0.024+0/0.10/0.098+0.075 ms cpu, 0->0->0 MB, 4 MB goal, 4 P (forced)
HeapAlloc: 210616 HeapInuse: 516096 HeapObjects: 1839 HeapIdle 4300800 HeapReleased 0 HeapSys 4816896
gc 215 @1.480s 0%: 0.004+0.13+0.018 ms clock, 0.018+0/0.11/0.10+0.075 ms cpu, 0->0->0 MB, 4 MB goal, 4 P (forced)
gc 216 @1.480s 0%: 0.006+0.13+0.016 ms clock, 0.024+0/0.10/0.10+0.067 ms cpu, 0->0->0 MB, 4 MB goal, 4 P (forced)
HeapAlloc: 210712 HeapInuse: 516096 HeapObjects: 1840 HeapIdle 4300800 HeapReleased 0 HeapSys 4816896
gc 217 @1.481s 0%: 0.004+0.12+0.018 ms clock, 0.018+0/0.10/0.099+0.072 ms cpu, 0->0->0 MB, 4 MB goal, 4 P (forced)
gc 218 @1.482s 0%: 0.005+0.14+0.016 ms clock, 0.020+0/0.13/0.12+0.067 ms cpu, 0->0->0 MB, 4 MB goal, 4 P (forced)
HeapAlloc: 210808 HeapInuse: 516096 HeapObjects: 1841 HeapIdle 4300800 HeapReleased 0 HeapSys 4816896
gc 219 @1.483s 0%: 0.004+0.13+0.018 ms clock, 0.018+0/0.11/0.10+0.073 ms cpu, 0->0->0 MB, 4 MB goal, 4 P (forced)
gc 220 @1.484s 0%: 0.006+0.12+0.019 ms clock, 0.025+0/0.10/0.10+0.076 ms cpu, 0->0->0 MB, 4 MB goal, 4 P (forced)
HeapAlloc: 211000 HeapInuse: 516096 HeapObjects: 1843 HeapIdle 4300800 HeapReleased 0 HeapSys 4816896
gc 221 @1.486s 0%: 0.007+3.2+0.037 ms clock, 0.029+0/0.11/0.077+0.15 ms cpu, 0->0->0 MB, 4 MB goal, 4 P (forced)
gc 222 @1.490s 0%: 0.005+4.3+0.027 ms clock, 0.022+0/0.050/0.15+0.11 ms cpu, 0->0->0 MB, 4 MB goal, 4 P (forced)
HeapAlloc: 211192 HeapInuse: 516096 HeapObjects: 1845 HeapIdle 4300800 HeapReleased 0 HeapSys 4816896
gc 223 @1.495s 0%: 0.005+0.11+0.018 ms clock, 0.023+0/0.096/0.14+0.075 ms cpu, 0->0->0 MB, 4 MB goal, 4 P (forced)
gc 224 @1.496s 0%: 0.005+0.096+0.019 ms clock, 0.023+0/0.083/0.14+0.077 ms cpu, 0->0->0 MB, 4 MB goal, 4 P (forced)
HeapAlloc: 211288 HeapInuse: 516096 HeapObjects: 1846 HeapIdle 4300800 HeapReleased 0 HeapSys 4816896
gc 225 @1.497s 0%: 0.004+0.12+0.018 ms clock, 0.018+0/0.045/0.14+0.073 ms cpu, 0->0->0 MB, 4 MB goal, 4 P (forced)
gc 226 @1.497s 0%: 0.012+0.10+0.018 ms clock, 0.050+0/0.099/0.15+0.072 ms cpu, 0->0->0 MB, 4 MB goal, 4 P (forced)
HeapAlloc: 211384 HeapInuse: 516096 HeapObjects: 1847 HeapIdle 4300800 HeapReleased 0 HeapSys 4816896
gc 227 @1.499s 0%: 0.004+0.13+0.018 ms clock, 0.018+0/0.11/0.098+0.073 ms cpu, 0->0->0 MB, 4 MB goal, 4 P (forced)
gc 228 @1.499s 0%: 0.011+0.10+0.021 ms clock, 0.047+0/0.091/0.15+0.084 ms cpu, 0->0->0 MB, 4 MB goal, 4 P (forced)
HeapAlloc: 211384 HeapInuse: 516096 HeapObjects: 1847 HeapIdle 4300800 HeapReleased 0 HeapSys 4816896
gc 229 @1.501s 0%: 0.007+0.096+0.022 ms clock, 0.028+0/0.071/0.15+0.090 ms cpu, 0->0->0 MB, 4 MB goal, 4 P (forced)
gc 230 @1.502s 0%: 0.005+0.12+0.017 ms clock, 0.022+0/0.044/0.14+0.070 ms cpu, 0->0->0 MB, 4 MB goal, 4 P (forced)
HeapAlloc: 211384 HeapInuse: 516096 HeapObjects: 1847 HeapIdle 4300800 HeapReleased 0 HeapSys 4816896
gc 231 @1.503s 0%: 0.004+0.14+0.024 ms clock, 0.019+0/0.12/0.11+0.097 ms cpu, 0->0->0 MB, 4 MB goal, 4 P (forced)
    1000	      1471 ns/op	      89 B/op	       2 allocs/op
gc 232 @1.504s 0%: 0.015+0.19+0.019 ms clock, 0.063+0/0.17/0+0.078 ms cpu, 0->0->0 MB, 4 MB goal, 4 P (forced)
HeapAlloc: 213352 HeapInuse: 532480 HeapObjects: 850 HeapIdle 4284416 HeapReleased 0 HeapSys 4816896
gc 233 @1.505s 0%: 0.004+0.12+0.016 ms clock, 0.018+0/0.093/0.13+0.066 ms cpu, 0->0->0 MB, 4 MB goal, 4 P (forced)
BenchmarkSetInsertWithBuf1E3-4          	gc 234 @1.505s 0%: 0.046+0.12+0.019 ms clock, 0.18+0/0.039/0.13+0.076 ms cpu, 0->0->0 MB, 4 MB goal, 4 P (forced)
HeapAlloc: 213384 HeapInuse: 532480 HeapObjects: 851 HeapIdle 4284416 HeapReleased 0 HeapSys 4816896
gc 235 @1.507s 0%: 0.004+0.14+0.018 ms clock, 0.019+0/0.062/0.16+0.072 ms cpu, 0->0->0 MB, 4 MB goal, 4 P (forced)
gc 236 @1.507s 0%: 0.004+0.14+0.28 ms clock, 0.018+0/0.067/0.14+1.1 ms cpu, 0->0->0 MB, 4 MB goal, 4 P (forced)
HeapAlloc: 213368 HeapInuse: 532480 HeapObjects: 850 HeapIdle 4284416 HeapReleased 0 HeapSys 4816896
gc 237 @1.509s 0%: 0.006+0.12+0.019 ms clock, 0.025+0/0.10/0.15+0.077 ms cpu, 0->0->0 MB, 4 MB goal, 4 P (forced)
gc 238 @1.510s 0%: 0.005+0.11+0.023 ms clock, 0.023+0/0.076/0.16+0.094 ms cpu, 0->0->0 MB, 4 MB goal, 4 P (forced)
HeapAlloc: 213368 HeapInuse: 532480 HeapObjects: 850 HeapIdle 4284416 HeapReleased 0 HeapSys 4816896
gc 239 @1.512s 0%: 0.007+0.098+0.021 ms clock, 0.028+0/0.087/0.14+0.086 ms cpu, 0->0->0 MB, 4 MB goal, 4 P (forced)
gc 240 @1.512s 0%: 0.005+0.097+0.019 ms clock, 0.022+0/0.070/0.14+0.079 ms cpu, 0->0->0 MB, 4 MB goal, 4 P (forced)
HeapAlloc: 213560 HeapInuse: 532480 HeapObjects: 852 HeapIdle 4284416 HeapReleased 0 HeapSys 4816896
gc 241 @1.514s 0%: 0.004+0.12+0.020 ms clock, 0.017+0/0.088/0.14+0.080 ms cpu, 0->0->0 MB, 4 MB goal, 4 P (forced)
gc 242 @1.514s 0%: 0.006+0.10+0.018 ms clock, 0.024+0/0.070/0.14+0.072 ms cpu, 0->0->0 MB, 4 MB goal, 4 P (forced)
HeapAlloc: 213560 HeapInuse: 532480 HeapObjects: 852 HeapIdle 4284416 HeapReleased 0 HeapSys 4816896
gc 243 @1.515s 0%: 0.004+0.33+0.024 ms clock, 0.018+0/0.33/0.24+0.099 ms cpu, 0->0->0 MB, 4 MB goal, 4 P (forced)
gc 244 @1.516s 0%: 0.075+0.18+0.017 ms clock, 0.30+0/0.15/0+0.070 ms cpu, 0->0->0 MB, 4 MB goal, 4 P (forced)
HeapAlloc: 213560 HeapInuse: 532480 HeapObjects: 852 HeapIdle 4284416 HeapReleased 0 HeapSys 4816896
gc 245 @1.518s 0%: 0.005+0.17+0.022 ms clock, 0.022+0/0.11/0.11+0.091 ms cpu, 0->0->0 MB, 4 MB goal, 4 P (forced)
gc 246 @1.518s 0%: 0.010+0.10+0.017 ms clock, 0.040+0/0.087/0.14+0.070 ms cpu, 0->0->0 MB, 4 MB goal, 4 P (forced)
HeapAlloc: 213752 HeapInuse: 532480 HeapObjects: 854 HeapIdle 4284416 HeapReleased 0 HeapSys 4816896
gc 247 @1.519s 0%: 0.004+0.11+0.018 ms clock, 0.017+0/0.076/0.15+0.074 ms cpu, 0->0->0 MB, 4 MB goal, 4 P (forced)
gc 248 @1.520s 0%: 0.005+0.092+0.020 ms clock, 0.022+0/0.074/0.14+0.082 ms cpu, 0->0->0 MB, 4 MB goal, 4 P (forced)
HeapAlloc: 213944 HeapInuse: 532480 HeapObjects: 856 HeapIdle 4284416 HeapReleased 0 HeapSys 4816896
gc 249 @1.522s 0%: 0.006+0.10+0.019 ms clock, 0.026+0/0.083/0.12+0.078 ms cpu, 0->0->0 MB, 4 MB goal, 4 P (forced)
gc 250 @1.522s 0%: 0.006+0.11+0.017 ms clock, 0.024+0/0.096/0.12+0.071 ms cpu, 0->0->0 MB, 4 MB goal, 4 P (forced)
HeapAlloc: 213944 HeapInuse: 532480 HeapObjects: 856 HeapIdle 4284416 HeapReleased 0 HeapSys 4816896
gc 251 @1.524s 0%: 0.007+0.56+0.12 ms clock, 0.028+0/0.11/0.10+0.50 ms cpu, 0->0->0 MB, 4 MB goal, 4 P (forced)
gc 252 @1.525s 0%: 0.065+0.11+0.019 ms clock, 0.26+0/0.093/0.13+0.076 ms cpu, 0->0->0 MB, 4 MB goal, 4 P (forced)
HeapAlloc: 214040 HeapInuse: 532480 HeapObjects: 857 HeapIdle 4284416 HeapReleased 0 HeapSys 4816896
gc 253 @1.526s 0%: 0.005+0.10+0.020 ms clock, 0.021+0/0.080/0.16+0.082 ms cpu, 0->0->0 MB, 4 MB goal, 4 P (forced)
gc 254 @1.527s 0%: 0.009+0.10+0.021 ms clock, 0.036+0/0.089/0.13+0.086 ms cpu, 0->0->0 MB, 4 MB goal, 4 P (forced)
HeapAlloc: 214040 HeapInuse: 532480 HeapObjects: 857 HeapIdle 4284416 HeapReleased 0 HeapSys 4816896
gc 255 @1.529s 0%: 0.007+0.10+0.018 ms clock, 0.031+0/0.085/0.12+0.075 ms cpu, 0->0->0 MB, 4 MB goal, 4 P (forced)
gc 256 @1.529s 0%: 0.005+0.12+0.017 ms clock, 0.022+0/0.10/0.096+0.069 ms cpu, 0->0->0 MB, 4 MB goal, 4 P (forced)
HeapAlloc: 214040 HeapInuse: 532480 HeapObjects: 857 HeapIdle 4284416 HeapReleased 0 HeapSys 4816896
gc 257 @1.531s 0%: 0.005+0.12+0.021 ms clock, 0.020+0/0.10/0.12+0.084 ms cpu, 0->0->0 MB, 4 MB goal, 4 P (forced)
    1000	      1405 ns/op	      91 B/op	       1 allocs/op
gc 258 @1.531s 0%: 0.011+0.15+0.024 ms clock, 0.045+0/0.044/0.17+0.098 ms cpu, 0->0->0 MB, 4 MB goal, 4 P (forced)
HeapAlloc: 1003912 HeapInuse: 1302528 HeapObjects: 15352 HeapIdle 3514368 HeapReleased 0 HeapSys 4816896
gc 259 @1.549s 0%: 0.007+0.17+0.047 ms clock, 0.030+0/0.006/0.33+0.19 ms cpu, 1->1->0 MB, 4 MB goal, 4 P (forced)
BenchmarkRBTreeInsert1E4-4              	gc 260 @1.549s 0%: 0.027+0.13+0.027 ms clock, 0.10+0/0.12/0.10+0.10 ms cpu, 0->0->0 MB, 4 MB goal, 4 P (forced)
HeapAlloc: 1003944 HeapInuse: 1302528 HeapObjects: 15353 HeapIdle 3514368 HeapReleased 0 HeapSys 4816896
gc 261 @1.563s 0%: 0.008+0.16+0.027 ms clock, 0.034+0/0.13/0.13+0.10 ms cpu, 1->1->0 MB, 4 MB goal, 4 P (forced)
gc 262 @1.563s 0%: 0.007+0.14+0.030 ms clock, 0.029+0/0.12/0.12+0.12 ms cpu, 0->0->0 MB, 4 MB goal, 4 P (forced)
HeapAlloc: 1003928 HeapInuse: 1302528 HeapObjects: 15352 HeapIdle 3514368 HeapReleased 0 HeapSys 4816896
gc 263 @1.577s 0%: 0.009+0.17+0.049 ms clock, 0.039+0/0.14/0.10+0.19 ms cpu, 1->1->0 MB, 4 MB goal, 4 P (forced)
gc 264 @1.578s 0%: 0.009+0.18+0.035 ms clock, 0.036+0/0.16/0.24+0.14 ms cpu, 0->0->0 MB, 4 MB goal, 4 P (forced)
HeapAlloc: 1003928 HeapInuse: 1302528 HeapObjects: 15352 HeapIdle 3514368 HeapReleased 0 HeapSys 4816896
gc 265 @1.593s 0%: 0.008+0.17+0.039 ms clock, 0.032+0/0.12/0.20+0.15 ms cpu, 1->1->0 MB, 4 MB goal, 4 P (forced)
gc 266 @1.593s 0%: 0.006+0.13+0.045 ms clock, 0.025+0/0.10/0.18+0.18 ms cpu, 0->0->0 MB, 4 MB goal, 4 P (forced)
HeapAlloc: 1003928 HeapInuse: 1302528 HeapObjects: 15352 HeapIdle 3514368 HeapReleased 0 HeapSys 4816896
gc 267 @1.612s 0%: 0.009+0.17+0.044 ms clock, 0.037+0/0.14/0.14+0.17 ms cpu, 1->1->0 MB, 4 MB goal, 4 P (forced)
gc 268 @1.613s 0%: 0.007+0.15+0.034 ms clock, 0.029+0/0.12/0.12+0.13 ms cpu, 0->0->0 MB, 4 MB goal, 4 P (forced)
HeapAlloc: 1003928 HeapInuse: 1302528 HeapObjects: 15352 HeapIdle 3514368 HeapReleased 0 HeapSys 4816896
gc 269 @1.627s 0%: 0.009+0.20+0.035 ms clock, 0.037+0/0.14/0.13+0.14 ms cpu, 1->1->0 MB, 4 MB goal, 4 P (forced)
gc 270 @1.627s 0%: 0.010+0.50+0.17 ms clock, 0.040+0/0.10/0.47+0.70 ms cpu, 0->0->0 MB, 4 MB goal, 4 P (forced)
HeapAlloc: 1003928 HeapInuse: 1302528 HeapObjects: 15352 HeapIdle 3514368 HeapReleased 0 HeapSys 4816896
gc 271 @1.642s 0%: 0.14+0.16+0.037 ms clock, 0.57+0/0.15/0.26+0.14 ms cpu, 1->1->0 MB, 4 MB goal, 4 P (forced)
gc 272 @1.643s 0%: 0.005+0.16+0.025 ms clock, 0.023+0/0.15/0.19+0.10 ms cpu, 0->0->0 MB, 4 MB goal, 4 P (forced)
HeapAlloc: 1003928 HeapInuse: 1302528 HeapObjects: 15352 HeapIdle 3514368 HeapReleased 0 HeapSys 4816896
gc 273 @1.656s 1%: 1.8+0.093+0.043 ms clock, 7.4+0/0.068/1.9+0.17 ms cpu, 1->1->0 MB, 4 MB goal, 4 P (forced)
gc 274 @1.658s 1%: 0.005+0.15+0.021 ms clock, 0.022+0/0.13/0.12+0.087 ms cpu, 0->0->0 MB, 4 MB goal, 4 P (forced)
HeapAlloc: 1003928 HeapInuse: 1302528 HeapObjects: 15352 HeapIdle 3514368 HeapReleased 0 HeapSys 4816896
gc 275 @1.672s 1%: 0.007+0.18+0.035 ms clock, 0.031+0/0.14/0.12+0.14 ms cpu, 1->1->0 MB, 4 MB goal, 4 P (forced)
gc 276 @1.672s 1%: 0.006+0.14+0.024 ms clock, 0.025+0/0.12/0.12+0.096 ms cpu, 0->0->0 MB, 4 MB goal, 4 P (forced)
HeapAlloc: 1004024 HeapInuse: 1302528 HeapObjects: 15353 HeapIdle 3514368 HeapReleased 0 HeapSys 4816896
gc 277 @1.686s 1%: 0.008+0.18+0.057 ms clock, 0.032+0/0.11/0.28+0.23 ms cpu, 1->1->0 MB, 4 MB goal, 4 P (forced)
gc 278 @1.686s 1%: 0.005+0.16+0.042 ms clock, 0.023+0/0.094/0.24+0.17 ms cpu, 0->0->0 MB, 4 MB goal, 4 P (forced)
HeapAlloc: 1004120 HeapInuse: 1302528 HeapObjects: 15354 HeapIdle 3514368 HeapReleased 0 HeapSys 4816896
gc 279 @1.700s 1%: 0.009+0.18+0.044 ms clock, 0.036+0/0.14/0.13+0.17 ms cpu, 1->1->0 MB, 4 MB goal, 4 P (forced)
gc 280 @1.700s 1%: 0.006+0.14+0.023 ms clock, 0.027+0/0.14/0.21+0.092 ms cpu, 0->0->0 MB, 4 MB goal, 4 P (forced)
HeapAlloc: 1004312 HeapInuse: 1302528 HeapObjects: 15356 HeapIdle 3514368 HeapReleased 0 HeapSys 4816896
gc 281 @1.713s 1%: 0.008+0.18+0.033 ms clock, 0.035+0/0.14/0.12+0.13 ms cpu, 1->1->0 MB, 4 MB goal, 4 P (forced)
gc 282 @1.714s 1%: 0.006+0.16+0.026 ms clock, 0.024+0/0.13/0.12+0.10 ms cpu, 0->0->0 MB, 4 MB goal, 4 P (forced)
HeapAlloc: 1004312 HeapInuse: 1302528 HeapObjects: 15356 HeapIdle 3514368 HeapReleased 0 HeapSys 4816896
gc 283 @1.727s 1%: 0.008+0.19+0.035 ms clock, 0.034+0/0.18/0.25+0.14 ms cpu, 1->1->0 MB, 4 MB goal, 4 P (forced)
   10000	      1343 ns/op	      88 B/op	       2 allocs/op
gc 284 @1.728s 1%: 0.024+0.15+0.025 ms clock, 0.096+0/0.14/0.21+0.10 ms cpu, 0->0->0 MB, 4 MB goal, 4 P (forced)
HeapAlloc: 925256 HeapInuse: 1228800 HeapObjects: 5359 HeapIdle 3588096 HeapReleased 0 HeapSys 4816896
gc 285 @1.742s 1%: 0.008+0.18+0.057 ms clock, 0.034+0/0.17/0.25+0.22 ms cpu, 0->0->0 MB, 4 MB goal, 4 P (forced)
BenchmarkRBTreeInsertWithBuf1E4-4       	gc 286 @1.742s 1%: 0.038+0.15+0.023 ms clock, 0.15+0/0.12/0.11+0.093 ms cpu, 0->0->0 MB, 4 MB goal, 4 P (forced)
HeapAlloc: 925304 HeapInuse: 1228800 HeapObjects: 5360 HeapIdle 3588096 HeapReleased 0 HeapSys 4816896
gc 287 @1.755s 1%: 0.008+0.18+0.037 ms clock, 0.035+0/0.14/0.13+0.14 ms cpu, 0->0->0 MB, 4 MB goal, 4 P (forced)
gc 288 @1.756s 1%: 0.005+0.14+0.030 ms clock, 0.022+0/0.12/0.12+0.12 ms cpu, 0->0->0 MB, 4 MB goal, 4 P (forced)
HeapAlloc: 925288 HeapInuse: 1228800 HeapObjects: 5359 HeapIdle 3588096 HeapReleased 0 HeapSys 4816896
gc 289 @1.770s 1%: 0.017+0.41+0.094 ms clock, 0.069+0/0.39/0.54+0.37 ms cpu, 0->0->0 MB, 4 MB goal, 4 P (forced)
gc 290 @1.771s 1%: 0.011+0.25+0.047 ms clock, 0.047+0/0.24/0.40+0.19 ms cpu, 0->0->0 MB, 4 MB goal, 4 P (forced)
HeapAlloc: 925384 HeapInuse: 1228800 HeapObjects: 5360 HeapIdle 3588096 HeapReleased 0 HeapSys 4816896
gc 291 @1.786s 1%: 0.008+0.19+0.027 ms clock, 0.034+0/0.15/0.13+0.11 ms cpu, 0->0->0 MB, 4 MB goal, 4 P (forced)
gc 292 @1.787s 1%: 0.007+0.15+0.032 ms clock, 0.030+0/0.12/0.13+0.13 ms cpu, 0->0->0 MB, 4 MB goal, 4 P (forced)
HeapAlloc: 925480 HeapInuse: 1228800 HeapObjects: 5361 HeapIdle 3588096 HeapReleased 0 HeapSys 4816896
gc 293 @1.801s 1%: 0.008+0.19+0.044 ms clock, 0.034+0/0.15/0.13+0.17 ms cpu, 0->0->0 MB, 4 MB goal, 4 P (forced)
gc 294 @1.801s 1%: 0.006+0.16+0.020 ms clock, 0.027+0/0.13/0.12+0.082 ms cpu, 0->0->0 MB, 4 MB goal, 4 P (forced)
HeapAlloc: 925480 HeapInuse: 1228800 HeapObjects: 5361 HeapIdle 3588096 HeapReleased 0 HeapSys 4816896
gc 295 @1.815s 1%: 0.007+0.17+0.036 ms clock, 0.029+0/0.14/0.13+0.14 ms cpu, 0->0->0 MB, 4 MB goal, 4 P (forced)
gc 296 @1.815s 1%: 0.006+0.15+0.019 ms clock, 0.027+0/0.12/0.11+0.076 ms cpu, 0->0->0 MB, 4 MB goal, 4 P (forced)
HeapAlloc: 925480 HeapInuse: 1228800 HeapObjects: 5361 HeapIdle 3588096 HeapReleased 0 HeapSys 4816896
gc 297 @1.828s 1%: 0.007+0.20+0.033 ms clock, 0.028+0/0.19/0.11+0.13 ms cpu, 0->0->0 MB, 4 MB goal, 4 P (forced)
gc 298 @1.828s 1%: 0.007+0.14+0.028 ms clock, 0.028+0/0.12/0.12+0.11 ms cpu, 0->0->0 MB, 4 MB goal, 4 P (forced)
HeapAlloc: 925576 HeapInuse: 1228800 HeapObjects: 5362 HeapIdle 3588096 HeapReleased 0 HeapSys 4816896
gc 299 @1.842s 1%: 0.007+0.16+0.035 ms clock, 0.029+0/0.14/0.13+0.14 ms cpu, 0->0->0 MB, 4 MB goal, 4 P (forced)
gc 300 @1.842s 1%: 0.007+0.14+0.024 ms clock, 0.028+0/0.12/0.11+0.099 ms cpu, 0->0->0 MB, 4 MB goal, 4 P (forced)
HeapAlloc: 925768 HeapInuse: 1228800 HeapObjects: 5364 HeapIdle 3588096 HeapReleased 0 HeapSys 4816896
gc 301 @1.855s 1%: 0.006+0.16+0.033 ms clock, 0.025+0/0.13/0.13+0.13 ms cpu, 0->0->0 MB, 4 MB goal, 4 P (forced)
gc 302 @1.855s 1%: 0.006+0.15+0.022 ms clock, 0.024+0/0.12/0.11+0.089 ms cpu, 0->0->0 MB, 4 MB goal, 4 P (forced)
HeapAlloc: 925768 HeapInuse: 1228800 HeapObjects: 5364 HeapIdle 3588096 HeapReleased 0 HeapSys 4816896
gc 303 @1.867s 1%: 0.006+0.12+0.035 ms clock, 0.025+0/0.11/0.14+0.14 ms cpu, 0->0->0 MB, 4 MB goal, 4 P (forced)
gc 304 @1.868s 1%: 0.005+0.12+0.023 ms clock, 0.022+0/0.11/0.12+0.092 ms cpu, 0->0->0 MB, 4 MB goal, 4 P (forced)
HeapAlloc: 925768 HeapInuse: 1228800 HeapObjects: 5364 HeapIdle 3588096 HeapReleased 0 HeapSys 4816896
gc 305 @1.880s 1%: 0.006+0.13+0.048 ms clock, 0.026+0/0.11/0.16+0.19 ms cpu, 0->0->0 MB, 4 MB goal, 4 P (forced)
gc 306 @1.880s 1%: 0.007+0.13+0.032 ms clock, 0.029+0/0.047/0.16+0.12 ms cpu, 0->0->0 MB, 4 MB goal, 4 P (forced)
HeapAlloc: 925768 HeapInuse: 1228800 HeapObjects: 5364 HeapIdle 3588096 HeapReleased 0 HeapSys 4816896
gc 307 @1.892s 1%: 0.005+0.11+0.034 ms clock, 0.022+0/0.089/0.16+0.13 ms cpu, 0->0->0 MB, 4 MB goal, 4 P (forced)
gc 308 @1.892s 1%: 0.004+0.10+0.030 ms clock, 0.017+0/0.10/0.21+0.12 ms cpu, 0->0->0 MB, 4 MB goal, 4 P (forced)
HeapAlloc: 925768 HeapInuse: 1228800 HeapObjects: 5364 HeapIdle 3588096 HeapReleased 0 HeapSys 4816896
gc 309 @1.906s 1%: 0.009+0.13+0.029 ms clock, 0.036+0/0.10/0.19+0.11 ms cpu, 0->0->0 MB, 4 MB goal, 4 P (forced)
   10000	      1352 ns/op	      80 B/op	       1 allocs/op
gc 310 @1.906s 1%: 0.025+0.12+0.025 ms clock, 0.10+0/0.058/0.18+0.10 ms cpu, 0->0->0 MB, 4 MB goal, 4 P (forced)
BenchmarkSysHashMapInsert1E4-4          	gc 311 @1.909s 1%: 0.007+0.13+0.023 ms clock, 0.028+0/0.10/0.11+0.094 ms cpu, 0->0->0 MB, 4 MB goal, 4 P (forced)
gc 312 @1.911s 1%: 0.015+0.11+0.019 ms clock, 0.061+0/0.082/0.15+0.077 ms cpu, 0->0->0 MB, 4 MB goal, 4 P (forced)
gc 313 @1.914s 1%: 0.025+0.16+0.025 ms clock, 0.10+0/0.12/0.28+0.10 ms cpu, 0->0->0 MB, 4 MB goal, 4 P (forced)
gc 314 @1.916s 1%: 0.005+0.15+0.037 ms clock, 0.020+0/0.054/0.17+0.15 ms cpu, 0->0->0 MB, 4 MB goal, 4 P (forced)
gc 315 @1.918s 1%: 0.014+0.18+0.019 ms clock, 0.058+0/0.049/0.17+0.078 ms cpu, 0->0->0 MB, 4 MB goal, 4 P (forced)
gc 316 @1.920s 1%: 0.019+0.12+0.026 ms clock, 0.076+0/0.10/0.16+0.10 ms cpu, 0->0->0 MB, 4 MB goal, 4 P (forced)
gc 317 @1.923s 1%: 0.007+0.12+0.023 ms clock, 0.029+0/0.059/0.13+0.094 ms cpu, 0->0->0 MB, 4 MB goal, 4 P (forced)
gc 318 @1.926s 1%: 0.006+0.10+0.019 ms clock, 0.026+0/0.084/0.13+0.078 ms cpu, 0->0->0 MB, 4 MB goal, 4 P (forced)
   10000	       184 ns/op	      43 B/op	       0 allocs/op
gc 319 @1.928s 1%: 0.15+0.12+0.038 ms clock, 0.60+0/0.10/0.15+0.15 ms cpu, 0->0->0 MB, 4 MB goal, 4 P (forced)
BenchmarkSysHashMapInsertWithBuf1E4-4   	gc 320 @1.929s 1%: 0.054+0.13+0.023 ms clock, 0.21+0/0.11/0.10+0.094 ms cpu, 0->0->0 MB, 4 MB goal, 4 P (forced)
gc 321 @1.931s 1%: 0.011+0.14+0.023 ms clock, 0.047+0/0.13/0.073+0.095 ms cpu, 0->0->0 MB, 4 MB goal, 4 P (forced)
gc 322 @1.932s 1%: 0.005+0.094+0.019 ms clock, 0.023+0/0.069/0.14+0.076 ms cpu, 0->0->0 MB, 4 MB goal, 4 P (forced)
gc 323 @1.933s 1%: 0.011+0.14+0.024 ms clock, 0.045+0/0.039/0.16+0.098 ms cpu, 0->0->0 MB, 4 MB goal, 4 P (forced)
gc 324 @1.935s 1%: 0.006+0.10+0.016 ms clock, 0.027+0/0.071/0.17+0.067 ms cpu, 0->0->0 MB, 4 MB goal, 4 P (forced)
gc 325 @1.936s 1%: 0.006+0.10+0.016 ms clock, 0.024+0/0.078/0.10+0.064 ms cpu, 0->0->0 MB, 4 MB goal, 4 P (forced)
gc 326 @1.937s 1%: 0.004+0.12+0.019 ms clock, 0.016+0/0.11/0.099+0.078 ms cpu, 0->0->0 MB, 4 MB goal, 4 P (forced)
gc 327 @1.938s 1%: 0.013+0.10+0.018 ms clock, 0.054+0/0.068/0.13+0.072 ms cpu, 0->0->0 MB, 4 MB goal, 4 P (forced)
   10000	        87.8 ns/op	      20 B/op	       0 allocs/op
gc 328 @1.940s 1%: 0.013+0.098+0.015 ms clock, 0.053+0/0.069/0.12+0.060 ms cpu, 0->0->0 MB, 4 MB goal, 4 P (forced)
HeapAlloc: 1005480 HeapInuse: 1302528 HeapObjects: 15369 HeapIdle 3514368 HeapReleased 0 HeapSys 4816896
gc 329 @1.954s 1%: 0.006+0.12+0.026 ms clock, 0.024+0/0.11/0.24+0.10 ms cpu, 1->1->0 MB, 4 MB goal, 4 P (forced)
BenchmarkSetInsert1E4-4                 	gc 330 @1.954s 1%: 0.006+0.10+0.039 ms clock, 0.024+0/0.091/0.080+0.15 ms cpu, 0->0->0 MB, 4 MB goal, 4 P (forced)
HeapAlloc: 1005512 HeapInuse: 1302528 HeapObjects: 15370 HeapIdle 3514368 HeapReleased 0 HeapSys 4816896
gc 331 @1.969s 1%: 0.006+0.13+0.022 ms clock, 0.026+0/0.10/0.13+0.090 ms cpu, 1->1->0 MB, 4 MB goal, 4 P (forced)
gc 332 @1.970s 1%: 0.009+0.093+0.025 ms clock, 0.039+0/0.076/0.14+0.10 ms cpu, 0->0->0 MB, 4 MB goal, 4 P (forced)
HeapAlloc: 1005592 HeapInuse: 1302528 HeapObjects: 15370 HeapIdle 3514368 HeapReleased 0 HeapSys 4816896
gc 333 @1.985s 1%: 0.007+0.13+0.022 ms clock, 0.030+0/0.099/0.12+0.091 ms cpu, 1->1->0 MB, 4 MB goal, 4 P (forced)
gc 334 @1.985s 1%: 0.004+0.11+0.022 ms clock, 0.018+0/0.048/0.17+0.088 ms cpu, 0->0->0 MB, 4 MB goal, 4 P (forced)
HeapAlloc: 1005592 HeapInuse: 1302528 HeapObjects: 15370 HeapIdle 3514368 HeapReleased 0 HeapSys 4816896
gc 335 @1.997s 1%: 0.005+0.10+0.020 ms clock, 0.021+0/0.097/0.19+0.080 ms cpu, 1->1->0 MB, 4 MB goal, 4 P (forced)
gc 336 @1.998s 1%: 0.005+0.13+0.020 ms clock, 0.020+0/0.11/0.11+0.080 ms cpu, 0->0->0 MB, 4 MB goal, 4 P (forced)
HeapAlloc: 1005688 HeapInuse: 1302528 HeapObjects: 15371 HeapIdle 3514368 HeapReleased 0 HeapSys 4816896
gc 337 @2.012s 1%: 0.007+0.12+0.047 ms clock, 0.028+0/0.11/0.17+0.19 ms cpu, 1->1->0 MB, 4 MB goal, 4 P (forced)
gc 338 @2.012s 1%: 0.005+0.16+0.031 ms clock, 0.021+0/0.13/0.12+0.12 ms cpu, 0->0->0 MB, 4 MB goal, 4 P (forced)
HeapAlloc: 1005784 HeapInuse: 1302528 HeapObjects: 15372 HeapIdle 3514368 HeapReleased 0 HeapSys 4816896
gc 339 @2.031s 1%: 0.008+0.49+0.045 ms clock, 0.033+0/0.11/0.57+0.18 ms cpu, 1->1->0 MB, 4 MB goal, 4 P (forced)
gc 340 @2.031s 1%: 0.007+0.21+0.034 ms clock, 0.028+0/0.066/0.18+0.13 ms cpu, 0->0->0 MB, 4 MB goal, 4 P (forced)
HeapAlloc: 1005784 HeapInuse: 1302528 HeapObjects: 15372 HeapIdle 3514368 HeapReleased 0 HeapSys 4816896
gc 341 @2.050s 1%: 0.008+0.17+0.032 ms clock, 0.033+0/0.12/0.18+0.13 ms cpu, 1->1->0 MB, 4 MB goal, 4 P (forced)
gc 342 @2.050s 1%: 0.007+0.13+0.034 ms clock, 0.031+0/0.11/0.17+0.13 ms cpu, 0->0->0 MB, 4 MB goal, 4 P (forced)
HeapAlloc: 1005784 HeapInuse: 1302528 HeapObjects: 15372 HeapIdle 3514368 HeapReleased 0 HeapSys 4816896
gc 343 @2.068s 1%: 0.008+0.15+0.026 ms clock, 0.033+0/0.11/0.17+0.10 ms cpu, 1->1->0 MB, 4 MB goal, 4 P (forced)
gc 344 @2.069s 1%: 0.005+0.16+0.024 ms clock, 0.022+0/0.088/0.19+0.096 ms cpu, 0->0->0 MB, 4 MB goal, 4 P (forced)
HeapAlloc: 1005784 HeapInuse: 1302528 HeapObjects: 15372 HeapIdle 3514368 HeapReleased 0 HeapSys 4816896
gc 345 @2.086s 1%: 0.005+0.16+0.033 ms clock, 0.023+0/0.12/0.18+0.13 ms cpu, 1->1->0 MB, 4 MB goal, 4 P (forced)
gc 346 @2.086s 1%: 0.007+0.11+0.025 ms clock, 0.028+0/0.087/0.16+0.10 ms cpu, 0->0->0 MB, 4 MB goal, 4 P (forced)
HeapAlloc: 1005784 HeapInuse: 1302528 HeapObjects: 15372 HeapIdle 3514368 HeapReleased 0 HeapSys 4816896
gc 347 @2.102s 1%: 0.006+0.16+0.054 ms clock, 0.027+0/0.076/0.23+0.21 ms cpu, 1->1->0 MB, 4 MB goal, 4 P (forced)
gc 348 @2.103s 1%: 0.006+0.11+0.026 ms clock, 0.024+0/0.10/0.13+0.10 ms cpu, 0->0->0 MB, 4 MB goal, 4 P (forced)
HeapAlloc: 1005784 HeapInuse: 1302528 HeapObjects: 15372 HeapIdle 3514368 HeapReleased 0 HeapSys 4816896
gc 349 @2.120s 1%: 0.008+0.16+0.026 ms clock, 0.032+0/0.11/0.15+0.10 ms cpu, 1->1->0 MB, 4 MB goal, 4 P (forced)
gc 350 @2.120s 1%: 0.019+0.15+0.024 ms clock, 0.079+0/0.11/0.12+0.099 ms cpu, 0->0->0 MB, 4 MB goal, 4 P (forced)
HeapAlloc: 1005976 HeapInuse: 1302528 HeapObjects: 15374 HeapIdle 3514368 HeapReleased 0 HeapSys 4816896
gc 351 @2.135s 1%: 0.008+0.18+0.042 ms clock, 0.035+0/0.12/0.11+0.16 ms cpu, 1->1->0 MB, 4 MB goal, 4 P (forced)
gc 352 @2.136s 1%: 0.011+0.17+0.032 ms clock, 0.047+0/0.052/0.14+0.12 ms cpu, 0->0->0 MB, 4 MB goal, 4 P (forced)
HeapAlloc: 1005976 HeapInuse: 1302528 HeapObjects: 15374 HeapIdle 3514368 HeapReleased 0 HeapSys 4816896
gc 353 @2.151s 1%: 0.005+0.14+0.029 ms clock, 0.022+0/0.098/0.15+0.11 ms cpu, 1->1->0 MB, 4 MB goal, 4 P (forced)
   10000	      1484 ns/op	      88 B/op	       2 allocs/op
gc 354 @2.151s 1%: 0.036+0.10+0.028 ms clock, 0.14+0/0.091/0.14+0.11 ms cpu, 0->0->0 MB, 4 MB goal, 4 P (forced)
HeapAlloc: 1008936 HeapInuse: 1310720 HeapObjects: 5378 HeapIdle 3506176 HeapReleased 0 HeapSys 4816896
gc 355 @2.166s 1%: 0.006+0.17+0.026 ms clock, 0.024+0/0.098/0.17+0.10 ms cpu, 1->1->0 MB, 4 MB goal, 4 P (forced)
BenchmarkSetInsertWithBuf1E4-4          	gc 356 @2.166s 1%: 0.005+0.17+0.035 ms clock, 0.023+0/0.066/0.22+0.14 ms cpu, 0->0->0 MB, 4 MB goal, 4 P (forced)
HeapAlloc: 1009064 HeapInuse: 1310720 HeapObjects: 5380 HeapIdle 3506176 HeapReleased 0 HeapSys 4816896
gc 357 @2.184s 1%: 0.006+0.13+0.040 ms clock, 0.026+0/0.10/0.095+0.16 ms cpu, 1->1->0 MB, 4 MB goal, 4 P (forced)
gc 358 @2.185s 1%: 0.005+0.12+0.021 ms clock, 0.023+0/0.096/0.17+0.086 ms cpu, 0->0->0 MB, 4 MB goal, 4 P (forced)
HeapAlloc: 1009048 HeapInuse: 1310720 HeapObjects: 5379 HeapIdle 3506176 HeapReleased 0 HeapSys 4816896
gc 359 @2.201s 1%: 0.008+0.12+0.032 ms clock, 0.032+0/0.11/0.13+0.13 ms cpu, 1->1->0 MB, 4 MB goal, 4 P (forced)
gc 360 @2.201s 1%: 0.024+0.10+0.027 ms clock, 0.098+0/0.088/0.13+0.10 ms cpu, 0->0->0 MB, 4 MB goal, 4 P (forced)
HeapAlloc: 1009144 HeapInuse: 1310720 HeapObjects: 5380 HeapIdle 3506176 HeapReleased 0 HeapSys 4816896
gc 361 @2.215s 1%: 0.005+0.11+0.033 ms clock, 0.021+0/0.099/0.13+0.13 ms cpu, 1->1->0 MB, 4 MB goal, 4 P (forced)
gc 362 @2.215s 1%: 0.005+0.11+0.026 ms clock, 0.021+0/0.077/0.14+0.10 ms cpu, 0->0->0 MB, 4 MB goal, 4 P (forced)
HeapAlloc: 1009336 HeapInuse: 1318912 HeapObjects: 5382 HeapIdle 3497984 HeapReleased 0 HeapSys 4816896
gc 363 @2.236s 1%: 0.88+0.088+0.048 ms clock, 3.5+0/0.064/0.96+0.19 ms cpu, 1->1->0 MB, 4 MB goal, 4 P (forced)
gc 364 @2.237s 1%: 0.015+0.25+0.033 ms clock, 0.060+0/0.23/0+0.13 ms cpu, 0->0->0 MB, 4 MB goal, 4 P (forced)
HeapAlloc: 1009432 HeapInuse: 1318912 HeapObjects: 5383 HeapIdle 3497984 HeapReleased 0 HeapSys 4816896
gc 365 @2.254s 1%: 0.008+0.15+0.037 ms clock, 0.033+0/0.11/0.16+0.14 ms cpu, 1->1->0 MB, 4 MB goal, 4 P (forced)
gc 366 @2.254s 1%: 0.007+0.20+0.022 ms clock, 0.028+0/0.11/0.11+0.091 ms cpu, 0->0->0 MB, 4 MB goal, 4 P (forced)
HeapAlloc: 1009432 HeapInuse: 1318912 HeapObjects: 5383 HeapIdle 3497984 HeapReleased 0 HeapSys 4816896
gc 367 @2.270s 1%: 0.059+0.59+0.090 ms clock, 0.23+0/0.47/0+0.36 ms cpu, 1->1->0 MB, 4 MB goal, 4 P (forced)
gc 368 @2.271s 1%: 0.008+0.16+0.65 ms clock, 0.035+0/0.12/0.21+2.6 ms cpu, 0->0->0 MB, 4 MB goal, 4 P (forced)
HeapAlloc: 1009624 HeapInuse: 1318912 HeapObjects: 5385 HeapIdle 3497984 HeapReleased 0 HeapSys 4816896
gc 369 @2.291s 1%: 0.009+0.15+0.056 ms clock, 0.036+0/0.14/0.15+0.22 ms cpu, 1->1->0 MB, 4 MB goal, 4 P (forced)
gc 370 @2.291s 1%: 0.042+0.13+0.023 ms clock, 0.16+0/0.089/0.19+0.094 ms cpu, 0->0->0 MB, 4 MB goal, 4 P (forced)
HeapAlloc: 1009816 HeapInuse: 1318912 HeapObjects: 5387 HeapIdle 3497984 HeapReleased 0 HeapSys 4816896
gc 371 @2.308s 1%: 0.009+0.17+0.029 ms clock, 0.038+0/0.14/0.13+0.11 ms cpu, 1->1->0 MB, 4 MB goal, 4 P (forced)
gc 372 @2.308s 1%: 0.008+0.20+0.034 ms clock, 0.034+0/0.19/0.35+0.13 ms cpu, 0->0->0 MB, 4 MB goal, 4 P (forced)
HeapAlloc: 1009816 HeapInuse: 1318912 HeapObjects: 5387 HeapIdle 3497984 HeapReleased 0 HeapSys 4816896
gc 373 @2.325s 1%: 0.008+0.15+0.027 ms clock, 0.034+0/0.11/0.089+0.10 ms cpu, 1->1->0 MB, 4 MB goal, 4 P (forced)
gc 374 @2.325s 1%: 0.033+0.20+0.024 ms clock, 0.13+0/0.048/0.15+0.096 ms cpu, 0->0->0 MB, 4 MB goal, 4 P (forced)
HeapAlloc: 1009816 HeapInuse: 1318912 HeapObjects: 5387 HeapIdle 3497984 HeapReleased 0 HeapSys 4816896
gc 375 @2.340s 1%: 0.006+0.15+0.040 ms clock, 0.027+0/0.12/0.20+0.16 ms cpu, 1->1->0 MB, 4 MB goal, 4 P (forced)
gc 376 @2.340s 1%: 0.004+0.12+0.046 ms clock, 0.018+0/0.078/0.14+0.18 ms cpu, 0->0->0 MB, 4 MB goal, 4 P (forced)
HeapAlloc: 1009912 HeapInuse: 1318912 HeapObjects: 5388 HeapIdle 3497984 HeapReleased 0 HeapSys 4816896
gc 377 @2.353s 1%: 0.005+0.14+0.033 ms clock, 0.023+0/0.12/0.11+0.13 ms cpu, 1->1->0 MB, 4 MB goal, 4 P (forced)
gc 378 @2.354s 1%: 0.009+0.11+0.023 ms clock, 0.037+0/0.093/0.13+0.094 ms cpu, 0->0->0 MB, 4 MB goal, 4 P (forced)
HeapAlloc: 1010008 HeapInuse: 1318912 HeapObjects: 5389 HeapIdle 3497984 HeapReleased 0 HeapSys 4816896
gc 379 @2.367s 1%: 0.005+0.12+0.019 ms clock, 0.022+0/0.11/0.17+0.079 ms cpu, 1->1->0 MB, 4 MB goal, 4 P (forced)
   10000	      1296 ns/op	      88 B/op	       1 allocs/op
gc 380 @2.367s 1%: 0.027+0.10+0.024 ms clock, 0.10+0/0.096/0.092+0.098 ms cpu, 0->0->0 MB, 4 MB goal, 4 P (forced)
gc 381 @2.416s 1%: 0.009+3.6+0.031 ms clock, 0.038+0.20/3.4/6.1+0.12 ms cpu, 4->4->3 MB, 5 MB goal, 4 P
gc 382 @2.464s 1%: 0.012+6.3+0.29 ms clock, 0.049+0.20/6.2/12+1.1 ms cpu, 7->7->7 MB, 8 MB goal, 4 P
HeapAlloc: 8221384 HeapInuse: 8552448 HeapObjects: 106274 HeapIdle 458752 HeapReleased 0 HeapSys 9011200
gc 383 @2.477s 1%: 0.009+0.14+0.022 ms clock, 0.039+0/0.10/0.15+0.090 ms cpu, 7->7->0 MB, 14 MB goal, 4 P (forced)
BenchmarkRBTreeInsert1E5-4              	gc 384 @2.478s 1%: 0.032+0.14+0.019 ms clock, 0.13+0/0.10/0.098+0.078 ms cpu, 0->0->0 MB, 4 MB goal, 4 P (forced)
gc 385 @2.526s 1%: 0.013+4.1+0.049 ms clock, 0.054+0.22/4.1/3.3+0.19 ms cpu, 4->4->3 MB, 5 MB goal, 4 P
gc 386 @2.601s 1%: 0.012+6.9+0.017 ms clock, 0.048+0.23/6.8/12+0.068 ms cpu, 7->7->7 MB, 8 MB goal, 4 P
HeapAlloc: 8221416 HeapInuse: 8552448 HeapObjects: 106275 HeapIdle 458752 HeapReleased 0 HeapSys 9011200
gc 387 @2.614s 1%: 0.008+0.15+0.028 ms clock, 0.032+0/0.12/0.11+0.11 ms cpu, 7->7->0 MB, 14 MB goal, 4 P (forced)
gc 388 @2.616s 1%: 0.011+0.21+0.031 ms clock, 0.044+0/0.059/0.15+0.12 ms cpu, 0->0->0 MB, 4 MB goal, 4 P (forced)
gc 389 @2.679s 1%: 0.014+4.5+0.085 ms clock, 0.059+0.27/4.5/7.7+0.34 ms cpu, 4->4->3 MB, 5 MB goal, 4 P
gc 390 @2.739s 1%: 0.014+10+0.069 ms clock, 0.058+0.47/10/9.5+0.27 ms cpu, 7->7->7 MB, 8 MB goal, 4 P
HeapAlloc: 8226312 HeapInuse: 8560640 HeapObjects: 106581 HeapIdle 450560 HeapReleased 0 HeapSys 9011200
gc 391 @2.755s 1%: 0.007+0.13+0.029 ms clock, 0.030+0/0.088/0.17+0.11 ms cpu, 7->7->0 MB, 14 MB goal, 4 P (forced)
gc 392 @2.756s 1%: 0.004+0.096+0.023 ms clock, 0.018+0/0.080/0.13+0.095 ms cpu, 0->0->0 MB, 4 MB goal, 4 P (forced)
gc 393 @2.815s 1%: 0.014+4.4+0.033 ms clock, 0.058+0.34/4.4/7.4+0.13 ms cpu, 4->4->3 MB, 5 MB goal, 4 P
gc 394 @2.877s 1%: 0.012+8.8+0.027 ms clock, 0.049+0.12/8.7/14+0.10 ms cpu, 7->7->7 MB, 8 MB goal, 4 P
HeapAlloc: 8232040 HeapInuse: 8560640 HeapObjects: 106939 HeapIdle 450560 HeapReleased 0 HeapSys 9011200
gc 395 @2.896s 1%: 0.011+0.14+0.047 ms clock, 0.045+0/0.11/0.21+0.18 ms cpu, 7->7->0 MB, 14 MB goal, 4 P (forced)
gc 396 @2.896s 1%: 0.005+0.16+0.029 ms clock, 0.021+0/0.12/0.12+0.11 ms cpu, 0->0->0 MB, 4 MB goal, 4 P (forced)
gc 397 @2.959s 1%: 0.011+4.2+0.036 ms clock, 0.047+0.26/4.1/7.9+0.14 ms cpu, 4->4->3 MB, 5 MB goal, 4 P
gc 398 @3.015s 1%: 0.013+7.5+0.026 ms clock, 0.054+0.24/7.5/9.5+0.10 ms cpu, 7->7->7 MB, 8 MB goal, 4 P
HeapAlloc: 8230488 HeapInuse: 8560640 HeapObjects: 106837 HeapIdle 450560 HeapReleased 0 HeapSys 9011200
gc 399 @3.030s 1%: 0.006+0.14+0.025 ms clock, 0.027+0/0.10/0.19+0.10 ms cpu, 7->7->0 MB, 14 MB goal, 4 P (forced)
gc 400 @3.030s 1%: 0.005+0.12+0.021 ms clock, 0.023+0/0.10/0.099+0.084 ms cpu, 0->0->0 MB, 4 MB goal, 4 P (forced)
gc 401 @3.079s 1%: 0.013+4.0+0.048 ms clock, 0.052+0.21/4.0/3.8+0.19 ms cpu, 4->4->3 MB, 5 MB goal, 4 P
gc 402 @3.136s 1%: 0.015+9.7+0.029 ms clock, 0.062+0.29/9.7/16+0.11 ms cpu, 7->7->7 MB, 8 MB goal, 4 P
HeapAlloc: 8225592 HeapInuse: 8560640 HeapObjects: 106531 HeapIdle 450560 HeapReleased 0 HeapSys 9011200
gc 403 @3.154s 1%: 0.009+0.16+0.028 ms clock, 0.039+0/0.12/0.20+0.11 ms cpu, 7->7->0 MB, 14 MB goal, 4 P (forced)
gc 404 @3.154s 1%: 0.009+0.12+0.032 ms clock, 0.036+0/0.10/0.16+0.13 ms cpu, 0->0->0 MB, 4 MB goal, 4 P (forced)
gc 405 @3.214s 1%: 0.014+5.2+0.028 ms clock, 0.057+0.16/5.2/4.1+0.11 ms cpu, 4->4->3 MB, 5 MB goal, 4 P
gc 406 @3.277s 1%: 0.015+8.9+0.021 ms clock, 0.060+0.30/8.8/16+0.087 ms cpu, 7->7->7 MB, 8 MB goal, 4 P
HeapAlloc: 8215800 HeapInuse: 8544256 HeapObjects: 105919 HeapIdle 466944 HeapReleased 0 HeapSys 9011200
gc 407 @3.292s 1%: 0.006+0.15+0.031 ms clock, 0.027+0/0.12/0.11+0.12 ms cpu, 7->7->0 MB, 14 MB goal, 4 P (forced)
gc 408 @3.294s 1%: 0.007+1.2+0.068 ms clock, 0.029+0/0.14/0.14+0.27 ms cpu, 0->0->0 MB, 4 MB goal, 4 P (forced)
gc 409 @3.358s 1%: 0.010+4.2+0.031 ms clock, 0.043+0.24/4.2/4.1+0.12 ms cpu, 4->4->3 MB, 5 MB goal, 4 P
gc 410 @3.408s 1%: 0.012+9.2+0.21 ms clock, 0.048+0.19/9.2/10+0.84 ms cpu, 7->7->7 MB, 8 MB goal, 4 P
HeapAlloc: 8228136 HeapInuse: 8560640 HeapObjects: 106685 HeapIdle 450560 HeapReleased 0 HeapSys 9011200
gc 411 @3.423s 1%: 0.006+0.41+0.056 ms clock, 0.026+0/0.10/0.17+0.22 ms cpu, 7->7->0 MB, 14 MB goal, 4 P (forced)
gc 412 @3.424s 1%: 0.004+0.15+0.018 ms clock, 0.017+0/0.057/0.18+0.075 ms cpu, 0->0->0 MB, 4 MB goal, 4 P (forced)
gc 413 @3.483s 1%: 0.013+5.3+0.073 ms clock, 0.055+0.29/5.1/7.3+0.29 ms cpu, 4->4->3 MB, 5 MB goal, 4 P
gc 414 @3.586s 1%: 0.018+10+0.037 ms clock, 0.072+0.27/10/18+0.15 ms cpu, 7->7->7 MB, 8 MB goal, 4 P
HeapAlloc: 8231400 HeapInuse: 8560640 HeapObjects: 106889 HeapIdle 450560 HeapReleased 0 HeapSys 9011200
gc 415 @3.606s 1%: 0.017+0.18+0.031 ms clock, 0.071+0/0.13/0.23+0.12 ms cpu, 7->7->0 MB, 14 MB goal, 4 P (forced)
gc 416 @3.608s 1%: 0.006+0.14+0.063 ms clock, 0.025+0/0.11/0.18+0.25 ms cpu, 0->0->0 MB, 4 MB goal, 4 P (forced)
gc 417 @3.675s 1%: 0.014+5.3+0.022 ms clock, 0.057+0.16/5.2/7.2+0.090 ms cpu, 4->4->3 MB, 5 MB goal, 4 P
gc 418 @3.727s 1%: 0.012+7.6+0.050 ms clock, 0.051+0.23/7.6/11+0.20 ms cpu, 7->7->7 MB, 8 MB goal, 4 P
HeapAlloc: 8220792 HeapInuse: 8552448 HeapObjects: 106226 HeapIdle 458752 HeapReleased 0 HeapSys 9011200
gc 419 @3.741s 1%: 0.008+0.23+0.039 ms clock, 0.034+0/0.22/0.16+0.15 ms cpu, 7->7->0 MB, 14 MB goal, 4 P (forced)
gc 420 @3.741s 1%: 0.004+0.11+0.020 ms clock, 0.016+0/0.098/0.098+0.082 ms cpu, 0->0->0 MB, 4 MB goal, 4 P (forced)
gc 421 @3.790s 1%: 0.011+5.1+0.024 ms clock, 0.045+0.21/5.1/3.7+0.099 ms cpu, 4->4->3 MB, 5 MB goal, 4 P
gc 422 @3.836s 1%: 0.011+6.4+0.033 ms clock, 0.044+0.21/6.3/11+0.13 ms cpu, 7->7->7 MB, 8 MB goal, 4 P
HeapAlloc: 8225624 HeapInuse: 8560640 HeapObjects: 106528 HeapIdle 450560 HeapReleased 0 HeapSys 9011200
gc 423 @3.848s 1%: 0.006+0.15+0.023 ms clock, 0.024+0/0.11/0.11+0.093 ms cpu, 7->7->0 MB, 14 MB goal, 4 P (forced)
gc 424 @3.849s 1%: 0.006+0.11+0.021 ms clock, 0.024+0/0.10/0.096+0.084 ms cpu, 0->0->0 MB, 4 MB goal, 4 P (forced)
gc 425 @3.896s 1%: 0.011+5.4+0.054 ms clock, 0.046+0.22/5.4/4.0+0.21 ms cpu, 4->4->3 MB, 5 MB goal, 4 P
gc 426 @3.946s 1%: 0.011+7.4+0.026 ms clock, 0.047+0.21/7.3/7.9+0.10 ms cpu, 7->7->7 MB, 8 MB goal, 4 P
HeapAlloc: 8221608 HeapInuse: 8552448 HeapObjects: 106277 HeapIdle 458752 HeapReleased 0 HeapSys 9011200
gc 427 @3.961s 1%: 0.015+0.19+0.033 ms clock, 0.060+0/0.16/0.14+0.13 ms cpu, 7->7->0 MB, 14 MB goal, 4 P (forced)
gc 428 @3.962s 1%: 0.014+0.12+0.025 ms clock, 0.057+0/0.10/0.11+0.10 ms cpu, 0->0->0 MB, 4 MB goal, 4 P (forced)
gc 429 @4.010s 1%: 0.011+4.8+0.015 ms clock, 0.047+0.14/4.7/4.6+0.060 ms cpu, 4->4->3 MB, 5 MB goal, 4 P
gc 430 @4.064s 1%: 0.013+10+0.034 ms clock, 0.052+0.24/10/9.4+0.13 ms cpu, 7->7->7 MB, 8 MB goal, 4 P
HeapAlloc: 8219240 HeapInuse: 8552448 HeapObjects: 106124 HeapIdle 458752 HeapReleased 0 HeapSys 9011200
gc 431 @4.085s 1%: 0.013+0.27+0.052 ms clock, 0.055+0/0.19/0.19+0.21 ms cpu, 7->7->0 MB, 14 MB goal, 4 P (forced)
  100000	      1242 ns/op	      88 B/op	       2 allocs/op
gc 432 @4.087s 1%: 0.012+0.19+0.047 ms clock, 0.050+0/0.14/0.27+0.18 ms cpu, 0->0->0 MB, 4 MB goal, 4 P (forced)
gc 433 @4.093s 1%: 0.023+7.2+0.15 ms clock, 0.093+0.13/6.0/7.3+0.63 ms cpu, 6->7->6 MB, 7 MB goal, 4 P
HeapAlloc: 8128296 HeapInuse: 8437760 HeapObjects: 50392 HeapIdle 7782400 HeapReleased 0 HeapSys 16220160
gc 434 @4.246s 1%: 0.006+0.12+0.045 ms clock, 0.026+0/0.11/0.16+0.18 ms cpu, 7->7->0 MB, 13 MB goal, 4 P (forced)
BenchmarkRBTreeInsertWithBuf1E5-4       	gc 435 @4.246s 1%: 0.005+0.12+0.025 ms clock, 0.023+0/0.095/0.13+0.10 ms cpu, 0->0->0 MB, 6 MB goal, 4 P (forced)
gc 436 @4.249s 1%: 0.011+6.4+0.21 ms clock, 0.044+0.11/6.3/0.13+0.85 ms cpu, 6->7->7 MB, 7 MB goal, 4 P
HeapAlloc: 8128328 HeapInuse: 8437760 HeapObjects: 50392 HeapIdle 7782400 HeapReleased 0 HeapSys 16220160
gc 437 @4.369s 1%: 0.006+0.19+0.023 ms clock, 0.027+0/0.14/0.13+0.092 ms cpu, 7->7->0 MB, 14 MB goal, 4 P (forced)
gc 438 @4.369s 1%: 0.016+0.17+0.032 ms clock, 0.064+0/0.16/0.10+0.13 ms cpu, 0->0->0 MB, 7 MB goal, 4 P (forced)
gc 439 @4.373s 1%: 0.035+7.0+0.086 ms clock, 0.14+0.22/3.4/3.7+0.34 ms cpu, 6->7->7 MB, 7 MB goal, 4 P
HeapAlloc: 8128424 HeapInuse: 8437760 HeapObjects: 50393 HeapIdle 7782400 HeapReleased 0 HeapSys 16220160
gc 440 @4.498s 1%: 0.006+0.15+0.031 ms clock, 0.026+0/0.11/0.18+0.12 ms cpu, 7->7->0 MB, 14 MB goal, 4 P (forced)
gc 441 @4.498s 1%: 0.007+0.18+0.022 ms clock, 0.028+0/0.095/0.20+0.090 ms cpu, 0->0->0 MB, 7 MB goal, 4 P (forced)
gc 442 @4.501s 1%: 0.012+3.6+0.031 ms clock, 0.049+0.074/3.5/0.21+0.12 ms cpu, 6->7->7 MB, 7 MB goal, 4 P
HeapAlloc: 8128520 HeapInuse: 8437760 HeapObjects: 50394 HeapIdle 7782400 HeapReleased 0 HeapSys 16220160
gc 443 @4.624s 1%: 0.008+0.15+0.040 ms clock, 0.034+0/0.12/0.16+0.16 ms cpu, 7->7->0 MB, 14 MB goal, 4 P (forced)
gc 444 @4.624s 1%: 0.044+0.16+0.027 ms clock, 0.17+0/0.13/0.12+0.10 ms cpu, 0->0->0 MB, 7 MB goal, 4 P (forced)
gc 445 @4.627s 1%: 0.012+6.1+0.036 ms clock, 0.049+0.11/6.0/0.45+0.14 ms cpu, 6->7->7 MB, 7 MB goal, 4 P
HeapAlloc: 8128520 HeapInuse: 8437760 HeapObjects: 50394 HeapIdle 7782400 HeapReleased 0 HeapSys 16220160
gc 446 @4.751s 1%: 0.010+0.14+0.052 ms clock, 0.043+0/0.12/0.15+0.21 ms cpu, 7->7->0 MB, 14 MB goal, 4 P (forced)
gc 447 @4.751s 1%: 0.013+0.14+0.027 ms clock, 0.055+0/0.10/0.14+0.10 ms cpu, 0->0->0 MB, 7 MB goal, 4 P (forced)
gc 448 @4.754s 1%: 0.011+6.5+1.3 ms clock, 0.047+0.069/6.3/0.39+5.4 ms cpu, 6->7->7 MB, 7 MB goal, 4 P
HeapAlloc: 8128536 HeapInuse: 8437760 HeapObjects: 50395 HeapIdle 7782400 HeapReleased 0 HeapSys 16220160
gc 449 @4.866s 1%: 0.007+0.13+0.033 ms clock, 0.031+0/0.093/0.14+0.13 ms cpu, 7->7->0 MB, 14 MB goal, 4 P (forced)
gc 450 @4.866s 1%: 0.006+0.14+0.022 ms clock, 0.025+0/0.096/0.091+0.090 ms cpu, 0->0->0 MB, 7 MB goal, 4 P (forced)
gc 451 @4.869s 1%: 0.014+2.7+0.046 ms clock, 0.056+0.065/2.6/1.5+0.18 ms cpu, 6->7->6 MB, 7 MB goal, 4 P
HeapAlloc: 8128520 HeapInuse: 8437760 HeapObjects: 50394 HeapIdle 7782400 HeapReleased 0 HeapSys 16220160
gc 452 @4.961s 1%: 0.009+0.11+0.052 ms clock, 0.036+0/0.10/0.13+0.21 ms cpu, 7->7->0 MB, 13 MB goal, 4 P (forced)
gc 453 @4.962s 1%: 0.029+0.10+0.027 ms clock, 0.11+0/0.097/0.14+0.10 ms cpu, 0->0->0 MB, 7 MB goal, 4 P (forced)
gc 454 @4.965s 1%: 0.016+19+0.037 ms clock, 0.064+0.15/3.0/0.13+0.15 ms cpu, 6->7->7 MB, 7 MB goal, 4 P
HeapAlloc: 8128712 HeapInuse: 8437760 HeapObjects: 50396 HeapIdle 7782400 HeapReleased 0 HeapSys 16220160
gc 455 @5.090s 1%: 0.006+0.16+0.031 ms clock, 0.026+0/0.13/0.14+0.12 ms cpu, 7->7->0 MB, 14 MB goal, 4 P (forced)
gc 456 @5.091s 1%: 0.046+0.15+0.029 ms clock, 0.18+0/0.11/0.15+0.11 ms cpu, 0->0->0 MB, 7 MB goal, 4 P (forced)
gc 457 @5.095s 1%: 0.033+3.5+0.071 ms clock, 0.13+0.095/3.4/3.9+0.28 ms cpu, 6->7->7 MB, 7 MB goal, 4 P
HeapAlloc: 8128808 HeapInuse: 8437760 HeapObjects: 50397 HeapIdle 7782400 HeapReleased 0 HeapSys 16220160
gc 458 @5.222s 1%: 0.009+0.17+0.037 ms clock, 0.038+0/0.12/0.16+0.15 ms cpu, 7->7->0 MB, 14 MB goal, 4 P (forced)
gc 459 @5.222s 1%: 0.008+0.16+0.034 ms clock, 0.035+0/0.15/0.13+0.13 ms cpu, 0->0->0 MB, 7 MB goal, 4 P (forced)
gc 460 @5.228s 1%: 0.021+9.0+0.060 ms clock, 0.084+0.19/6.6/0.11+0.24 ms cpu, 6->7->7 MB, 7 MB goal, 4 P
HeapAlloc: 8128904 HeapInuse: 8437760 HeapObjects: 50398 HeapIdle 7782400 HeapReleased 0 HeapSys 16220160
gc 461 @5.359s 1%: 0.008+0.13+0.028 ms clock, 0.032+0/0.11/0.19+0.11 ms cpu, 7->7->0 MB, 14 MB goal, 4 P (forced)
gc 462 @5.360s 1%: 0.018+0.12+0.023 ms clock, 0.075+0/0.10/0.16+0.095 ms cpu, 0->0->0 MB, 7 MB goal, 4 P (forced)
gc 463 @5.363s 1%: 0.018+3.1+0.076 ms clock, 0.072+0.16/1.6/5.3+0.30 ms cpu, 6->7->6 MB, 7 MB goal, 4 P
HeapAlloc: 8129000 HeapInuse: 8437760 HeapObjects: 50399 HeapIdle 7782400 HeapReleased 0 HeapSys 16220160
gc 464 @5.471s 1%: 0.018+0.13+0.020 ms clock, 0.075+0/0.080/0.15+0.082 ms cpu, 7->7->0 MB, 13 MB goal, 4 P (forced)
gc 465 @5.471s 1%: 0.004+0.094+0.018 ms clock, 0.017+0/0.059/0.13+0.073 ms cpu, 0->0->0 MB, 7 MB goal, 4 P (forced)
gc 466 @5.474s 1%: 0.016+2.8+0.090 ms clock, 0.067+0.094/2.7/2.7+0.36 ms cpu, 6->7->6 MB, 7 MB goal, 4 P
HeapAlloc: 8129096 HeapInuse: 8437760 HeapObjects: 50400 HeapIdle 7782400 HeapReleased 0 HeapSys 16220160
gc 467 @5.586s 1%: 0.007+0.15+0.022 ms clock, 0.030+0/0.11/0.15+0.091 ms cpu, 7->7->0 MB, 13 MB goal, 4 P (forced)
gc 468 @5.586s 1%: 0.017+0.12+0.018 ms clock, 0.070+0/0.084/0.16+0.073 ms cpu, 0->0->0 MB, 7 MB goal, 4 P (forced)
gc 469 @5.589s 1%: 0.016+3.8+0.059 ms clock, 0.066+0.067/3.6/0.42+0.23 ms cpu, 6->7->7 MB, 7 MB goal, 4 P
HeapAlloc: 8129096 HeapInuse: 8437760 HeapObjects: 50400 HeapIdle 7782400 HeapReleased 0 HeapSys 16220160
gc 470 @5.710s 1%: 0.007+0.14+0.041 ms clock, 0.031+0/0.12/0.15+0.16 ms cpu, 7->7->0 MB, 14 MB goal, 4 P (forced)
  100000	      1240 ns/op	      80 B/op	       1 allocs/op
gc 471 @5.711s 1%: 0.022+0.14+0.030 ms clock, 0.088+0/0.12/0.11+0.12 ms cpu, 0->0->0 MB, 7 MB goal, 4 P (forced)
BenchmarkSysHashMapInsert1E5-4          	gc 472 @5.731s 1%: 0.035+0.23+0.045 ms clock, 0.14+0/0.063/0.25+0.18 ms cpu, 3->3->0 MB, 7 MB goal, 4 P (forced)
gc 473 @5.752s 1%: 0.035+0.16+0.032 ms clock, 0.14+0/0.098/0.13+0.12 ms cpu, 3->3->0 MB, 7 MB goal, 4 P (forced)
gc 474 @5.779s 1%: 0.038+0.10+0.043 ms clock, 0.15+0/0.093/0.13+0.17 ms cpu, 3->3->0 MB, 7 MB goal, 4 P (forced)
gc 475 @5.797s 1%: 0.036+0.14+0.046 ms clock, 0.14+0/0.076/0.18+0.18 ms cpu, 3->3->0 MB, 7 MB goal, 4 P (forced)
gc 476 @5.817s 1%: 0.007+0.15+0.018 ms clock, 0.028+0/0.099/0.14+0.075 ms cpu, 3->3->0 MB, 7 MB goal, 4 P (forced)
gc 477 @5.840s 1%: 0.009+0.11+0.086 ms clock, 0.039+0/0.094/0.16+0.34 ms cpu, 3->3->0 MB, 7 MB goal, 4 P (forced)
gc 478 @5.857s 1%: 0.007+0.10+0.017 ms clock, 0.028+0/0.072/0.15+0.069 ms cpu, 3->3->0 MB, 7 MB goal, 4 P (forced)
gc 479 @5.875s 1%: 0.041+0.088+0.024 ms clock, 0.16+0/0.073/0.15+0.096 ms cpu, 3->3->0 MB, 7 MB goal, 4 P (forced)
  100000	       173 ns/op	      36 B/op	       0 allocs/op
gc 480 @5.894s 1%: 0.28+0.10+0.15 ms clock, 1.1+0/0.097/0.13+0.63 ms cpu, 3->3->0 MB, 7 MB goal, 4 P (forced)
BenchmarkSysHashMapInsertWithBuf1E5-4   	gc 481 @5.905s 1%: 0.041+0.14+0.029 ms clock, 0.16+0/0.083/0.14+0.11 ms cpu, 1->1->0 MB, 7 MB goal, 4 P (forced)
gc 482 @5.915s 1%: 0.022+0.10+0.020 ms clock, 0.089+0/0.074/0.13+0.081 ms cpu, 1->1->0 MB, 7 MB goal, 4 P (forced)
gc 483 @5.925s 1%: 0.006+0.10+0.026 ms clock, 0.027+0/0.069/0.13+0.10 ms cpu, 1->1->0 MB, 7 MB goal, 4 P (forced)
gc 484 @5.935s 1%: 0.037+0.12+0.095 ms clock, 0.14+0/0.042/0.15+0.38 ms cpu, 1->1->0 MB, 7 MB goal, 4 P (forced)
gc 485 @5.947s 1%: 0.034+0.10+0.019 ms clock, 0.13+0/0.081/0.13+0.076 ms cpu, 1->1->0 MB, 7 MB goal, 4 P (forced)
gc 486 @5.957s 1%: 0.038+0.10+0.046 ms clock, 0.15+0/0.076/0.16+0.18 ms cpu, 1->1->0 MB, 7 MB goal, 4 P (forced)
gc 487 @5.969s 1%: 0.010+0.10+0.018 ms clock, 0.040+0/0.083/0.17+0.074 ms cpu, 1->1->0 MB, 7 MB goal, 4 P (forced)
gc 488 @5.980s 1%: 0.039+0.13+0.026 ms clock, 0.15+0/0.093/0.22+0.10 ms cpu, 1->1->0 MB, 7 MB goal, 4 P (forced)
  100000	       117 ns/op	      17 B/op	       0 allocs/op
gc 489 @5.993s 1%: 0.024+0.22+0.030 ms clock, 0.098+0/0.062/0.15+0.12 ms cpu, 1->1->0 MB, 7 MB goal, 4 P (forced)
gc 490 @6.077s 1%: 0.014+5.5+0.022 ms clock, 0.059+0.27/5.4/10+0.089 ms cpu, 4->4->4 MB, 7 MB goal, 4 P
gc 491 @6.131s 1%: 0.016+8.9+0.099 ms clock, 0.065+0.26/8.8/12+0.39 ms cpu, 6->6->6 MB, 8 MB goal, 4 P
HeapAlloc: 8929048 HeapInuse: 9265152 HeapObjects: 150407 HeapIdle 6955008 HeapReleased 0 HeapSys 16220160
gc 492 @6.168s 1%: 0.007+0.14+0.025 ms clock, 0.028+0/0.11/0.15+0.10 ms cpu, 8->8->0 MB, 12 MB goal, 4 P (forced)
BenchmarkSetInsert1E5-4                 	gc 493 @6.169s 1%: 0.021+0.10+0.027 ms clock, 0.086+0/0.090/0.084+0.11 ms cpu, 0->0->0 MB, 4 MB goal, 4 P (forced)
gc 494 @6.231s 1%: 0.012+4.5+0.19 ms clock, 0.051+0.22/4.4/8.0+0.79 ms cpu, 4->4->4 MB, 5 MB goal, 4 P
gc 495 @6.295s 1%: 0.013+10+0.062 ms clock, 0.055+0.20/10/12+0.24 ms cpu, 7->7->7 MB, 8 MB goal, 4 P
HeapAlloc: 8929080 HeapInuse: 9265152 HeapObjects: 150408 HeapIdle 6955008 HeapReleased 0 HeapSys 16220160
gc 496 @6.312s 1%: 0.007+0.14+0.041 ms clock, 0.029+0/0.070/0.22+0.16 ms cpu, 8->8->0 MB, 15 MB goal, 4 P (forced)
gc 497 @6.313s 1%: 0.007+0.10+0.018 ms clock, 0.031+0/0.081/0.15+0.073 ms cpu, 0->0->0 MB, 4 MB goal, 4 P (forced)
gc 498 @6.379s 1%: 0.012+4.2+0.10 ms clock, 0.049+0.22/4.1/7.4+0.41 ms cpu, 4->4->4 MB, 5 MB goal, 4 P
gc 499 @6.461s 1%: 0.016+10+0.032 ms clock, 0.066+0.31/10/20+0.13 ms cpu, 7->8->8 MB, 8 MB goal, 4 P
HeapAlloc: 8929160 HeapInuse: 9265152 HeapObjects: 150408 HeapIdle 6955008 HeapReleased 0 HeapSys 16220160
gc 500 @6.486s 1%: 0.013+0.36+0.054 ms clock, 0.053+0/0.28/0.27+0.21 ms cpu, 8->8->0 MB, 16 MB goal, 4 P (forced)
gc 501 @6.489s 1%: 0.013+0.29+0.051 ms clock, 0.053+0/0.24/0.24+0.20 ms cpu, 0->0->0 MB, 4 MB goal, 4 P (forced)
gc 502 @6.604s 1%: 0.014+6.3+0.10 ms clock, 0.059+0.31/6.3/10+0.43 ms cpu, 4->4->4 MB, 5 MB goal, 4 P
gc 503 @6.687s 1%: 0.013+10+0.038 ms clock, 0.054+0.25/10/17+0.15 ms cpu, 7->8->8 MB, 8 MB goal, 4 P
HeapAlloc: 8929160 HeapInuse: 9265152 HeapObjects: 150408 HeapIdle 6955008 HeapReleased 0 HeapSys 16220160
gc 504 @6.704s 1%: 0.009+0.15+0.024 ms clock, 0.038+0/0.10/0.21+0.098 ms cpu, 8->8->0 MB, 16 MB goal, 4 P (forced)
gc 505 @6.705s 1%: 0.006+0.12+0.021 ms clock, 0.024+0/0.10/0.17+0.084 ms cpu, 0->0->0 MB, 4 MB goal, 4 P (forced)
gc 506 @6.779s 1%: 0.013+4.6+0.10 ms clock, 0.055+0.23/4.5/7.8+0.41 ms cpu, 4->4->4 MB, 5 MB goal, 4 P
gc 507 @6.860s 1%: 0.015+14+0.049 ms clock, 0.063+0.17/13/17+0.19 ms cpu, 7->8->8 MB, 8 MB goal, 4 P
HeapAlloc: 8929144 HeapInuse: 9273344 HeapObjects: 150407 HeapIdle 6914048 HeapReleased 0 HeapSys 16187392
gc 508 @6.877s 1%: 0.12+0.12+0.048 ms clock, 0.48+0/0.094/0.23+0.19 ms cpu, 8->8->0 MB, 17 MB goal, 4 P (forced)
gc 509 @6.878s 1%: 0.012+0.22+0.033 ms clock, 0.051+0/0.050/0.19+0.13 ms cpu, 0->0->0 MB, 4 MB goal, 4 P (forced)
gc 510 @6.950s 1%: 0.012+4.5+0.022 ms clock, 0.048+0.22/4.4/4.9+0.090 ms cpu, 4->4->4 MB, 5 MB goal, 4 P
gc 511 @7.045s 1%: 0.014+9.6+0.089 ms clock, 0.059+0.25/9.5/17+0.35 ms cpu, 7->8->8 MB, 8 MB goal, 4 P
HeapAlloc: 8929160 HeapInuse: 9265152 HeapObjects: 150408 HeapIdle 6955008 HeapReleased 0 HeapSys 16220160
gc 512 @7.062s 1%: 0.007+0.22+0.030 ms clock, 0.029+0/0.16/0.16+0.12 ms cpu, 8->8->0 MB, 16 MB goal, 4 P (forced)
gc 513 @7.063s 1%: 0.008+0.17+0.043 ms clock, 0.033+0/0.14/0.14+0.17 ms cpu, 0->0->0 MB, 4 MB goal, 4 P (forced)
gc 514 @7.140s 1%: 0.013+4.5+0.049 ms clock, 0.054+0.21/4.4/7.7+0.19 ms cpu, 4->4->4 MB, 5 MB goal, 4 P
gc 515 @7.216s 1%: 0.015+18+0.042 ms clock, 0.061+0.17/18/9.4+0.16 ms cpu, 7->8->8 MB, 8 MB goal, 4 P
HeapAlloc: 8929352 HeapInuse: 9281536 HeapObjects: 150410 HeapIdle 4710400 HeapReleased 0 HeapSys 13991936
gc 516 @7.235s 1%: 0.010+0.16+0.035 ms clock, 0.043+0/0.13/0.18+0.14 ms cpu, 8->8->0 MB, 17 MB goal, 4 P (forced)
gc 517 @7.237s 1%: 0.011+0.20+0.020 ms clock, 0.047+0/0.054/0.19+0.080 ms cpu, 0->0->0 MB, 4 MB goal, 4 P (forced)
gc 518 @7.308s 1%: 0.013+4.3+0.021 ms clock, 0.054+0.21/4.3/6.6+0.085 ms cpu, 4->4->4 MB, 5 MB goal, 4 P
gc 519 @7.373s 1%: 0.012+8.1+0.039 ms clock, 0.048+0.21/8.0/15+0.15 ms cpu, 7->8->8 MB, 8 MB goal, 4 P
HeapAlloc: 8929448 HeapInuse: 9265152 HeapObjects: 150411 HeapIdle 6955008 HeapReleased 0 HeapSys 16220160
gc 520 @7.386s 1%: 0.007+0.15+0.018 ms clock, 0.030+0/0.10/0.21+0.075 ms cpu, 8->8->0 MB, 16 MB goal, 4 P (forced)
gc 521 @7.386s 1%: 0.004+0.10+0.019 ms clock, 0.018+0/0.076/0.17+0.076 ms cpu, 0->0->0 MB, 4 MB goal, 4 P (forced)
gc 522 @7.466s 1%: 0.013+6.4+0.058 ms clock, 0.052+0.17/6.2/7.6+0.23 ms cpu, 4->4->4 MB, 5 MB goal, 4 P
gc 523 @7.555s 1%: 0.016+15+0.076 ms clock, 0.065+0.18/15/25+0.30 ms cpu, 7->8->8 MB, 8 MB goal, 4 P
HeapAlloc: 8929640 HeapInuse: 9265152 HeapObjects: 150413 HeapIdle 6922240 HeapReleased 0 HeapSys 16187392
gc 524 @7.574s 1%: 0.011+0.55+0.041 ms clock, 0.044+0/0.53/0.21+0.16 ms cpu, 8->8->0 MB, 17 MB goal, 4 P (forced)
gc 525 @7.576s 1%: 0.006+0.22+0.025 ms clock, 0.026+0/0.085/0.27+0.10 ms cpu, 0->0->0 MB, 4 MB goal, 4 P (forced)
gc 526 @7.654s 1%: 0.013+4.9+0.024 ms clock, 0.052+0.22/4.8/8.4+0.096 ms cpu, 4->4->4 MB, 5 MB goal, 4 P
gc 527 @7.722s 1%: 0.011+9.4+0.064 ms clock, 0.047+0.21/9.4/14+0.25 ms cpu, 7->8->8 MB, 8 MB goal, 4 P
HeapAlloc: 8929768 HeapInuse: 9265152 HeapObjects: 150416 HeapIdle 6955008 HeapReleased 0 HeapSys 16220160
gc 528 @7.736s 1%: 0.005+0.13+0.020 ms clock, 0.020+0/0.095/0.17+0.081 ms cpu, 8->8->0 MB, 16 MB goal, 4 P (forced)
gc 529 @7.737s 1%: 0.006+0.10+0.024 ms clock, 0.026+0/0.066/0.14+0.096 ms cpu, 0->0->0 MB, 4 MB goal, 4 P (forced)
gc 530 @7.799s 1%: 0.012+4.7+0.025 ms clock, 0.051+0.21/4.6/4.6+0.10 ms cpu, 4->4->4 MB, 5 MB goal, 4 P
gc 531 @7.865s 1%: 0.016+14+0.033 ms clock, 0.065+0.22/14/3.6+0.13 ms cpu, 7->8->8 MB, 8 MB goal, 4 P
HeapAlloc: 8929832 HeapInuse: 9265152 HeapObjects: 150415 HeapIdle 6955008 HeapReleased 0 HeapSys 16220160
gc 532 @7.880s 1%: 0.005+0.12+0.042 ms clock, 0.020+0/0.11/0.25+0.17 ms cpu, 8->8->0 MB, 16 MB goal, 4 P (forced)
gc 533 @7.881s 1%: 0.043+0.10+0.029 ms clock, 0.17+0/0.083/0.14+0.11 ms cpu, 0->0->0 MB, 4 MB goal, 4 P (forced)
gc 534 @7.971s 1%: 0.014+6.5+0.030 ms clock, 0.058+0.29/6.4/7.6+0.12 ms cpu, 4->4->4 MB, 5 MB goal, 4 P
gc 535 @8.067s 1%: 0.013+8.3+0.10 ms clock, 0.055+0.21/8.2/16+0.41 ms cpu, 7->8->8 MB, 8 MB goal, 4 P
HeapAlloc: 8929832 HeapInuse: 9265152 HeapObjects: 150415 HeapIdle 6955008 HeapReleased 0 HeapSys 16220160
gc 536 @8.082s 1%: 0.008+0.12+0.040 ms clock, 0.034+0/0.093/0.18+0.16 ms cpu, 8->8->0 MB, 16 MB goal, 4 P (forced)
gc 537 @8.083s 1%: 0.005+0.13+0.024 ms clock, 0.020+0/0.10/0.11+0.097 ms cpu, 0->0->0 MB, 4 MB goal, 4 P (forced)
gc 538 @8.144s 1%: 0.012+6.0+0.028 ms clock, 0.050+0.21/6.0/2.6+0.11 ms cpu, 4->4->4 MB, 5 MB goal, 4 P
gc 539 @8.206s 1%: 0.012+9.2+0.22 ms clock, 0.050+0.22/9.1/13+0.91 ms cpu, 7->8->8 MB, 8 MB goal, 4 P
HeapAlloc: 8929832 HeapInuse: 9265152 HeapObjects: 150415 HeapIdle 6955008 HeapReleased 0 HeapSys 16220160
gc 540 @8.218s 1%: 0.007+0.12+0.020 ms clock, 0.031+0/0.095/0.16+0.080 ms cpu, 8->8->0 MB, 16 MB goal, 4 P (forced)
  100000	      1359 ns/op	      88 B/op	       2 allocs/op
gc 541 @8.219s 1%: 0.005+0.086+0.018 ms clock, 0.023+0/0.070/0.14+0.075 ms cpu, 0->0->0 MB, 4 MB goal, 4 P (forced)
gc 542 @8.222s 1%: 0.010+3.2+0.039 ms clock, 0.043+0.13/3.1/0.13+0.15 ms cpu, 7->7->7 MB, 8 MB goal, 4 P
HeapAlloc: 8933432 HeapInuse: 9240576 HeapObjects: 50416 HeapIdle 6979584 HeapReleased 0 HeapSys 16220160
gc 543 @8.350s 1%: 0.007+0.14+0.024 ms clock, 0.029+0/0.12/0.17+0.099 ms cpu, 8->8->0 MB, 15 MB goal, 4 P (forced)
BenchmarkSetInsertWithBuf1E5-4          	gc 544 @8.350s 1%: 0.038+0.10+0.028 ms clock, 0.15+0/0.078/0.11+0.11 ms cpu, 0->0->0 MB, 7 MB goal, 4 P (forced)
gc 545 @8.353s 1%: 0.010+6.6+0.062 ms clock, 0.043+0.059/2.9/4.8+0.24 ms cpu, 7->7->7 MB, 8 MB goal, 4 P
HeapAlloc: 8933464 HeapInuse: 9240576 HeapObjects: 50417 HeapIdle 6979584 HeapReleased 0 HeapSys 16220160
gc 546 @8.476s 1%: 0.006+0.12+0.025 ms clock, 0.025+0/0.094/0.14+0.10 ms cpu, 8->8->0 MB, 15 MB goal, 4 P (forced)
gc 547 @8.476s 1%: 0.007+0.091+0.041 ms clock, 0.030+0/0.070/0.082+0.16 ms cpu, 0->0->0 MB, 7 MB goal, 4 P (forced)
gc 548 @8.479s 1%: 0.011+4.1+0.033 ms clock, 0.045+0.089/4.0/4.0+0.13 ms cpu, 7->7->7 MB, 8 MB goal, 4 P
HeapAlloc: 8933464 HeapInuse: 9240576 HeapObjects: 50417 HeapIdle 6979584 HeapReleased 0 HeapSys 16220160
gc 549 @8.652s 1%: 0.007+0.16+0.042 ms clock, 0.029+0/0.14/0.13+0.16 ms cpu, 8->8->0 MB, 15 MB goal, 4 P (forced)
gc 550 @8.652s 1%: 0.007+0.17+0.032 ms clock, 0.031+0/0.11/0.081+0.13 ms cpu, 0->0->0 MB, 7 MB goal, 4 P (forced)
gc 551 @8.656s 1%: 0.013+6.7+0.031 ms clock, 0.054+0.20/6.6/0.46+0.12 ms cpu, 7->7->7 MB, 8 MB goal, 4 P
HeapAlloc: 8933464 HeapInuse: 9240576 HeapObjects: 50417 HeapIdle 6979584 HeapReleased 0 HeapSys 16220160
gc 552 @8.795s 1%: 0.009+0.14+0.066 ms clock, 0.039+0/0.12/0.12+0.26 ms cpu, 8->8->0 MB, 15 MB goal, 4 P (forced)
gc 553 @8.796s 1%: 0.017+0.092+0.026 ms clock, 0.068+0/0.079/0.13+0.10 ms cpu, 0->0->0 MB, 7 MB goal, 4 P (forced)
gc 554 @8.799s 1%: 0.011+3.6+0.029 ms clock, 0.044+0.057/3.5/0.17+0.11 ms cpu, 7->7->7 MB, 8 MB goal, 4 P
HeapAlloc: 8933464 HeapInuse: 9240576 HeapObjects: 50417 HeapIdle 6979584 HeapReleased 0 HeapSys 16220160
gc 555 @8.960s 1%: 0.006+0.14+0.030 ms clock, 0.026+0/0.097/0.16+0.12 ms cpu, 8->8->0 MB, 15 MB goal, 4 P (forced)
gc 556 @8.961s 1%: 0.030+0.12+0.024 ms clock, 0.12+0/0.10/0.095+0.098 ms cpu, 0->0->0 MB, 7 MB goal, 4 P (forced)
gc 557 @8.964s 1%: 0.015+5.3+0.082 ms clock, 0.062+0.13/5.2/0.13+0.33 ms cpu, 7->7->7 MB, 8 MB goal, 4 P
HeapAlloc: 8933464 HeapInuse: 9240576 HeapObjects: 50417 HeapIdle 6979584 HeapReleased 0 HeapSys 16220160
gc 558 @9.116s 1%: 0.007+0.15+0.027 ms clock, 0.029+0/0.11/0.17+0.11 ms cpu, 8->8->0 MB, 15 MB goal, 4 P (forced)
gc 559 @9.116s 1%: 0.047+0.17+0.027 ms clock, 0.19+0/0.11/0.20+0.11 ms cpu, 0->0->0 MB, 7 MB goal, 4 P (forced)
gc 560 @9.120s 1%: 0.012+3.9+0.045 ms clock, 0.051+0.065/3.6/0.57+0.18 ms cpu, 7->7->7 MB, 8 MB goal, 4 P
HeapAlloc: 8933464 HeapInuse: 9240576 HeapObjects: 50417 HeapIdle 6979584 HeapReleased 0 HeapSys 16220160
gc 561 @9.259s 1%: 0.005+0.15+0.022 ms clock, 0.023+0/0.10/0.080+0.089 ms cpu, 8->8->0 MB, 15 MB goal, 4 P (forced)
gc 562 @9.259s 1%: 0.005+0.11+0.020 ms clock, 0.022+0/0.061/0.13+0.083 ms cpu, 0->0->0 MB, 7 MB goal, 4 P (forced)
gc 563 @9.263s 1%: 0.011+5.3+0.051 ms clock, 0.044+0.13/5.2/0.13+0.20 ms cpu, 7->7->7 MB, 8 MB goal, 4 P
HeapAlloc: 8933560 HeapInuse: 9240576 HeapObjects: 50418 HeapIdle 6979584 HeapReleased 0 HeapSys 16220160
gc 564 @9.425s 1%: 0.009+0.14+0.041 ms clock, 0.039+0/0.12/0.16+0.16 ms cpu, 8->8->0 MB, 15 MB goal, 4 P (forced)
gc 565 @9.426s 1%: 0.007+0.13+0.025 ms clock, 0.030+0/0.11/0.14+0.10 ms cpu, 0->0->0 MB, 7 MB goal, 4 P (forced)
gc 566 @9.429s 1%: 0.018+4.9+0.055 ms clock, 0.075+0.12/4.8/0.27+0.22 ms cpu, 7->7->7 MB, 8 MB goal, 4 P
HeapAlloc: 8933656 HeapInuse: 9240576 HeapObjects: 50419 HeapIdle 6979584 HeapReleased 0 HeapSys 16220160
gc 567 @9.588s 1%: 0.006+0.13+0.051 ms clock, 0.025+0/0.11/0.15+0.20 ms cpu, 8->8->0 MB, 15 MB goal, 4 P (forced)
gc 568 @9.589s 1%: 0.007+0.10+0.045 ms clock, 0.030+0/0.083/0.15+0.18 ms cpu, 0->0->0 MB, 7 MB goal, 4 P (forced)
gc 569 @9.595s 1%: 0.035+5.0+0.055 ms clock, 0.14+0.10/4.8/0.34+0.22 ms cpu, 7->7->7 MB, 8 MB goal, 4 P
HeapAlloc: 8933752 HeapInuse: 9240576 HeapObjects: 50420 HeapIdle 6979584 HeapReleased 0 HeapSys 16220160
gc 570 @9.723s 1%: 0.014+0.10+0.050 ms clock, 0.059+0/0.090/0.13+0.20 ms cpu, 8->8->0 MB, 15 MB goal, 4 P (forced)
gc 571 @9.723s 1%: 0.005+0.11+0.030 ms clock, 0.023+0/0.063/0.13+0.12 ms cpu, 0->0->0 MB, 7 MB goal, 4 P (forced)
gc 572 @9.726s 1%: 0.011+5.7+0.037 ms clock, 0.045+0.078/5.5/0.46+0.15 ms cpu, 7->7->7 MB, 8 MB goal, 4 P
HeapAlloc: 8933864 HeapInuse: 9240576 HeapObjects: 50422 HeapIdle 6979584 HeapReleased 0 HeapSys 16220160
gc 573 @9.899s 1%: 0.011+0.14+0.035 ms clock, 0.044+0/0.12/0.16+0.14 ms cpu, 8->8->0 MB, 15 MB goal, 4 P (forced)
gc 574 @9.899s 1%: 0.011+0.14+0.026 ms clock, 0.045+0/0.12/0.12+0.10 ms cpu, 0->0->0 MB, 7 MB goal, 4 P (forced)
gc 575 @9.902s 1%: 0.013+4.6+0.053 ms clock, 0.055+0.069/4.4/4.6+0.21 ms cpu, 7->7->7 MB, 8 MB goal, 4 P
HeapAlloc: 8933848 HeapInuse: 9240576 HeapObjects: 50421 HeapIdle 6979584 HeapReleased 0 HeapSys 16220160
gc 576 @10.065s 1%: 0.009+0.17+0.035 ms clock, 0.038+0/0.12/0.16+0.14 ms cpu, 8->8->0 MB, 15 MB goal, 4 P (forced)
gc 577 @10.065s 1%: 0.028+0.14+0.024 ms clock, 0.11+0/0.10/0.16+0.096 ms cpu, 0->0->0 MB, 7 MB goal, 4 P (forced)
gc 578 @10.069s 1%: 0.013+4.2+0.041 ms clock, 0.055+1.2/4.2/0.21+0.16 ms cpu, 7->7->7 MB, 8 MB goal, 4 P
HeapAlloc: 8933848 HeapInuse: 9240576 HeapObjects: 50421 HeapIdle 6979584 HeapReleased 0 HeapSys 16220160
gc 579 @10.203s 1%: 0.006+0.13+0.022 ms clock, 0.027+0/0.086/0.15+0.090 ms cpu, 8->8->0 MB, 15 MB goal, 4 P (forced)
  100000	      1372 ns/op	      88 B/op	       1 allocs/op
gc 580 @10.203s 1%: 0.005+0.095+0.025 ms clock, 0.022+0/0.082/0.14+0.10 ms cpu, 0->0->0 MB, 8 MB goal, 4 P (forced)
gc 581 @10.251s 1%: 0.011+3.8+0.041 ms clock, 0.046+0.22/3.8/5.4+0.16 ms cpu, 4->4->3 MB, 8 MB goal, 4 P
gc 582 @10.286s 1%: 0.013+5.3+0.065 ms clock, 0.053+0.22/5.3/8.7+0.26 ms cpu, 5->5->5 MB, 7 MB goal, 4 P
gc 583 @10.340s 1%: 0.015+16+0.056 ms clock, 0.062+0.26/16/17+0.22 ms cpu, 9->10->9 MB, 10 MB goal, 4 P
gc 584 @10.450s 1%: 0.014+30+0.13 ms clock, 0.057+0.29/30/30+0.53 ms cpu, 17->18->17 MB, 19 MB goal, 4 P
gc 585 @10.648s 1%: 0.016+44+0.022 ms clock, 0.065+7.1/44/79+0.090 ms cpu, 32->35->33 MB, 35 MB goal, 4 P
gc 586 @11.014s 1%: 0.017+79+0.056 ms clock, 0.070+0.31/78/156+0.22 ms cpu, 62->64->61 MB, 67 MB goal, 4 P
HeapAlloc: 81931752 HeapInuse: 82534400 HeapObjects: 1113022 HeapIdle 794624 HeapReleased 0 HeapSys 83329024
gc 587 @11.363s 1%: 0.007+0.36+0.041 ms clock, 0.030+0/0.32/0.60+0.16 ms cpu, 78->78->0 MB, 123 MB goal, 4 P (forced)
BenchmarkRBTreeInsert1E6-4              	gc 588 @11.371s 1%: 0.036+0.14+0.029 ms clock, 0.14+0/0.10/0.17+0.11 ms cpu, 0->0->0 MB, 4 MB goal, 4 P (forced)
gc 589 @11.434s 1%: 0.015+4.0+0.032 ms clock, 0.060+0.28/3.9/7.6+0.13 ms cpu, 4->4->3 MB, 5 MB goal, 4 P
gc 590 @11.494s 1%: 0.016+8.6+0.024 ms clock, 0.065+0.26/8.4/16+0.099 ms cpu, 7->7->7 MB, 8 MB goal, 4 P
gc 591 @11.566s 1%: 0.014+12+0.033 ms clock, 0.056+0.25/12/24+0.13 ms cpu, 13->14->13 MB, 14 MB goal, 4 P
gc 592 @11.713s 2%: 0.015+40+0.094 ms clock, 0.063+0.35/39/54+0.37 ms cpu, 25->26->25 MB, 26 MB goal, 4 P
gc 593 @12.015s 2%: 0.018+101+0.097 ms clock, 0.075+0.38/101/84+0.38 ms cpu, 48->51->48 MB, 51 MB goal, 4 P
HeapAlloc: 83261880 HeapInuse: 83869696 HeapObjects: 1196154 HeapIdle 507904 HeapReleased 0 HeapSys 84377600
gc 594 @12.464s 2%: 0.006+0.33+0.039 ms clock, 0.027+0/0.30/0.59+0.15 ms cpu, 79->79->0 MB, 97 MB goal, 4 P (forced)
gc 595 @12.472s 2%: 0.004+0.10+0.049 ms clock, 0.019+0/0.070/0.15+0.19 ms cpu, 0->0->0 MB, 4 MB goal, 4 P (forced)
gc 596 @12.537s 2%: 0.016+4.5+0.029 ms clock, 0.066+0.27/4.5/8.3+0.11 ms cpu, 4->4->3 MB, 5 MB goal, 4 P
gc 597 @12.603s 2%: 0.015+9.2+0.090 ms clock, 0.063+0.29/9.2/15+0.36 ms cpu, 7->7->7 MB, 8 MB goal, 4 P
gc 598 @12.680s 2%: 0.015+13+0.052 ms clock, 0.063+0.25/13/24+0.21 ms cpu, 13->14->13 MB, 14 MB goal, 4 P
gc 599 @12.801s 2%: 0.014+29+0.076 ms clock, 0.056+1.9/28/42+0.30 ms cpu, 26->27->26 MB, 27 MB goal, 4 P
gc 600 @13.090s 2%: 0.015+94+0.093 ms clock, 0.062+0.31/94/79+0.37 ms cpu, 49->52->49 MB, 52 MB goal, 4 P
HeapAlloc: 83161528 HeapInuse: 83771392 HeapObjects: 1189882 HeapIdle 606208 HeapReleased 0 HeapSys 84377600
gc 601 @13.530s 2%: 0.006+0.34+0.040 ms clock, 0.026+0/0.33/0.60+0.16 ms cpu, 79->79->0 MB, 99 MB goal, 4 P (forced)
gc 602 @13.536s 2%: 0.013+0.24+0.066 ms clock, 0.055+0/0.23/0.055+0.26 ms cpu, 0->0->0 MB, 4 MB goal, 4 P (forced)
gc 603 @13.585s 2%: 0.013+3.5+0.022 ms clock, 0.054+0.21/3.4/6.0+0.090 ms cpu, 4->4->3 MB, 5 MB goal, 4 P
gc 604 @13.635s 2%: 0.011+6.6+0.026 ms clock, 0.044+0.20/6.5/11+0.10 ms cpu, 7->7->7 MB, 8 MB goal, 4 P
gc 605 @13.691s 2%: 0.012+13+0.055 ms clock, 0.048+0.21/12/22+0.22 ms cpu, 13->14->13 MB, 14 MB goal, 4 P
gc 606 @13.811s 2%: 0.013+25+0.021 ms clock, 0.053+0.25/25/47+0.085 ms cpu, 26->27->26 MB, 27 MB goal, 4 P
gc 607 @14.183s 2%: 0.015+81+0.064 ms clock, 0.061+8.4/81/129+0.25 ms cpu, 49->51->49 MB, 52 MB goal, 4 P
HeapAlloc: 83159976 HeapInuse: 83763200 HeapObjects: 1189780 HeapIdle 614400 HeapReleased 0 HeapSys 84377600
gc 608 @14.704s 2%: 0.010+0.32+0.067 ms clock, 0.041+0/0.31/0.49+0.26 ms cpu, 79->79->0 MB, 99 MB goal, 4 P (forced)
gc 609 @14.714s 2%: 0.024+0.34+0.066 ms clock, 0.097+0/0.25/0.31+0.26 ms cpu, 0->0->0 MB, 4 MB goal, 4 P (forced)
gc 610 @14.787s 2%: 0.013+3.7+0.039 ms clock, 0.054+0.22/3.6/6.7+0.15 ms cpu, 4->4->3 MB, 5 MB goal, 4 P
gc 611 @14.848s 2%: 0.019+9.9+0.19 ms clock, 0.076+0.24/9.7/19+0.77 ms cpu, 7->7->7 MB, 8 MB goal, 4 P
gc 612 @14.930s 2%: 0.014+15+0.076 ms clock, 0.057+0.25/15/26+0.30 ms cpu, 13->14->13 MB, 14 MB goal, 4 P
gc 613 @15.054s 2%: 0.013+24+0.11 ms clock, 0.052+0.25/24/48+0.44 ms cpu, 26->27->25 MB, 27 MB goal, 4 P
gc 614 @15.320s 2%: 0.023+70+0.094 ms clock, 0.095+0.43/70/133+0.37 ms cpu, 49->51->48 MB, 51 MB goal, 4 P
HeapAlloc: 83175480 HeapInuse: 83779584 HeapObjects: 1190749 HeapIdle 598016 HeapReleased 0 HeapSys 84377600
gc 615 @15.880s 2%: 0.009+0.43+0.057 ms clock, 0.037+0/0.40/0.39+0.22 ms cpu, 79->79->0 MB, 97 MB goal, 4 P (forced)
gc 616 @15.890s 2%: 0.019+0.14+0.033 ms clock, 0.078+0/0.10/0.17+0.13 ms cpu, 0->0->0 MB, 4 MB goal, 4 P (forced)
gc 617 @15.957s 2%: 0.015+4.2+0.033 ms clock, 0.060+0.22/4.1/7.0+0.13 ms cpu, 4->4->3 MB, 5 MB goal, 4 P
gc 618 @16.010s 2%: 0.012+12+0.14 ms clock, 0.051+0.14/12/12+0.56 ms cpu, 7->7->7 MB, 8 MB goal, 4 P
gc 619 @16.075s 2%: 0.014+16+0.060 ms clock, 0.057+0.24/16/23+0.24 ms cpu, 14->14->14 MB, 15 MB goal, 4 P
gc 620 @16.261s 2%: 0.018+35+0.083 ms clock, 0.074+0.30/35/57+0.33 ms cpu, 26->27->26 MB, 28 MB goal, 4 P
gc 621 @16.631s 2%: 0.017+77+0.12 ms clock, 0.068+0.36/77/121+0.50 ms cpu, 50->52->49 MB, 53 MB goal, 4 P
HeapAlloc: 83097144 HeapInuse: 83705856 HeapObjects: 1185853 HeapIdle 671744 HeapReleased 0 HeapSys 84377600
gc 622 @17.059s 2%: 0.006+0.28+0.028 ms clock, 0.026+0/0.25/0.24+0.11 ms cpu, 79->79->0 MB, 99 MB goal, 4 P (forced)
gc 623 @17.064s 2%: 0.005+0.086+0.019 ms clock, 0.021+0/0.069/0.17+0.078 ms cpu, 0->0->0 MB, 4 MB goal, 4 P (forced)
gc 624 @17.111s 2%: 0.015+3.4+0.018 ms clock, 0.060+0.21/3.4/6.4+0.072 ms cpu, 4->4->3 MB, 5 MB goal, 4 P
gc 625 @17.161s 2%: 0.012+6.9+0.13 ms clock, 0.048+0.20/6.8/11+0.53 ms cpu, 7->7->7 MB, 8 MB goal, 4 P
gc 626 @17.219s 2%: 0.016+19+0.033 ms clock, 0.066+0.23/19/25+0.13 ms cpu, 13->14->14 MB, 14 MB goal, 4 P
gc 627 @17.368s 2%: 0.015+29+0.056 ms clock, 0.062+0.23/28/52+0.22 ms cpu, 26->27->26 MB, 28 MB goal, 4 P
gc 628 @17.666s 2%: 0.014+109+0.11 ms clock, 0.057+22/106/101+0.47 ms cpu, 50->52->50 MB, 52 MB goal, 4 P
HeapAlloc: 83122440 HeapInuse: 83730432 HeapObjects: 1187434 HeapIdle 647168 HeapReleased 0 HeapSys 84377600
gc 629 @18.205s 2%: 0.007+0.37+0.044 ms clock, 0.030+0/0.34/0.33+0.17 ms cpu, 79->79->0 MB, 101 MB goal, 4 P (forced)
gc 630 @18.223s 2%: 0.071+0.28+0.060 ms clock, 0.28+0/0.22/0.27+0.24 ms cpu, 0->0->0 MB, 4 MB goal, 4 P (forced)
gc 631 @18.326s 2%: 0.029+7.9+0.066 ms clock, 0.11+0.27/7.7/7.8+0.26 ms cpu, 4->4->3 MB, 5 MB goal, 4 P
gc 632 @18.396s 2%: 0.020+10+0.076 ms clock, 0.083+0.26/10/12+0.30 ms cpu, 7->7->7 MB, 8 MB goal, 4 P
gc 633 @18.467s 2%: 0.014+14+0.10 ms clock, 0.056+0.25/14/22+0.41 ms cpu, 13->14->14 MB, 14 MB goal, 4 P
gc 634 @18.625s 2%: 0.015+34+0.035 ms clock, 0.062+0.29/34/66+0.14 ms cpu, 26->27->26 MB, 28 MB goal, 4 P
gc 635 @18.980s 2%: 0.015+73+0.077 ms clock, 0.061+1.9/73/113+0.30 ms cpu, 49->51->49 MB, 52 MB goal, 4 P
HeapAlloc: 83154264 HeapInuse: 83763200 HeapObjects: 1189423 HeapIdle 614400 HeapReleased 0 HeapSys 84377600
gc 636 @19.408s 2%: 0.006+0.30+0.055 ms clock, 0.024+0/0.28/0.54+0.22 ms cpu, 79->79->0 MB, 98 MB goal, 4 P (forced)
gc 637 @19.415s 2%: 0.005+0.092+0.030 ms clock, 0.021+0/0.074/0.13+0.12 ms cpu, 0->0->0 MB, 4 MB goal, 4 P (forced)
gc 638 @19.492s 2%: 0.020+5.4+0.038 ms clock, 0.080+0.21/5.3/9.0+0.15 ms cpu, 4->4->3 MB, 5 MB goal, 4 P
gc 639 @19.562s 2%: 0.015+8.8+0.039 ms clock, 0.062+0.29/8.7/17+0.15 ms cpu, 7->7->7 MB, 8 MB goal, 4 P
gc 640 @19.651s 2%: 0.016+19+0.036 ms clock, 0.065+0.32/19/38+0.14 ms cpu, 13->14->13 MB, 14 MB goal, 4 P
gc 641 @19.803s 2%: 0.013+26+0.018 ms clock, 0.052+1.1/26/41+0.073 ms cpu, 26->27->26 MB, 27 MB goal, 4 P
gc 642 @20.076s 2%: 0.015+71+0.080 ms clock, 0.062+2.8/70/110+0.32 ms cpu, 50->52->49 MB, 52 MB goal, 4 P
HeapAlloc: 83143784 HeapInuse: 83746816 HeapObjects: 1188768 HeapIdle 630784 HeapReleased 0 HeapSys 84377600
gc 643 @20.498s 2%: 0.006+0.42+0.042 ms clock, 0.025+0/0.37/0.36+0.16 ms cpu, 79->79->0 MB, 99 MB goal, 4 P (forced)
gc 644 @20.503s 2%: 0.008+0.10+0.032 ms clock, 0.032+0/0.087/0.15+0.13 ms cpu, 0->0->0 MB, 4 MB goal, 4 P (forced)
gc 645 @20.607s 2%: 0.018+6.4+0.13 ms clock, 0.072+0.35/6.4/9.7+0.52 ms cpu, 4->4->3 MB, 5 MB goal, 4 P
gc 646 @20.690s 2%: 0.015+9.3+0.020 ms clock, 0.062+0.16/9.2/13+0.083 ms cpu, 7->7->7 MB, 8 MB goal, 4 P
gc 647 @20.765s 2%: 0.015+18+0.032 ms clock, 0.063+0.26/18/36+0.12 ms cpu, 13->14->13 MB, 14 MB goal, 4 P
gc 648 @20.903s 2%: 0.014+31+0.043 ms clock, 0.059+6.8/30/31+0.17 ms cpu, 26->27->26 MB, 27 MB goal, 4 P
gc 649 @21.169s 2%: 0.014+87+0.22 ms clock, 0.056+0.38/87/172+0.88 ms cpu, 50->51->49 MB, 53 MB goal, 4 P
HeapAlloc: 83138936 HeapInuse: 83746816 HeapObjects: 1188465 HeapIdle 630784 HeapReleased 0 HeapSys 84377600
gc 650 @21.649s 2%: 0.015+0.28+0.032 ms clock, 0.063+0/0.25/0.48+0.13 ms cpu, 79->79->0 MB, 98 MB goal, 4 P (forced)
gc 651 @21.656s 2%: 0.016+0.13+0.020 ms clock, 0.065+0/0.090/0.10+0.083 ms cpu, 0->0->0 MB, 4 MB goal, 4 P (forced)
gc 652 @21.705s 2%: 0.014+5.0+0.038 ms clock, 0.057+0.14/5.0/5.6+0.15 ms cpu, 4->4->3 MB, 5 MB goal, 4 P
gc 653 @21.770s 2%: 0.094+14+0.10 ms clock, 0.37+0.48/14/9.9+0.41 ms cpu, 7->7->7 MB, 8 MB goal, 4 P
gc 654 @21.864s 2%: 0.015+17+0.029 ms clock, 0.062+0.28/17/32+0.11 ms cpu, 14->14->14 MB, 15 MB goal, 4 P
gc 655 @22.027s 2%: 0.020+43+0.23 ms clock, 0.081+0.30/43/60+0.93 ms cpu, 26->28->26 MB, 28 MB goal, 4 P
gc 656 @22.506s 2%: 0.017+106+0.068 ms clock, 0.069+0.36/105/180+0.27 ms cpu, 50->53->50 MB, 53 MB goal, 4 P
HeapAlloc: 83080920 HeapInuse: 83689472 HeapObjects: 1184834 HeapIdle 688128 HeapReleased 0 HeapSys 84377600
gc 657 @22.992s 2%: 0.007+0.31+0.023 ms clock, 0.028+0/0.29/0.66+0.093 ms cpu, 79->79->0 MB, 101 MB goal, 4 P (forced)
gc 658 @22.999s 2%: 0.005+0.089+0.017 ms clock, 0.022+0/0.075/0.12+0.071 ms cpu, 0->0->0 MB, 4 MB goal, 4 P (forced)
gc 659 @23.049s 2%: 0.014+4.7+0.034 ms clock, 0.058+0.14/4.5/4.5+0.13 ms cpu, 4->4->3 MB, 5 MB goal, 4 P
gc 660 @23.119s 2%: 0.020+12+0.10 ms clock, 0.083+0.34/11/23+0.42 ms cpu, 7->7->7 MB, 8 MB goal, 4 P
gc 661 @23.267s 2%: 0.018+23+0.046 ms clock, 0.072+0.31/22/35+0.18 ms cpu, 13->14->14 MB, 14 MB goal, 4 P
gc 662 @23.487s 2%: 0.014+90+0.28 ms clock, 0.058+4.9/89/118+1.1 ms cpu, 26->28->26 MB, 28 MB goal, 4 P
gc 663 @23.948s 2%: 0.018+118+0.25 ms clock, 0.075+0.23/118/224+1.0 ms cpu, 50->51->49 MB, 53 MB goal, 4 P
HeapAlloc: 83111208 HeapInuse: 83714048 HeapObjects: 1186722 HeapIdle 663552 HeapReleased 0 HeapSys 84377600
gc 664 @24.595s 2%: 0.014+0.64+0.10 ms clock, 0.058+0/0.61/1.6+0.41 ms cpu, 79->79->0 MB, 99 MB goal, 4 P (forced)
 1000000	      1607 ns/op	      88 B/op	       2 allocs/op
gc 665 @24.607s 2%: 0.008+0.16+0.030 ms clock, 0.033+0/0.11/0.19+0.12 ms cpu, 0->0->0 MB, 4 MB goal, 4 P (forced)
gc 666 @24.634s 2%: 0.014+33+0.21 ms clock, 0.059+0.19/31/58+0.87 ms cpu, 68->68->68 MB, 69 MB goal, 4 P
gc 667 @24.815s 2%: 0.014+45+0.056 ms clock, 0.059+0.14/44/24+0.22 ms cpu, 69->70->69 MB, 137 MB goal, 4 P
HeapAlloc: 79016200 HeapInuse: 79323136 HeapObjects: 430304 HeapIdle 5054464 HeapReleased 0 HeapSys 84377600
gc 668 @25.965s 2%: 0.013+0.24+0.075 ms clock, 0.053+0/0.21/0.34+0.30 ms cpu, 75->75->0 MB, 138 MB goal, 4 P (forced)
BenchmarkRBTreeInsertWithBuf1E6-4       	gc 669 @25.967s 2%: 0.015+0.28+0.044 ms clock, 0.063+0/0.23/0.22+0.17 ms cpu, 0->0->0 MB, 5 MB goal, 4 P (forced)
gc 670 @26.010s 2%: 0.028+78+0.086 ms clock, 0.11+0.46/77/62+0.34 ms cpu, 68->68->68 MB, 69 MB goal, 4 P
gc 671 @26.351s 2%: 0.027+79+0.076 ms clock, 0.10+0.46/79/0.51+0.30 ms cpu, 69->70->69 MB, 137 MB goal, 4 P
HeapAlloc: 78975288 HeapInuse: 79282176 HeapObjects: 427745 HeapIdle 5095424 HeapReleased 0 HeapSys 84377600
gc 672 @28.669s 2%: 0.015+0.28+0.049 ms clock, 0.062+0/0.22/0.21+0.19 ms cpu, 75->75->0 MB, 138 MB goal, 4 P (forced)
gc 673 @28.671s 2%: 0.21+0.16+0.069 ms clock, 0.86+0/0.10/0.40+0.27 ms cpu, 0->0->0 MB, 5 MB goal, 4 P (forced)
gc 674 @28.709s 2%: 0.022+93+0.059 ms clock, 0.088+0.36/93/35+0.23 ms cpu, 68->68->68 MB, 69 MB goal, 4 P
gc 675 @29.115s 2%: 0.93+144+0.093 ms clock, 3.7+0/144/1.2+0.37 ms cpu, 69->70->69 MB, 137 MB goal, 4 P
HeapAlloc: 78958920 HeapInuse: 79265792 HeapObjects: 426722 HeapIdle 5111808 HeapReleased 0 HeapSys 84377600
gc 676 @31.431s 2%: 0.025+0.90+0.19 ms clock, 0.10+0/0.37/0.36+0.76 ms cpu, 75->75->0 MB, 138 MB goal, 4 P (forced)
gc 677 @31.434s 2%: 0.073+0.68+0.32 ms clock, 0.29+0/0.56/0+1.2 ms cpu, 0->0->0 MB, 5 MB goal, 4 P (forced)
gc 678 @31.491s 2%: 0.031+74+0.11 ms clock, 0.12+0.44/73/123+0.47 ms cpu, 68->68->68 MB, 69 MB goal, 4 P
gc 679 @31.977s 2%: 0.031+68+0.083 ms clock, 0.12+0.41/67/129+0.33 ms cpu, 69->69->68 MB, 137 MB goal, 4 P
HeapAlloc: 79016248 HeapInuse: 79323136 HeapObjects: 430305 HeapIdle 5054464 HeapReleased 0 HeapSys 84377600
gc 680 @34.211s 2%: 0.018+0.31+0.10 ms clock, 0.072+0/0.28/0.45+0.43 ms cpu, 75->75->0 MB, 137 MB goal, 4 P (forced)
gc 681 @34.213s 2%: 0.015+0.30+0.10 ms clock, 0.061+0/0.22/0.42+0.40 ms cpu, 0->0->0 MB, 5 MB goal, 4 P (forced)
gc 682 @34.265s 2%: 0.030+92+0.22 ms clock, 0.12+0.31/88/169+0.89 ms cpu, 68->68->68 MB, 69 MB goal, 4 P
gc 683 @34.940s 2%: 0.099+158+0.37 ms clock, 0.39+0.76/157/79+1.4 ms cpu, 69->70->69 MB, 137 MB goal, 4 P
HeapAlloc: 79016248 HeapInuse: 79323136 HeapObjects: 430305 HeapIdle 5054464 HeapReleased 0 HeapSys 84377600
gc 684 @37.570s 2%: 0.024+0.51+0.12 ms clock, 0.097+0/0.48/0.39+0.51 ms cpu, 75->75->0 MB, 138 MB goal, 4 P (forced)
gc 685 @37.573s 2%: 0.27+1.7+0.27 ms clock, 1.0+0/0.39/1.7+1.1 ms cpu, 0->0->0 MB, 5 MB goal, 4 P (forced)
gc 686 @37.625s 2%: 0.034+82+0.068 ms clock, 0.13+0.20/81/115+0.27 ms cpu, 68->68->68 MB, 69 MB goal, 4 P
gc 687 @38.114s 2%: 0.032+112+0.11 ms clock, 0.13+0.61/111/0.90+0.47 ms cpu, 69->70->69 MB, 137 MB goal, 4 P
HeapAlloc: 79016248 HeapInuse: 79323136 HeapObjects: 430305 HeapIdle 5054464 HeapReleased 0 HeapSys 84377600
gc 688 @40.478s 2%: 0.025+0.34+0.25 ms clock, 0.10+0/0.30/0.43+1.0 ms cpu, 75->75->0 MB, 138 MB goal, 4 P (forced)
gc 689 @40.481s 2%: 0.022+0.31+0.073 ms clock, 0.091+0/0.27/0.36+0.29 ms cpu, 0->0->0 MB, 5 MB goal, 4 P (forced)
gc 690 @40.531s 2%: 0.027+81+0.19 ms clock, 0.10+0.31/80/128+0.76 ms cpu, 68->68->68 MB, 69 MB goal, 4 P
gc 691 @41.071s 2%: 0.033+75+0.077 ms clock, 0.13+0.66/74/135+0.31 ms cpu, 69->69->68 MB, 137 MB goal, 4 P
HeapAlloc: 79040936 HeapInuse: 79347712 HeapObjects: 431843 HeapIdle 5029888 HeapReleased 0 HeapSys 84377600
gc 692 @43.322s 2%: 0.029+0.42+0.066 ms clock, 0.11+0/0.34/0.71+0.26 ms cpu, 75->75->0 MB, 137 MB goal, 4 P (forced)
gc 693 @43.324s 2%: 0.043+0.69+0.065 ms clock, 0.17+0/0.63/0+0.26 ms cpu, 0->0->0 MB, 5 MB goal, 4 P (forced)
gc 694 @43.372s 2%: 0.033+79+0.14 ms clock, 0.13+0.31/78/144+0.58 ms cpu, 68->68->68 MB, 69 MB goal, 4 P
gc 695 @43.867s 2%: 0.033+98+0.13 ms clock, 0.13+0.41/98/63+0.54 ms cpu, 69->70->68 MB, 137 MB goal, 4 P
HeapAlloc: 79016376 HeapInuse: 79323136 HeapObjects: 430308 HeapIdle 5054464 HeapReleased 0 HeapSys 84377600
gc 696 @46.441s 2%: 0.017+0.45+0.074 ms clock, 0.069+0/0.36/0.35+0.29 ms cpu, 75->75->0 MB, 137 MB goal, 4 P (forced)
gc 697 @46.444s 2%: 0.015+0.31+0.10 ms clock, 0.061+0/0.22/0.42+0.42 ms cpu, 0->0->0 MB, 5 MB goal, 4 P (forced)
gc 698 @46.494s 2%: 0.029+76+0.29 ms clock, 0.11+0.32/74/145+1.1 ms cpu, 68->68->68 MB, 69 MB goal, 4 P
gc 699 @46.969s 2%: 0.033+67+0.066 ms clock, 0.13+0.41/66/130+0.26 ms cpu, 69->69->68 MB, 137 MB goal, 4 P
HeapAlloc: 79032728 HeapInuse: 79339520 HeapObjects: 431330 HeapIdle 5038080 HeapReleased 0 HeapSys 84377600
gc 700 @49.296s 2%: 0.015+0.47+0.079 ms clock, 0.062+0/0.26/0.30+0.31 ms cpu, 75->75->0 MB, 137 MB goal, 4 P (forced)
gc 701 @49.300s 2%: 0.052+0.36+0.063 ms clock, 0.20+0/0.27/0.38+0.25 ms cpu, 0->0->0 MB, 5 MB goal, 4 P (forced)
gc 702 @49.354s 2%: 0.032+138+0.33 ms clock, 0.13+0.49/138/68+1.3 ms cpu, 68->68->68 MB, 69 MB goal, 4 P
gc 703 @49.887s 2%: 0.032+145+0.10 ms clock, 0.12+0.71/144/84+0.41 ms cpu, 69->70->69 MB, 137 MB goal, 4 P
HeapAlloc: 78959096 HeapInuse: 79265792 HeapObjects: 426723 HeapIdle 5111808 HeapReleased 0 HeapSys 84377600
gc 704 @52.411s 2%: 0.016+0.38+0.071 ms clock, 0.065+0/0.30/0.25+0.28 ms cpu, 75->75->0 MB, 138 MB goal, 4 P (forced)
gc 705 @52.414s 2%: 0.013+0.32+0.054 ms clock, 0.055+0/0.22/0.27+0.21 ms cpu, 0->0->0 MB, 5 MB goal, 4 P (forced)
gc 706 @52.463s 2%: 0.026+88+0.26 ms clock, 0.10+0.17/88/153+1.0 ms cpu, 68->68->68 MB, 69 MB goal, 4 P
gc 707 @52.941s 2%: 0.031+146+0.11 ms clock, 0.12+0.79/146/0.49+0.47 ms cpu, 69->70->69 MB, 137 MB goal, 4 P
HeapAlloc: 79000056 HeapInuse: 79306752 HeapObjects: 429283 HeapIdle 5070848 HeapReleased 0 HeapSys 84377600
gc 708 @55.202s 2%: 0.020+0.48+0.12 ms clock, 0.082+0/0.37/0.32+0.48 ms cpu, 75->75->0 MB, 138 MB goal, 4 P (forced)
gc 709 @55.206s 2%: 0.017+0.39+0.072 ms clock, 0.070+0/0.33/0.29+0.28 ms cpu, 0->0->0 MB, 5 MB goal, 4 P (forced)
gc 710 @55.259s 2%: 0.028+130+2.2 ms clock, 0.11+0.30/129/69+8.8 ms cpu, 68->68->68 MB, 69 MB goal, 4 P
gc 711 @55.788s 2%: 0.028+108+0.096 ms clock, 0.11+0.64/108/0.88+0.38 ms cpu, 69->70->69 MB, 137 MB goal, 4 P
HeapAlloc: 78975496 HeapInuse: 79282176 HeapObjects: 427748 HeapIdle 5095424 HeapReleased 0 HeapSys 84377600
gc 712 @58.043s 2%: 0.034+0.79+0.095 ms clock, 0.13+0/0.38/0.35+0.38 ms cpu, 75->75->0 MB, 138 MB goal, 4 P (forced)
gc 713 @58.046s 2%: 0.038+0.72+0.060 ms clock, 0.15+0/0.67/0+0.24 ms cpu, 0->0->0 MB, 5 MB goal, 4 P (forced)
gc 714 @58.101s 2%: 0.026+98+0.22 ms clock, 0.10+0.31/93/172+0.90 ms cpu, 68->68->68 MB, 69 MB goal, 4 P
gc 715 @58.680s 2%: 0.041+109+0.68 ms clock, 0.16+0.60/105/138+2.7 ms cpu, 69->70->68 MB, 137 MB goal, 4 P
HeapAlloc: 78991864 HeapInuse: 79298560 HeapObjects: 428771 HeapIdle 5079040 HeapReleased 0 HeapSys 84377600
gc 716 @61.266s 2%: 0.023+0.37+0.71 ms clock, 0.093+0/0.34/0.38+2.8 ms cpu, 75->75->0 MB, 137 MB goal, 4 P (forced)
gc 717 @61.269s 2%: 0.16+0.45+1.5 ms clock, 0.64+0/0.42/0.64+6.2 ms cpu, 0->0->0 MB, 5 MB goal, 4 P (forced)
gc 718 @61.325s 2%: 0.039+143+0.58 ms clock, 0.15+0.67/142/0.20+2.3 ms cpu, 68->68->68 MB, 69 MB goal, 4 P
gc 719 @61.920s 2%: 0.032+139+0.11 ms clock, 0.13+0.41/139/0.51+0.47 ms cpu, 69->70->69 MB, 137 MB goal, 4 P
HeapAlloc: 78967288 HeapInuse: 79273984 HeapObjects: 427235 HeapIdle 5103616 HeapReleased 0 HeapSys 84377600
gc 720 @64.228s 2%: 0.019+0.42+0.061 ms clock, 0.076+0/0.27/0.31+0.24 ms cpu, 75->75->0 MB, 138 MB goal, 4 P (forced)
 1000000	      2957 ns/op	      80 B/op	       1 allocs/op
gc 721 @64.230s 2%: 0.019+0.37+0.081 ms clock, 0.079+0/0.31/0.30+0.32 ms cpu, 0->0->0 MB, 5 MB goal, 4 P (forced)
gc 722 @64.290s 2%: 0.038+0.58+0.055 ms clock, 0.15+0.37/0.27/0.44+0.22 ms cpu, 6->6->4 MB, 7 MB goal, 4 P
gc 723 @64.373s 2%: 0.045+1.1+0.12 ms clock, 0.18+0.96/0.13/0.54+0.49 ms cpu, 11->11->9 MB, 12 MB goal, 4 P
gc 724 @64.509s 2%: 0.088+19+0.11 ms clock, 0.35+0.81/1.0/2.9+0.45 ms cpu, 10->10->6 MB, 18 MB goal, 4 P
gc 725 @64.542s 2%: 0.039+2.3+0.28 ms clock, 0.15+0/2.0/0.74+1.1 ms cpu, 18->18->18 MB, 19 MB goal, 4 P
gc 726 @64.777s 2%: 0.031+1.3+0.066 ms clock, 0.12+0.28/0.12/1.2+0.26 ms cpu, 19->19->12 MB, 37 MB goal, 4 P
gc 727 @64.867s 2%: 0.045+5.9+0.14 ms clock, 0.18+1.9/1.7/0.54+0.56 ms cpu, 37->37->37 MB, 38 MB goal, 4 P
BenchmarkSysHashMapInsert1E6-4          	gc 728 @65.150s 2%: 0.056+0.55+0.10 ms clock, 0.22+0/0.50/0.20+0.41 ms cpu, 37->37->0 MB, 74 MB goal, 4 P (forced)
gc 729 @65.223s 2%: 0.035+0.73+0.13 ms clock, 0.14+0.49/0.097/0.58+0.53 ms cpu, 6->6->4 MB, 8 MB goal, 4 P
gc 730 @65.319s 2%: 0.041+1.0+0.12 ms clock, 0.16+0.97/0.18/0.56+0.49 ms cpu, 11->11->9 MB, 12 MB goal, 4 P
gc 731 @65.471s 2%: 0.034+7.0+0.10 ms clock, 0.13+0.71/0.72/2.8+0.40 ms cpu, 10->10->6 MB, 18 MB goal, 4 P
gc 732 @65.502s 2%: 0.042+2.1+2.2 ms clock, 0.17+1.8/0/0.64+9.0 ms cpu, 18->18->18 MB, 19 MB goal, 4 P
gc 733 @65.751s 2%: 0.029+12+0.10 ms clock, 0.11+0.92/0.97/4.6+0.43 ms cpu, 19->19->12 MB, 37 MB goal, 4 P
gc 734 @65.839s 2%: 0.043+5.2+0.24 ms clock, 0.17+1.5/1.1/0.58+0.96 ms cpu, 37->37->37 MB, 38 MB goal, 4 P
gc 735 @66.124s 2%: 0.028+0.32+0.13 ms clock, 0.11+0/0.28/0.45+0.55 ms cpu, 37->37->0 MB, 74 MB goal, 4 P (forced)
gc 736 @66.206s 2%: 0.040+0.59+0.12 ms clock, 0.16+0.47/0.17/0.53+0.51 ms cpu, 6->6->4 MB, 8 MB goal, 4 P
gc 737 @66.284s 2%: 0.063+0.75+0.090 ms clock, 0.25+0.57/0/0.61+0.36 ms cpu, 11->11->9 MB, 12 MB goal, 4 P
gc 738 @66.420s 2%: 0.086+5.7+0.093 ms clock, 0.34+0.94/0.72/4.4+0.37 ms cpu, 10->10->6 MB, 18 MB goal, 4 P
gc 739 @66.459s 2%: 3.3+1.9+0.13 ms clock, 13+0.009/1.7/3.8+0.55 ms cpu, 18->18->18 MB, 19 MB goal, 4 P
gc 740 @66.698s 2%: 0.029+5.2+0.069 ms clock, 0.11+0/2.3/3.1+0.27 ms cpu, 19->19->12 MB, 37 MB goal, 4 P
gc 741 @66.794s 2%: 0.047+4.0+0.12 ms clock, 0.19+2.1/1.7/1.1+0.51 ms cpu, 37->37->37 MB, 38 MB goal, 4 P
gc 742 @67.099s 2%: 0.14+0.38+0.82 ms clock, 0.56+0/0.28/0.41+3.3 ms cpu, 37->37->0 MB, 74 MB goal, 4 P (forced)
gc 743 @67.171s 2%: 0.045+0.80+1.8 ms clock, 0.18+0.50/0.054/0.64+7.4 ms cpu, 6->6->4 MB, 8 MB goal, 4 P
gc 744 @67.276s 2%: 0.046+1.0+0.64 ms clock, 0.18+0.93/0.17/0.55+2.5 ms cpu, 11->11->9 MB, 12 MB goal, 4 P
gc 745 @67.420s 2%: 0.036+5.1+0.11 ms clock, 0.14+0/1.4/4.0+0.47 ms cpu, 10->10->6 MB, 18 MB goal, 4 P
gc 746 @67.453s 2%: 0.049+3.3+0.40 ms clock, 0.19+2.9/0/0.86+1.6 ms cpu, 18->18->18 MB, 19 MB goal, 4 P
gc 747 @67.722s 2%: 0.031+4.9+0.15 ms clock, 0.12+0/2.0/3.1+0.61 ms cpu, 19->19->12 MB, 37 MB goal, 4 P
gc 748 @67.830s 2%: 0.036+2.6+0.10 ms clock, 0.14+1.5/1.1/0.65+0.41 ms cpu, 37->37->37 MB, 38 MB goal, 4 P
gc 749 @68.130s 2%: 0.028+0.45+0.073 ms clock, 0.11+0/0.33/0.35+0.29 ms cpu, 37->37->0 MB, 74 MB goal, 4 P (forced)
gc 750 @68.208s 2%: 0.036+0.72+0.064 ms clock, 0.14+0.61/0.088/0.50+0.25 ms cpu, 6->6->4 MB, 8 MB goal, 4 P
gc 751 @68.287s 2%: 0.038+0.97+0.097 ms clock, 0.15+0.89/0/0.69+0.39 ms cpu, 11->11->9 MB, 12 MB goal, 4 P
gc 752 @68.417s 2%: 0.035+6.2+0.10 ms clock, 0.14+0.27/2.4/3.7+0.40 ms cpu, 10->10->6 MB, 18 MB goal, 4 P
gc 753 @68.449s 2%: 0.051+2.0+0.10 ms clock, 0.20+1.9/0/0.81+0.42 ms cpu, 18->18->18 MB, 19 MB goal, 4 P
gc 754 @68.696s 2%: 0.034+7.0+0.11 ms clock, 0.13+0/3.3/4.0+0.45 ms cpu, 19->19->12 MB, 37 MB goal, 4 P
gc 755 @68.801s 2%: 0.041+3.1+0.11 ms clock, 0.16+1.9/1.1/0.58+0.46 ms cpu, 37->37->37 MB, 38 MB goal, 4 P
gc 756 @69.109s 2%: 0.087+0.33+0.10 ms clock, 0.34+0/0.24/0.36+0.40 ms cpu, 37->37->0 MB, 74 MB goal, 4 P (forced)
gc 757 @69.192s 2%: 0.045+2.1+0.41 ms clock, 0.18+0.44/0.13/0.57+1.6 ms cpu, 6->6->4 MB, 8 MB goal, 4 P
gc 758 @69.281s 2%: 0.048+0.84+0.31 ms clock, 0.19+0.62/0.024/0.67+1.2 ms cpu, 11->11->9 MB, 12 MB goal, 4 P
gc 759 @69.438s 2%: 0.036+1.1+0.099 ms clock, 0.14+0.19/0.93/0.51+0.39 ms cpu, 10->10->6 MB, 18 MB goal, 4 P
gc 760 @69.461s 2%: 0.045+2.9+0.31 ms clock, 0.18+0/0.024/3.2+1.2 ms cpu, 18->18->18 MB, 19 MB goal, 4 P
gc 761 @69.709s 2%: 0.042+9.0+0.15 ms clock, 0.16+0/2.9/4.7+0.62 ms cpu, 19->19->12 MB, 37 MB goal, 4 P
gc 762 @69.800s 2%: 0.040+2.7+0.10 ms clock, 0.16+1.5/1.0/0.70+0.43 ms cpu, 37->37->37 MB, 38 MB goal, 4 P
gc 763 @70.093s 2%: 0.028+0.38+0.23 ms clock, 0.11+0/0.25/0.46+0.94 ms cpu, 37->37->0 MB, 74 MB goal, 4 P (forced)
gc 764 @70.189s 2%: 0.036+0.89+3.4 ms clock, 0.14+0.52/0.070/0.70+13 ms cpu, 6->6->4 MB, 8 MB goal, 4 P
gc 765 @70.286s 2%: 0.047+0.99+0.12 ms clock, 0.18+0.92/0.15/0.58+0.51 ms cpu, 11->11->9 MB, 12 MB goal, 4 P
gc 766 @70.442s 2%: 0.035+5.4+0.087 ms clock, 0.14+0/1.4/4.2+0.35 ms cpu, 10->10->6 MB, 18 MB goal, 4 P
gc 767 @70.471s 2%: 0.43+1.4+0.077 ms clock, 1.7+0/1.5/0.83+0.30 ms cpu, 18->18->18 MB, 19 MB goal, 4 P
gc 768 @70.800s 2%: 0.079+17+0.21 ms clock, 0.31+1.5/1.7/5.4+0.85 ms cpu, 19->19->12 MB, 37 MB goal, 4 P
gc 769 @70.951s 2%: 0.073+4.3+0.73 ms clock, 0.29+0/3.5/1.1+2.9 ms cpu, 37->37->37 MB, 38 MB goal, 4 P
gc 770 @71.379s 2%: 5.6+0.16+4.1 ms clock, 22+0/0.045/6.1+16 ms cpu, 37->37->0 MB, 74 MB goal, 4 P (forced)
gc 771 @71.494s 2%: 0.15+0.75+0.25 ms clock, 0.63+0.49/0.12/0.60+1.0 ms cpu, 6->6->4 MB, 8 MB goal, 4 P
gc 772 @71.603s 2%: 0.068+1.1+1.3 ms clock, 0.27+1.0/0.22/0.67+5.4 ms cpu, 11->11->9 MB, 12 MB goal, 4 P
gc 773 @71.794s 2%: 0.043+6.7+5.7 ms clock, 0.17+0/2.3/4.6+22 ms cpu, 10->10->6 MB, 18 MB goal, 4 P
gc 774 @71.832s 2%: 0.60+2.1+0.16 ms clock, 2.4+0/2.1/0.95+0.64 ms cpu, 18->18->18 MB, 19 MB goal, 4 P
gc 775 @72.082s 2%: 0.036+7.1+0.072 ms clock, 0.14+0/2.0/5.5+0.29 ms cpu, 19->19->12 MB, 37 MB goal, 4 P
gc 776 @72.180s 2%: 0.34+3.9+1.6 ms clock, 1.3+0/3.8/0.82+6.6 ms cpu, 37->37->37 MB, 38 MB goal, 4 P
gc 777 @72.497s 2%: 0.029+0.37+0.54 ms clock, 0.11+0/0.25/0.44+2.1 ms cpu, 37->37->0 MB, 74 MB goal, 4 P (forced)
gc 778 @72.581s 2%: 0.049+4.8+0.082 ms clock, 0.19+0.49/0.088/0.59+0.32 ms cpu, 6->6->4 MB, 8 MB goal, 4 P
gc 779 @72.665s 2%: 0.32+1.0+0.15 ms clock, 1.3+0/0.95/0.74+0.61 ms cpu, 11->11->9 MB, 12 MB goal, 4 P
gc 780 @72.797s 1%: 0.042+7.3+0.10 ms clock, 0.17+1.2/0.17/0.38+0.43 ms cpu, 10->10->6 MB, 18 MB goal, 4 P
gc 781 @72.824s 1%: 0.045+2.0+0.10 ms clock, 0.18+1.9/0.15/0.52+0.42 ms cpu, 18->18->18 MB, 19 MB goal, 4 P
gc 782 @73.078s 1%: 0.032+5.0+0.10 ms clock, 0.12+0.97/1.1/3.2+0.40 ms cpu, 19->19->12 MB, 37 MB goal, 4 P
gc 783 @73.175s 1%: 0.043+4.1+4.2 ms clock, 0.17+0/3.8/0.69+17 ms cpu, 37->37->37 MB, 38 MB goal, 4 P
gc 784 @73.493s 1%: 2.0+0.15+0.14 ms clock, 8.3+0/0.052/2.4+0.57 ms cpu, 37->37->0 MB, 74 MB goal, 4 P (forced)
gc 785 @73.588s 1%: 0.089+0.66+0.086 ms clock, 0.35+0.53/0.14/0.51+0.34 ms cpu, 6->6->4 MB, 8 MB goal, 4 P
gc 786 @73.670s 1%: 0.039+0.73+0.070 ms clock, 0.15+0.57/0.020/0.62+0.28 ms cpu, 11->11->9 MB, 12 MB goal, 4 P
gc 787 @73.830s 1%: 0.049+4.3+0.13 ms clock, 0.19+0/1.7/3.0+0.55 ms cpu, 10->10->6 MB, 18 MB goal, 4 P
gc 788 @73.856s 1%: 0.047+1.3+0.12 ms clock, 0.18+1.3/0.16/0.52+0.48 ms cpu, 18->18->18 MB, 19 MB goal, 4 P
gc 789 @74.152s 1%: 0.069+19+0.093 ms clock, 0.27+1.4/1.2/5.1+0.37 ms cpu, 19->19->12 MB, 37 MB goal, 4 P
gc 790 @74.269s 1%: 0.037+2.7+0.087 ms clock, 0.15+1.6/0.96/0.74+0.35 ms cpu, 37->37->37 MB, 38 MB goal, 4 P
gc 791 @74.554s 1%: 0.020+0.36+0.10 ms clock, 0.083+0/0.26/0.62+0.40 ms cpu, 37->37->0 MB, 74 MB goal, 4 P (forced)
gc 792 @74.623s 1%: 0.038+3.3+0.11 ms clock, 0.15+0.51/0.063/0.63+0.45 ms cpu, 6->6->4 MB, 8 MB goal, 4 P
gc 793 @74.713s 1%: 1.4+1.0+0.11 ms clock, 5.6+0/1.1/1.8+0.47 ms cpu, 11->11->9 MB, 12 MB goal, 4 P
gc 794 @74.862s 1%: 0.035+1.2+2.3 ms clock, 0.14+1.1/0.34/0.23+9.5 ms cpu, 10->10->6 MB, 18 MB goal, 4 P
gc 795 @74.891s 1%: 0.033+2.0+0.15 ms clock, 0.13+1.8/0.16/0.56+0.60 ms cpu, 18->18->18 MB, 19 MB goal, 4 P
gc 796 @75.131s 1%: 0.027+4.8+0.072 ms clock, 0.11+0/1.8/3.2+0.29 ms cpu, 19->19->12 MB, 37 MB goal, 4 P
gc 797 @75.222s 1%: 0.043+12+1.4 ms clock, 0.17+1.9/2.8/0.52+5.7 ms cpu, 37->37->37 MB, 38 MB goal, 4 P
gc 798 @75.518s 1%: 0.025+0.42+0.080 ms clock, 0.10+0/0.35/0.34+0.32 ms cpu, 37->37->0 MB, 74 MB goal, 4 P (forced)
gc 799 @75.584s 1%: 0.035+0.62+0.092 ms clock, 0.14+0.41/0.025/0.65+0.37 ms cpu, 6->6->4 MB, 8 MB goal, 4 P
gc 800 @75.661s 1%: 0.084+1.1+0.29 ms clock, 0.33+1.1/0.18/0.62+1.1 ms cpu, 11->11->9 MB, 12 MB goal, 4 P
gc 801 @75.790s 1%: 0.034+6.2+0.088 ms clock, 0.13+0.91/1.0/3.6+0.35 ms cpu, 10->10->6 MB, 18 MB goal, 4 P
gc 802 @75.823s 1%: 0.038+2.0+0.084 ms clock, 0.15+1.7/0.11/0.55+0.33 ms cpu, 18->18->18 MB, 19 MB goal, 4 P
gc 803 @76.063s 1%: 0.028+4.8+0.081 ms clock, 0.11+0/1.9/3.3+0.32 ms cpu, 19->19->12 MB, 37 MB goal, 4 P
gc 804 @76.154s 1%: 0.035+6.1+0.12 ms clock, 0.14+1.4/1.1/0.53+0.50 ms cpu, 37->37->37 MB, 38 MB goal, 4 P
 1000000	       925 ns/op	      54 B/op	       0 allocs/op
gc 805 @76.445s 1%: 0.021+0.39+0.071 ms clock, 0.085+0/0.32/0.32+0.28 ms cpu, 37->37->0 MB, 74 MB goal, 4 P (forced)
gc 806 @76.455s 1%: 0.042+1.0+0.070 ms clock, 0.16+0.16/0.17/0.34+0.28 ms cpu, 23->23->23 MB, 24 MB goal, 4 P
BenchmarkSysHashMapInsertWithBuf1E6-4   	gc 807 @76.879s 1%: 0.023+0.37+0.070 ms clock, 0.095+0/0.25/0.44+0.28 ms cpu, 23->23->0 MB, 46 MB goal, 4 P (forced)
gc 808 @76.887s 1%: 0.034+0.44+0.12 ms clock, 0.13+0.25/0.18/0.25+0.51 ms cpu, 23->23->23 MB, 24 MB goal, 4 P
gc 809 @77.314s 1%: 0.077+0.41+0.079 ms clock, 0.31+0/0.26/0.45+0.31 ms cpu, 23->23->0 MB, 46 MB goal, 4 P (forced)
gc 810 @77.321s 1%: 0.042+0.39+0.075 ms clock, 0.16+0.15/0.18/0.52+0.30 ms cpu, 23->23->23 MB, 24 MB goal, 4 P
gc 811 @77.743s 1%: 0.085+0.47+0.075 ms clock, 0.34+0/0.13/0.54+0.30 ms cpu, 23->23->0 MB, 46 MB goal, 4 P (forced)
gc 812 @77.750s 1%: 0.030+1.6+0.31 ms clock, 0.12+0.31/0.92/0.009+1.2 ms cpu, 23->23->23 MB, 24 MB goal, 4 P
gc 813 @78.219s 1%: 0.022+0.29+0.056 ms clock, 0.090+0/0.24/0.38+0.22 ms cpu, 23->23->0 MB, 46 MB goal, 4 P (forced)
gc 814 @78.226s 1%: 0.042+7.4+0.067 ms clock, 0.16+0.44/0.18/0+0.26 ms cpu, 23->23->23 MB, 24 MB goal, 4 P
gc 815 @78.671s 1%: 0.022+0.41+0.14 ms clock, 0.090+0/0.31/0.38+0.59 ms cpu, 23->23->0 MB, 47 MB goal, 4 P (forced)
gc 816 @78.678s 1%: 0.043+0.45+0.12 ms clock, 0.17+0.37/0.16/0.17+0.50 ms cpu, 23->23->23 MB, 24 MB goal, 4 P
gc 817 @79.090s 1%: 0.075+0.38+0.062 ms clock, 0.30+0/0.14/0.48+0.25 ms cpu, 23->23->0 MB, 47 MB goal, 4 P (forced)
gc 818 @79.098s 1%: 0.034+0.30+0.098 ms clock, 0.13+0.15/0.093/0.47+0.39 ms cpu, 23->23->23 MB, 24 MB goal, 4 P
gc 819 @79.554s 1%: 0.077+0.39+0.059 ms clock, 0.30+0/0.15/0.52+0.23 ms cpu, 23->23->0 MB, 47 MB goal, 4 P (forced)
gc 820 @79.562s 1%: 0.044+3.7+0.098 ms clock, 0.17+0.32/0.17/3.8+0.39 ms cpu, 23->23->23 MB, 24 MB goal, 4 P
gc 821 @79.984s 1%: 0.073+0.36+0.10 ms clock, 0.29+0/0.12/0.44+0.43 ms cpu, 23->23->0 MB, 47 MB goal, 4 P (forced)
gc 822 @79.991s 1%: 0.028+0.44+0.11 ms clock, 0.11+0.33/0.21/0.11+0.46 ms cpu, 23->23->23 MB, 24 MB goal, 4 P
gc 823 @80.437s 1%: 0.077+0.33+0.15 ms clock, 0.31+0/0.26/0.43+0.61 ms cpu, 23->23->0 MB, 47 MB goal, 4 P (forced)
gc 824 @80.448s 1%: 0.044+0.80+0.14 ms clock, 0.17+0.37/0.27/0.003+0.56 ms cpu, 23->23->23 MB, 24 MB goal, 4 P
gc 825 @80.907s 1%: 0.072+0.30+0.14 ms clock, 0.29+0/0.23/0.37+0.56 ms cpu, 23->23->0 MB, 47 MB goal, 4 P (forced)
gc 826 @80.915s 1%: 0.036+0.40+0.074 ms clock, 0.14+0.14/0.18/0.38+0.29 ms cpu, 23->23->23 MB, 24 MB goal, 4 P
 1000000	       597 ns/op	      24 B/op	       0 allocs/op
gc 827 @81.506s 1%: 0.084+0.44+0.071 ms clock, 0.33+0/0.28/0.48+0.28 ms cpu, 23->23->0 MB, 47 MB goal, 4 P (forced)
gc 828 @81.744s 1%: 0.033+15+0.097 ms clock, 0.13+0.66/15/27+0.38 ms cpu, 4->4->4 MB, 8 MB goal, 4 P
gc 829 @81.896s 1%: 0.036+37+1.1 ms clock, 0.14+0.38/35/53+4.4 ms cpu, 6->6->6 MB, 8 MB goal, 4 P
gc 830 @82.116s 1%: 0.041+48+0.11 ms clock, 0.16+0.64/48/90+0.46 ms cpu, 10->11->11 MB, 12 MB goal, 4 P
gc 831 @82.565s 1%: 0.031+70+0.096 ms clock, 0.12+0.69/70/117+0.38 ms cpu, 20->21->21 MB, 22 MB goal, 4 P
gc 832 @83.410s 1%: 0.044+232+0.16 ms clock, 0.17+1.2/230/379+0.65 ms cpu, 39->42->41 MB, 43 MB goal, 4 P
gc 833 @85.798s 1%: 0.034+341+0.11 ms clock, 0.13+0.79/341/485+0.47 ms cpu, 78->81->81 MB, 83 MB goal, 4 P
HeapAlloc: 88131176 HeapInuse: 88735744 HeapObjects: 1500430 HeapIdle 884736 HeapReleased 0 HeapSys 89620480
gc 834 @86.338s 1%: 0.041+0.97+0.14 ms clock, 0.16+0/0.011/2.2+0.57 ms cpu, 84->84->0 MB, 162 MB goal, 4 P (forced)
BenchmarkSetInsert1E6-4                 	gc 835 @86.367s 1%: 0.083+0.38+0.11 ms clock, 0.33+0/0.30/0.40+0.47 ms cpu, 0->0->0 MB, 4 MB goal, 4 P (forced)
gc 836 @86.588s 1%: 0.029+16+0.053 ms clock, 0.11+0.38/16/20+0.21 ms cpu, 4->4->4 MB, 5 MB goal, 4 P
gc 837 @86.821s 1%: 0.030+28+0.089 ms clock, 0.12+0.66/28/46+0.35 ms cpu, 7->8->8 MB, 8 MB goal, 4 P
gc 838 @87.126s 1%: 0.036+73+0.14 ms clock, 0.14+0.71/72/131+0.59 ms cpu, 15->16->16 MB, 16 MB goal, 4 P
gc 839 @87.802s 1%: 0.049+158+0.16 ms clock, 0.19+40/139/43+0.64 ms cpu, 31->33->33 MB, 33 MB goal, 4 P
gc 840 @89.209s 2%: 0.029+253+0.086 ms clock, 0.11+0.79/252/459+0.34 ms cpu, 62->65->65 MB, 66 MB goal, 4 P
HeapAlloc: 88131208 HeapInuse: 88735744 HeapObjects: 1500431 HeapIdle 884736 HeapReleased 0 HeapSys 89620480
gc 841 @90.364s 2%: 0.019+0.59+1.1 ms clock, 0.076+0/0.50/0.86+4.5 ms cpu, 84->84->0 MB, 130 MB goal, 4 P (forced)
gc 842 @90.382s 2%: 0.019+0.34+0.087 ms clock, 0.078+0/0.29/0.50+0.35 ms cpu, 0->0->0 MB, 4 MB goal, 4 P (forced)
gc 843 @90.606s 2%: 0.032+15+0.11 ms clock, 0.12+0.63/15/21+0.47 ms cpu, 4->4->4 MB, 5 MB goal, 4 P
gc 844 @90.819s 2%: 0.032+33+1.0 ms clock, 0.13+0.62/32/53+4.2 ms cpu, 7->8->8 MB, 8 MB goal, 4 P
gc 845 @91.145s 2%: 0.062+75+0.16 ms clock, 0.24+3.3/64/138+0.64 ms cpu, 15->16->16 MB, 16 MB goal, 4 P
gc 846 @91.841s 2%: 0.034+128+0.10 ms clock, 0.13+5.1/127/232+0.43 ms cpu, 30->32->32 MB, 32 MB goal, 4 P
gc 847 @93.256s 2%: 0.041+250+0.097 ms clock, 0.16+21/250/455+0.39 ms cpu, 61->64->63 MB, 64 MB goal, 4 P
HeapAlloc: 88131208 HeapInuse: 88735744 HeapObjects: 1500431 HeapIdle 884736 HeapReleased 0 HeapSys 89620480
gc 848 @94.452s 2%: 0.018+0.61+0.10 ms clock, 0.075+0/0.51/0.50+0.40 ms cpu, 84->84->0 MB, 127 MB goal, 4 P (forced)
gc 849 @94.467s 2%: 0.026+0.28+0.062 ms clock, 0.10+0/0.25/0.44+0.25 ms cpu, 0->0->0 MB, 4 MB goal, 4 P (forced)
gc 850 @94.704s 2%: 0.035+17+0.10 ms clock, 0.14+0.63/17/20+0.41 ms cpu, 4->4->4 MB, 5 MB goal, 4 P
gc 851 @94.964s 2%: 0.032+31+0.13 ms clock, 0.12+0.50/31/51+0.54 ms cpu, 7->8->8 MB, 8 MB goal, 4 P
gc 852 @95.299s 2%: 0.046+88+0.080 ms clock, 0.18+6.8/84/163+0.32 ms cpu, 15->16->16 MB, 16 MB goal, 4 P
gc 853 @96.030s 2%: 0.029+135+0.085 ms clock, 0.11+5.4/135/166+0.34 ms cpu, 31->33->33 MB, 33 MB goal, 4 P
gc 854 @97.545s 2%: 0.032+284+0.19 ms clock, 0.12+1.1/284/424+0.77 ms cpu, 62->66->66 MB, 66 MB goal, 4 P
HeapAlloc: 88131224 HeapInuse: 88735744 HeapObjects: 1500432 HeapIdle 884736 HeapReleased 0 HeapSys 89620480
gc 855 @98.825s 2%: 0.023+0.62+0.10 ms clock, 0.094+0/0.51/0.87+0.40 ms cpu, 84->84->0 MB, 132 MB goal, 4 P (forced)
gc 856 @98.848s 2%: 0.044+0.33+0.064 ms clock, 0.17+0/0.22/0.42+0.25 ms cpu, 0->0->0 MB, 4 MB goal, 4 P (forced)
gc 857 @99.070s 2%: 0.032+13+0.070 ms clock, 0.12+0.39/13/22+0.28 ms cpu, 4->4->4 MB, 5 MB goal, 4 P
gc 858 @99.304s 2%: 0.031+31+0.062 ms clock, 0.12+0.67/30/51+0.25 ms cpu, 7->8->8 MB, 8 MB goal, 4 P
gc 859 @99.604s 2%: 0.031+72+0.070 ms clock, 0.12+0.69/72/129+0.28 ms cpu, 15->16->16 MB, 16 MB goal, 4 P
gc 860 @100.233s 2%: 0.043+148+0.15 ms clock, 0.17+13/148/276+0.60 ms cpu, 31->32->32 MB, 32 MB goal, 4 P
gc 861 @101.674s 2%: 0.036+352+0.12 ms clock, 0.14+32/349/687+0.50 ms cpu, 61->64->64 MB, 65 MB goal, 4 P
HeapAlloc: 88131224 HeapInuse: 88735744 HeapObjects: 1500432 HeapIdle 884736 HeapReleased 0 HeapSys 89620480
gc 862 @103.005s 2%: 3.8+0.44+0.21 ms clock, 15+0/0.34/4.1+0.84 ms cpu, 84->84->0 MB, 128 MB goal, 4 P (forced)
gc 863 @103.036s 2%: 0.086+0.32+0.065 ms clock, 0.34+0/0.30/0.62+0.26 ms cpu, 0->0->0 MB, 4 MB goal, 4 P (forced)
gc 864 @103.342s 2%: 0.034+29+0.14 ms clock, 0.13+0.67/28/27+0.59 ms cpu, 4->4->4 MB, 5 MB goal, 4 P
gc 865 @103.598s 2%: 0.035+30+0.076 ms clock, 0.14+0.59/27/56+0.30 ms cpu, 7->8->8 MB, 8 MB goal, 4 P
gc 866 @103.902s 2%: 0.043+68+0.22 ms clock, 0.17+0.72/68/135+0.90 ms cpu, 15->16->16 MB, 16 MB goal, 4 P
gc 867 @104.546s 2%: 0.032+127+0.11 ms clock, 0.13+0.73/127/174+0.44 ms cpu, 31->33->33 MB, 33 MB goal, 4 P
gc 868 @105.914s 2%: 0.028+237+0.15 ms clock, 0.11+0.74/237/425+0.61 ms cpu, 62->65->65 MB, 66 MB goal, 4 P
HeapAlloc: 88131224 HeapInuse: 88735744 HeapObjects: 1500432 HeapIdle 884736 HeapReleased 0 HeapSys 89620480
gc 869 @107.036s 2%: 0.018+0.60+0.073 ms clock, 0.072+0/0.44/0.93+0.29 ms cpu, 84->84->0 MB, 130 MB goal, 4 P (forced)
gc 870 @107.058s 2%: 0.035+0.30+0.095 ms clock, 0.14+0/0.23/0.43+0.38 ms cpu, 0->0->0 MB, 4 MB goal, 4 P (forced)
gc 871 @107.301s 2%: 0.036+13+0.11 ms clock, 0.14+0.64/12/25+0.47 ms cpu, 4->4->4 MB, 5 MB goal, 4 P
gc 872 @107.529s 2%: 0.033+34+0.15 ms clock, 0.13+0.53/34/39+0.60 ms cpu, 7->8->8 MB, 8 MB goal, 4 P
gc 873 @107.847s 2%: 0.036+73+0.15 ms clock, 0.14+0.69/73/110+0.60 ms cpu, 15->16->16 MB, 16 MB goal, 4 P
gc 874 @108.486s 2%: 0.029+117+0.10 ms clock, 0.11+0.77/117/202+0.43 ms cpu, 31->32->32 MB, 32 MB goal, 4 P
gc 875 @109.893s 2%: 0.030+225+0.14 ms clock, 0.12+0.79/225/436+0.58 ms cpu, 62->64->64 MB, 65 MB goal, 4 P
HeapAlloc: 88131240 HeapInuse: 88735744 HeapObjects: 1500433 HeapIdle 884736 HeapReleased 0 HeapSys 89620480
gc 876 @111.014s 2%: 0.016+0.61+0.095 ms clock, 0.066+0/0.54/1.0+0.38 ms cpu, 84->84->0 MB, 129 MB goal, 4 P (forced)
gc 877 @111.029s 2%: 0.020+0.35+0.055 ms clock, 0.081+0/0.11/0.47+0.22 ms cpu, 0->0->0 MB, 4 MB goal, 4 P (forced)
gc 878 @111.249s 2%: 0.031+12+0.10 ms clock, 0.12+0.68/12/24+0.42 ms cpu, 4->4->4 MB, 5 MB goal, 4 P
gc 879 @111.519s 2%: 0.029+29+0.13 ms clock, 0.11+0.40/28/44+0.52 ms cpu, 7->8->8 MB, 8 MB goal, 4 P
gc 880 @111.839s 2%: 0.033+71+0.085 ms clock, 0.13+0.78/71/119+0.34 ms cpu, 15->16->16 MB, 16 MB goal, 4 P
gc 881 @112.469s 2%: 0.033+110+0.14 ms clock, 0.13+0.71/110/206+0.59 ms cpu, 31->32->32 MB, 33 MB goal, 4 P
gc 882 @113.842s 2%: 0.032+237+0.11 ms clock, 0.13+1.6/236/403+0.44 ms cpu, 62->65->65 MB, 65 MB goal, 4 P
HeapAlloc: 88131288 HeapInuse: 88735744 HeapObjects: 1500431 HeapIdle 884736 HeapReleased 0 HeapSys 89620480
gc 883 @115.080s 2%: 0.018+0.77+0.079 ms clock, 0.074+0/0.67/0.65+0.31 ms cpu, 84->84->0 MB, 130 MB goal, 4 P (forced)
gc 884 @115.096s 2%: 0.015+0.31+0.099 ms clock, 0.060+0/0.27/0.43+0.39 ms cpu, 0->0->0 MB, 4 MB goal, 4 P (forced)
gc 885 @115.372s 2%: 0.082+17+0.16 ms clock, 0.33+0.76/17/24+0.65 ms cpu, 4->4->4 MB, 5 MB goal, 4 P
gc 886 @115.635s 2%: 0.044+45+0.16 ms clock, 0.17+0.67/44/78+0.65 ms cpu, 7->8->8 MB, 8 MB goal, 4 P
gc 887 @115.982s 2%: 0.038+65+0.11 ms clock, 0.15+0.97/64/106+0.44 ms cpu, 15->16->16 MB, 16 MB goal, 4 P
gc 888 @116.607s 2%: 0.031+113+0.063 ms clock, 0.12+9.3/113/215+0.25 ms cpu, 31->32->32 MB, 33 MB goal, 4 P
gc 889 @117.981s 2%: 0.027+239+0.069 ms clock, 0.11+8.8/239/346+0.27 ms cpu, 62->65->64 MB, 65 MB goal, 4 P
HeapAlloc: 88131400 HeapInuse: 88735744 HeapObjects: 1500433 HeapIdle 884736 HeapReleased 0 HeapSys 89620480
gc 890 @119.122s 2%: 0.019+0.76+0.074 ms clock, 0.078+0/0.63/0.61+0.29 ms cpu, 84->84->0 MB, 129 MB goal, 4 P (forced)
gc 891 @119.145s 2%: 0.096+0.36+0.064 ms clock, 0.38+0/0.28/0.24+0.25 ms cpu, 0->0->0 MB, 4 MB goal, 4 P (forced)
gc 892 @119.378s 2%: 0.035+21+0.11 ms clock, 0.14+0.74/20/15+0.47 ms cpu, 4->4->4 MB, 5 MB goal, 4 P
gc 893 @119.610s 2%: 0.038+34+0.058 ms clock, 0.15+0.69/34/40+0.23 ms cpu, 7->8->8 MB, 8 MB goal, 4 P
gc 894 @119.925s 2%: 0.035+68+0.13 ms clock, 0.14+0.57/67/133+0.52 ms cpu, 15->16->16 MB, 16 MB goal, 4 P
GC forced
gc 4 @120.696s 0%: 0.28+4.9+0.12 ms clock, 0.57+0/4.8/0+0.24 ms cpu, 3->3->1 MB, 4 MB goal, 4 P
gc 895 @120.600s 2%: 0.032+110+0.15 ms clock, 0.13+0.73/110/204+0.61 ms cpu, 31->32->32 MB, 33 MB goal, 4 P
gc 896 @122.057s 2%: 0.030+220+0.22 ms clock, 0.12+0.83/220/440+0.90 ms cpu, 62->64->64 MB, 65 MB goal, 4 P
HeapAlloc: 88131400 HeapInuse: 88735744 HeapObjects: 1500433 HeapIdle 884736 HeapReleased 0 HeapSys 89620480
gc 897 @123.182s 2%: 0.022+0.59+0.080 ms clock, 0.089+0/0.48/0.84+0.32 ms cpu, 84->84->0 MB, 129 MB goal, 4 P (forced)
gc 898 @123.204s 2%: 0.042+0.37+0.079 ms clock, 0.17+0/0.15/0.51+0.31 ms cpu, 0->0->0 MB, 4 MB goal, 4 P (forced)
gc 899 @123.433s 2%: 0.036+19+0.13 ms clock, 0.14+0.64/16/18+0.54 ms cpu, 4->4->4 MB, 5 MB goal, 4 P
gc 900 @123.669s 2%: 0.040+30+0.083 ms clock, 0.16+0.67/30/54+0.33 ms cpu, 7->8->8 MB, 8 MB goal, 4 P
gc 901 @123.991s 2%: 0.045+90+0.11 ms clock, 0.18+6.8/88/162+0.46 ms cpu, 15->16->16 MB, 16 MB goal, 4 P
gc 902 @124.677s 2%: 0.030+105+0.080 ms clock, 0.12+0.74/105/208+0.32 ms cpu, 31->32->32 MB, 33 MB goal, 4 P
gc 903 @126.051s 2%: 0.028+288+0.12 ms clock, 0.11+21/288/352+0.50 ms cpu, 62->64->64 MB, 64 MB goal, 4 P
HeapAlloc: 88131528 HeapInuse: 88735744 HeapObjects: 1500436 HeapIdle 884736 HeapReleased 0 HeapSys 89620480
gc 904 @127.220s 2%: 0.015+0.64+0.058 ms clock, 0.061+0/0.55/0.82+0.23 ms cpu, 84->84->0 MB, 129 MB goal, 4 P (forced)
gc 905 @127.247s 2%: 0.030+0.38+0.086 ms clock, 0.12+0/0.26/0.38+0.34 ms cpu, 0->0->0 MB, 4 MB goal, 4 P (forced)
gc 906 @127.473s 2%: 0.029+17+0.11 ms clock, 0.11+0.39/17/28+0.44 ms cpu, 4->4->4 MB, 5 MB goal, 4 P
gc 907 @127.722s 2%: 0.031+27+0.076 ms clock, 0.12+0.61/25/48+0.30 ms cpu, 7->8->8 MB, 8 MB goal, 4 P
gc 908 @128.026s 2%: 0.028+69+0.10 ms clock, 0.11+0.70/68/124+0.41 ms cpu, 15->16->16 MB, 16 MB goal, 4 P
gc 909 @128.683s 2%: 0.031+109+0.072 ms clock, 0.12+0.70/109/181+0.28 ms cpu, 31->32->32 MB, 32 MB goal, 4 P
gc 910 @130.041s 2%: 0.031+232+0.066 ms clock, 0.12+0.82/232/418+0.26 ms cpu, 61->64->64 MB, 64 MB goal, 4 P
HeapAlloc: 88131496 HeapInuse: 88735744 HeapObjects: 1500434 HeapIdle 884736 HeapReleased 0 HeapSys 89620480
gc 911 @131.182s 2%: 0.015+0.55+0.11 ms clock, 0.061+0/0.53/0.84+0.45 ms cpu, 84->84->0 MB, 129 MB goal, 4 P (forced)
gc 912 @131.205s 2%: 0.039+0.35+0.048 ms clock, 0.15+0/0.24/0.41+0.19 ms cpu, 0->0->0 MB, 4 MB goal, 4 P (forced)
gc 913 @131.443s 2%: 0.029+15+0.15 ms clock, 0.11+0.59/15/20+0.63 ms cpu, 4->4->4 MB, 5 MB goal, 4 P
gc 914 @131.673s 2%: 0.031+25+0.083 ms clock, 0.12+0.41/25/49+0.33 ms cpu, 7->8->8 MB, 8 MB goal, 4 P
gc 915 @131.976s 2%: 0.040+73+0.073 ms clock, 0.16+1.2/72/114+0.29 ms cpu, 15->16->16 MB, 16 MB goal, 4 P
gc 916 @132.625s 2%: 0.032+107+0.093 ms clock, 0.13+0.73/107/210+0.37 ms cpu, 31->32->32 MB, 33 MB goal, 4 P
gc 917 @134.025s 2%: 0.050+328+0.11 ms clock, 0.20+41/322/633+0.44 ms cpu, 62->65->65 MB, 65 MB goal, 4 P
HeapAlloc: 88131496 HeapInuse: 88735744 HeapObjects: 1500434 HeapIdle 884736 HeapReleased 0 HeapSys 89620480
gc 918 @135.401s 2%: 0.025+0.62+0.074 ms clock, 0.10+0/0.54/0.83+0.29 ms cpu, 84->84->0 MB, 130 MB goal, 4 P (forced)
gc 919 @135.425s 2%: 0.041+0.31+0.056 ms clock, 0.16+0/0.22/0.44+0.22 ms cpu, 0->0->0 MB, 4 MB goal, 4 P (forced)
gc 920 @135.645s 2%: 0.035+18+0.098 ms clock, 0.14+0.54/17/21+0.39 ms cpu, 4->4->4 MB, 5 MB goal, 4 P
gc 921 @135.885s 2%: 0.038+36+0.11 ms clock, 0.15+1.0/36/65+0.45 ms cpu, 7->8->8 MB, 8 MB goal, 4 P
gc 922 @136.201s 2%: 0.043+74+0.12 ms clock, 0.17+0.71/74/129+0.48 ms cpu, 15->16->16 MB, 16 MB goal, 4 P
gc 923 @136.854s 2%: 0.034+111+0.083 ms clock, 0.13+2.4/111/204+0.33 ms cpu, 31->32->32 MB, 33 MB goal, 4 P
gc 924 @138.223s 2%: 0.028+231+0.063 ms clock, 0.11+5.0/231/457+0.25 ms cpu, 62->65->64 MB, 65 MB goal, 4 P
HeapAlloc: 88131496 HeapInuse: 88735744 HeapObjects: 1500434 HeapIdle 884736 HeapReleased 0 HeapSys 89620480
gc 925 @139.392s 2%: 0.017+0.52+0.086 ms clock, 0.069+0/0.45/0.75+0.34 ms cpu, 84->84->0 MB, 129 MB goal, 4 P (forced)
gc 926 @139.408s 2%: 0.015+0.30+0.099 ms clock, 0.062+0/0.22/0.46+0.39 ms cpu, 0->0->0 MB, 4 MB goal, 4 P (forced)
gc 927 @139.621s 2%: 0.030+12+0.056 ms clock, 0.12+0.65/12/24+0.22 ms cpu, 4->4->4 MB, 5 MB goal, 4 P
gc 928 @139.849s 2%: 0.072+24+0.069 ms clock, 0.29+0.31/24/48+0.27 ms cpu, 7->8->8 MB, 8 MB goal, 4 P
gc 929 @140.143s 2%: 0.030+68+0.14 ms clock, 0.12+0.68/68/135+0.59 ms cpu, 15->16->16 MB, 16 MB goal, 4 P
gc 930 @140.803s 2%: 0.032+118+0.36 ms clock, 0.13+8.6/118/189+1.4 ms cpu, 31->32->32 MB, 32 MB goal, 4 P
gc 931 @142.178s 2%: 0.029+287+0.14 ms clock, 0.11+29/287/572+0.58 ms cpu, 62->64->64 MB, 65 MB goal, 4 P
HeapAlloc: 88131512 HeapInuse: 88735744 HeapObjects: 1500435 HeapIdle 884736 HeapReleased 0 HeapSys 89620480
gc 932 @143.380s 2%: 0.016+0.56+0.11 ms clock, 0.064+0/0.54/0.93+0.47 ms cpu, 84->84->0 MB, 129 MB goal, 4 P (forced)
 1000000	      3986 ns/op	      88 B/op	       2 allocs/op
gc 933 @143.396s 2%: 0.025+0.34+0.070 ms clock, 0.10+0/0.32/0.60+0.28 ms cpu, 0->0->0 MB, 4 MB goal, 4 P (forced)
gc 934 @143.453s 2%: 0.032+96+0.17 ms clock, 0.12+0.14/94/161+0.69 ms cpu, 76->76->76 MB, 77 MB goal, 4 P
gc 935 @144.064s 2%: 0.032+130+0.082 ms clock, 0.12+0.63/130/0.97+0.32 ms cpu, 77->77->77 MB, 153 MB goal, 4 P
HeapAlloc: 88134568 HeapInuse: 88440832 HeapObjects: 500434 HeapIdle 1179648 HeapReleased 0 HeapSys 89620480
gc 936 @146.940s 2%: 0.017+0.44+0.067 ms clock, 0.069+0/0.31/0.25+0.27 ms cpu, 84->84->0 MB, 155 MB goal, 4 P (forced)
BenchmarkSetInsertWithBuf1E6-4          	gc 937 @146.943s 2%: 0.21+0.39+0.092 ms clock, 0.84+0/0.11/0.40+0.37 ms cpu, 0->0->0 MB, 5 MB goal, 4 P (forced)
gc 938 @146.998s 2%: 0.026+96+0.075 ms clock, 0.10+0.13/95/172+0.30 ms cpu, 76->76->76 MB, 77 MB goal, 4 P
gc 939 @147.604s 2%: 0.030+126+0.096 ms clock, 0.12+0.75/126/0.97+0.38 ms cpu, 77->77->77 MB, 153 MB goal, 4 P
scvg0: inuse: 83, idle: 2, sys: 85, released: 0, consumed: 85 (MB)
HeapAlloc: 88134584 HeapInuse: 88440832 HeapObjects: 500434 HeapIdle 1179648 HeapReleased 0 HeapSys 89620480
gc 940 @150.505s 2%: 0.018+0.43+0.10 ms clock, 0.072+0/0.35/0.31+0.41 ms cpu, 84->84->0 MB, 155 MB goal, 4 P (forced)
gc 941 @150.507s 2%: 0.024+0.32+0.056 ms clock, 0.097+0/0.23/0.41+0.22 ms cpu, 0->0->0 MB, 5 MB goal, 4 P (forced)
gc 942 @150.562s 2%: 0.028+137+0.22 ms clock, 0.11+0.31/134/86+0.91 ms cpu, 76->76->76 MB, 77 MB goal, 4 P
gc 943 @151.184s 2%: 0.027+139+0.30 ms clock, 0.11+0.48/139/0.71+1.2 ms cpu, 77->77->77 MB, 153 MB goal, 4 P
HeapAlloc: 88134600 HeapInuse: 88440832 HeapObjects: 500435 HeapIdle 1179648 HeapReleased 0 HeapSys 89620480
gc 944 @154.343s 2%: 0.036+0.57+0.75 ms clock, 0.14+0/0.46/0.45+3.0 ms cpu, 84->84->0 MB, 155 MB goal, 4 P (forced)
gc 945 @154.348s 2%: 0.021+0.41+0.092 ms clock, 0.087+0/0.34/0.33+0.37 ms cpu, 0->0->0 MB, 5 MB goal, 4 P (forced)
gc 946 @154.410s 2%: 0.037+167+0.14 ms clock, 0.14+0.37/161/302+0.58 ms cpu, 76->76->76 MB, 77 MB goal, 4 P
gc 947 @155.170s 2%: 0.030+131+0.11 ms clock, 0.12+0.52/130/112+0.45 ms cpu, 77->77->77 MB, 153 MB goal, 4 P
HeapAlloc: 88134584 HeapInuse: 88440832 HeapObjects: 500434 HeapIdle 1179648 HeapReleased 0 HeapSys 89620480
gc 948 @158.190s 2%: 0.017+0.47+0.088 ms clock, 0.068+0/0.40/0.39+0.35 ms cpu, 84->84->0 MB, 155 MB goal, 4 P (forced)
gc 949 @158.193s 2%: 0.061+0.35+0.069 ms clock, 0.24+0/0.29/0.22+0.27 ms cpu, 0->0->0 MB, 5 MB goal, 4 P (forced)
gc 950 @158.247s 2%: 0.028+120+0.15 ms clock, 0.11+0.38/119/1.0+0.63 ms cpu, 76->76->76 MB, 77 MB goal, 4 P
gc 951 @158.865s 2%: 0.029+145+0.10 ms clock, 0.11+0.49/145/0.54+0.41 ms cpu, 77->77->77 MB, 153 MB goal, 4 P
HeapAlloc: 88134680 HeapInuse: 88440832 HeapObjects: 500435 HeapIdle 1179648 HeapReleased 0 HeapSys 89620480
gc 952 @161.816s 2%: 0.015+0.40+0.11 ms clock, 0.062+0/0.29/0.46+0.45 ms cpu, 84->84->0 MB, 155 MB goal, 4 P (forced)
gc 953 @161.820s 2%: 0.018+0.41+0.071 ms clock, 0.075+0/0.35/0.39+0.28 ms cpu, 0->0->0 MB, 5 MB goal, 4 P (forced)
gc 954 @161.874s 2%: 0.025+100+3.4 ms clock, 0.10+0.15/100/185+13 ms cpu, 76->76->76 MB, 77 MB goal, 4 P
gc 955 @162.475s 2%: 0.027+129+0.10 ms clock, 0.11+0.49/129/0.90+0.42 ms cpu, 77->77->77 MB, 153 MB goal, 4 P
HeapAlloc: 88134696 HeapInuse: 88440832 HeapObjects: 500436 HeapIdle 1179648 HeapReleased 0 HeapSys 89620480
gc 956 @165.452s 2%: 0.020+0.31+0.10 ms clock, 0.083+0/0.28/0.48+0.40 ms cpu, 84->84->0 MB, 155 MB goal, 4 P (forced)
gc 957 @165.455s 2%: 0.014+0.29+0.067 ms clock, 0.056+0/0.27/0.38+0.26 ms cpu, 0->0->0 MB, 5 MB goal, 4 P (forced)
gc 958 @165.509s 2%: 0.027+91+0.10 ms clock, 0.10+0.18/91/159+0.42 ms cpu, 76->76->76 MB, 77 MB goal, 4 P
gc 959 @166.121s 2%: 0.029+132+0.086 ms clock, 0.11+0.66/132/0.64+0.34 ms cpu, 77->77->77 MB, 152 MB goal, 4 P
HeapAlloc: 88134776 HeapInuse: 88440832 HeapObjects: 500436 HeapIdle 1179648 HeapReleased 0 HeapSys 89620480
gc 960 @168.972s 2%: 0.019+0.36+0.093 ms clock, 0.076+0/0.29/0.44+0.37 ms cpu, 84->84->0 MB, 155 MB goal, 4 P (forced)
gc 961 @168.975s 2%: 0.033+0.29+0.053 ms clock, 0.13+0/0.23/0.34+0.21 ms cpu, 0->0->0 MB, 5 MB goal, 4 P (forced)
gc 962 @169.030s 2%: 0.028+131+0.31 ms clock, 0.11+0.60/131/74+1.2 ms cpu, 76->76->76 MB, 77 MB goal, 4 P
gc 963 @169.690s 2%: 0.029+130+0.11 ms clock, 0.11+0.74/129/0.83+0.45 ms cpu, 77->77->77 MB, 153 MB goal, 4 P
HeapAlloc: 88134776 HeapInuse: 88440832 HeapObjects: 500436 HeapIdle 1179648 HeapReleased 0 HeapSys 89620480
gc 964 @172.537s 2%: 0.016+0.38+0.071 ms clock, 0.065+0/0.29/0.44+0.28 ms cpu, 84->84->0 MB, 155 MB goal, 4 P (forced)
gc 965 @172.541s 2%: 0.085+0.40+0.076 ms clock, 0.34+0/0.29/0.38+0.30 ms cpu, 0->0->0 MB, 5 MB goal, 4 P (forced)
gc 966 @172.596s 2%: 0.027+107+0.089 ms clock, 0.11+0.15/107/190+0.35 ms cpu, 76->76->76 MB, 77 MB goal, 4 P
gc 967 @173.214s 2%: 0.028+90+0.15 ms clock, 0.11+0.49/90/149+0.62 ms cpu, 77->77->77 MB, 153 MB goal, 4 P
HeapAlloc: 88134792 HeapInuse: 88440832 HeapObjects: 500437 HeapIdle 1179648 HeapReleased 0 HeapSys 89620480
gc 968 @176.142s 2%: 0.025+0.37+0.10 ms clock, 0.10+0/0.34/0.41+0.41 ms cpu, 84->84->0 MB, 155 MB goal, 4 P (forced)
gc 969 @176.145s 2%: 0.018+0.35+0.087 ms clock, 0.072+0/0.11/0.45+0.35 ms cpu, 0->0->0 MB, 5 MB goal, 4 P (forced)
gc 970 @176.201s 2%: 0.038+96+0.10 ms clock, 0.15+0.16/96/168+0.41 ms cpu, 76->76->76 MB, 77 MB goal, 4 P
gc 971 @176.820s 2%: 0.028+125+0.078 ms clock, 0.11+0.88/125/71+0.31 ms cpu, 77->77->77 MB, 152 MB goal, 4 P
HeapAlloc: 88134776 HeapInuse: 88440832 HeapObjects: 500436 HeapIdle 1179648 HeapReleased 0 HeapSys 89620480
gc 972 @179.766s 2%: 0.015+0.37+0.093 ms clock, 0.063+0/0.32/0.26+0.37 ms cpu, 84->84->0 MB, 155 MB goal, 4 P (forced)
gc 973 @179.769s 2%: 0.10+0.31+0.081 ms clock, 0.42+0/0.23/0.26+0.32 ms cpu, 0->0->0 MB, 5 MB goal, 4 P (forced)
gc 974 @179.824s 2%: 0.028+130+0.25 ms clock, 0.11+0.49/129/0.59+1.0 ms cpu, 76->76->76 MB, 77 MB goal, 4 P
scvg0: inuse: 2, idle: 1, sys: 4, released: 0, consumed: 4 (MB)
gc 975 @180.452s 2%: 0.028+81+0.10 ms clock, 0.11+0.49/77/159+0.41 ms cpu, 77->77->77 MB, 153 MB goal, 4 P
HeapAlloc: 88134776 HeapInuse: 88440832 HeapObjects: 500436 HeapIdle 1179648 HeapReleased 0 HeapSys 89620480
gc 976 @183.458s 2%: 0.019+0.37+0.069 ms clock, 0.077+0/0.32/0.40+0.27 ms cpu, 84->84->0 MB, 155 MB goal, 4 P (forced)
gc 977 @183.461s 2%: 0.014+0.30+0.066 ms clock, 0.057+0/0.22/0.44+0.26 ms cpu, 0->0->0 MB, 5 MB goal, 4 P (forced)
gc 978 @183.517s 2%: 0.041+124+0.13 ms clock, 0.16+0.46/124/0.80+0.53 ms cpu, 76->76->76 MB, 77 MB goal, 4 P
gc 979 @184.169s 2%: 0.038+186+0.12 ms clock, 0.15+0.75/185/1.2+0.48 ms cpu, 77->77->77 MB, 153 MB goal, 4 P
HeapAlloc: 88134888 HeapInuse: 88440832 HeapObjects: 500438 HeapIdle 1179648 HeapReleased 0 HeapSys 89620480
gc 980 @187.167s 2%: 0.017+0.39+0.069 ms clock, 0.069+0/0.31/0.27+0.27 ms cpu, 84->84->0 MB, 155 MB goal, 4 P (forced)
gc 981 @187.170s 2%: 0.088+0.48+0.063 ms clock, 0.35+0/0.20/0.47+0.25 ms cpu, 0->0->0 MB, 5 MB goal, 4 P (forced)
gc 982 @187.225s 2%: 0.029+178+0.31 ms clock, 0.11+0.43/178/0.81+1.2 ms cpu, 76->76->76 MB, 77 MB goal, 4 P
gc 983 @187.906s 2%: 0.031+139+0.18 ms clock, 0.12+0.67/138/1.1+0.72 ms cpu, 77->77->77 MB, 153 MB goal, 4 P
HeapAlloc: 88134968 HeapInuse: 88440832 HeapObjects: 500438 HeapIdle 1179648 HeapReleased 0 HeapSys 89620480
gc 984 @190.880s 2%: 0.017+0.36+0.063 ms clock, 0.070+0/0.25/0.40+0.25 ms cpu, 84->84->0 MB, 155 MB goal, 4 P (forced)
gc 985 @190.882s 2%: 0.017+0.33+0.069 ms clock, 0.069+0/0.29/0.51+0.27 ms cpu, 0->0->0 MB, 5 MB goal, 4 P (forced)
gc 986 @190.937s 2%: 0.027+134+0.67 ms clock, 0.11+0.32/132/82+2.6 ms cpu, 76->76->76 MB, 77 MB goal, 4 P
gc 987 @191.606s 2%: 0.027+132+0.10 ms clock, 0.10+0.73/131/0.78+0.40 ms cpu, 77->77->77 MB, 153 MB goal, 4 P
HeapAlloc: 88134968 HeapInuse: 88440832 HeapObjects: 500438 HeapIdle 1179648 HeapReleased 0 HeapSys 89620480
gc 988 @194.581s 2%: 0.016+0.38+0.10 ms clock, 0.067+0/0.29/0.28+0.41 ms cpu, 84->84->0 MB, 155 MB goal, 4 P (forced)
 1000000	      3700 ns/op	      88 B/op	       1 allocs/op
gc 989 @194.583s 2%: 0.017+0.40+0.053 ms clock, 0.071+0/0.13/0.40+0.21 ms cpu, 0->0->0 MB, 5 MB goal, 4 P (forced)
gc 990 @194.765s 2%: 0.062+19+0.33 ms clock, 0.25+0.67/19/27+1.3 ms cpu, 4->4->3 MB, 5 MB goal, 4 P
gc 991 @194.958s 2%: 0.039+48+0.086 ms clock, 0.15+0.40/38/27+0.34 ms cpu, 6->7->6 MB, 7 MB goal, 4 P
gc 992 @195.178s 2%: 0.042+63+1.1 ms clock, 0.16+0.64/63/95+4.4 ms cpu, 12->12->12 MB, 13 MB goal, 4 P
gc 993 @195.556s 2%: 0.036+81+0.14 ms clock, 0.14+0.70/80/161+0.59 ms cpu, 22->23->22 MB, 24 MB goal, 4 P
gc 994 @196.270s 2%: 0.031+175+0.14 ms clock, 0.12+0.89/175/333+0.59 ms cpu, 42->44->42 MB, 45 MB goal, 4 P
gc 995 @197.828s 2%: 0.086+344+0.092 ms clock, 0.34+16/344/312+0.37 ms cpu, 79->84->80 MB, 84 MB goal, 4 P
gc 996 @200.668s 2%: 0.036+834+0.93 ms clock, 0.14+0.98/834/1157+3.7 ms cpu, 151->158->151 MB, 161 MB goal, 4 P
gc 997 @207.212s 2%: 6.2+1860+3.4 ms clock, 25+699/1852/13+13 ms cpu, 287->302->289 MB, 302 MB goal, 4 P
gc 998 @220.098s 2%: 0.046+2294+0.18 ms clock, 0.18+2.3/2294/4585+0.73 ms cpu, 543->568->543 MB, 578 MB goal, 4 P
HeapAlloc: 825794296 HeapInuse: 829243392 HeapObjects: 11604346 HeapIdle 671744 HeapReleased 0 HeapSys 829915136
gc 999 @230.574s 2%: 0.026+2.5+0.074 ms clock, 0.10+0/2.4/4.7+0.29 ms cpu, 788->788->0 MB, 1086 MB goal, 4 P (forced)
BenchmarkRBTreeInsert1E7-4              	10000000	      3614 ns/op	      88 B/op	       2 allocs/op
gc 1000 @230.727s 2%: 0.045+0.36+0.12 ms clock, 0.18+0/0.29/0.23+0.50 ms cpu, 0->0->0 MB, 4 MB goal, 4 P (forced)
gc 1001 @231.194s 2%: 0.039+610+0.080 ms clock, 0.15+0.16/609/1152+0.32 ms cpu, 686->687->687 MB, 687 MB goal, 4 P
gc 1002 @232.068s 2%: 0.041+851+2.3 ms clock, 0.16+0.47/851/1465+9.4 ms cpu, 688->689->687 MB, 1374 MB goal, 4 P
GC forced
gc 5 @240.704s 0%: 0.083+4.0+0.18 ms clock, 0.33+0/3.9/3.8+0.73 ms cpu, 1->1->1 MB, 4 MB goal, 4 P
HeapAlloc: 798505032 HeapInuse: 798810112 HeapObjects: 4898574 HeapIdle 31105024 HeapReleased 0 HeapSys 829915136
gc 1003 @263.113s 2%: 0.018+1.0+0.096 ms clock, 0.075+0/0.49/0.77+0.38 ms cpu, 761->761->0 MB, 1375 MB goal, 4 P (forced)
BenchmarkRBTreeInsertWithBuf1E7-4       	10000000	      3240 ns/op	      80 B/op	       1 allocs/op
gc 1004 @263.135s 2%: 0.019+0.31+0.060 ms clock, 0.077+0/0.29/0.36+0.24 ms cpu, 0->0->0 MB, 5 MB goal, 4 P (forced)
gc 1005 @263.191s 2%: 0.045+0.62+0.072 ms clock, 0.18+0.44/0.17/0.52+0.28 ms cpu, 6->6->4 MB, 7 MB goal, 4 P
gc 1006 @263.268s 2%: 0.036+1.3+0.11 ms clock, 0.14+0.31/1.0/0.24+0.47 ms cpu, 11->11->9 MB, 12 MB goal, 4 P
gc 1007 @263.409s 2%: 0.081+2.0+0.13 ms clock, 0.32+0.23/0.30/1.8+0.54 ms cpu, 10->10->6 MB, 18 MB goal, 4 P
gc 1008 @263.435s 2%: 0.035+1.4+0.095 ms clock, 0.14+1.4/0.19/0.70+0.38 ms cpu, 18->18->18 MB, 19 MB goal, 4 P
gc 1009 @263.681s 2%: 0.033+4.8+0.092 ms clock, 0.13+0/1.8/3.3+0.37 ms cpu, 19->19->12 MB, 37 MB goal, 4 P
gc 1010 @263.769s 2%: 0.041+2.3+0.092 ms clock, 0.16+1.3/0.93/0.70+0.37 ms cpu, 37->37->37 MB, 38 MB goal, 4 P
gc 1011 @264.240s 2%: 0.037+1.6+0.099 ms clock, 0.15+1.4/0.33/0.39+0.39 ms cpu, 38->38->23 MB, 74 MB goal, 4 P
gc 1012 @264.480s 2%: 0.046+7.0+0.17 ms clock, 0.18+1.8/5.2/0.57+0.68 ms cpu, 75->75->74 MB, 76 MB goal, 4 P
gc 1013 @265.231s 2%: 6.8+13+0.077 ms clock, 27+0/4.8/12+0.30 ms cpu, 75->75->47 MB, 148 MB goal, 4 P
gc 1014 @265.786s 2%: 0.040+20+0.13 ms clock, 0.16+1.4/8.4/0.65+0.52 ms cpu, 151->151->148 MB, 152 MB goal, 4 P
gc 1015 @267.117s 2%: 0.028+10+0.076 ms clock, 0.11+0/4.1/6.4+0.30 ms cpu, 149->149->94 MB, 296 MB goal, 4 P
gc 1016 @268.536s 2%: 0.040+21+0.10 ms clock, 0.16+1.3/20/0.68+0.42 ms cpu, 302->302->296 MB, 303 MB goal, 4 P
gc 1017 @270.554s 2%: 0.031+10+0.073 ms clock, 0.12+0/3.9/6.6+0.29 ms cpu, 297->297->187 MB, 593 MB goal, 4 P
BenchmarkSysHashMapInsert1E7-4          	gc 1018 @271.756s 2%: 0.069+0.31+0.096 ms clock, 0.27+0/0.26/0.43+0.38 ms cpu, 190->190->0 MB, 375 MB goal, 4 P (forced)
gc 1019 @271.813s 2%: 0.037+0.59+0.10 ms clock, 0.14+0.48/0.17/0.55+0.40 ms cpu, 6->6->4 MB, 7 MB goal, 4 P
gc 1020 @271.887s 2%: 0.035+0.97+0.10 ms clock, 0.14+0.91/0.028/0.72+0.43 ms cpu, 11->11->9 MB, 12 MB goal, 4 P
gc 1021 @272.037s 2%: 0.071+6.6+0.27 ms clock, 0.28+0/2.3/4.6+1.1 ms cpu, 10->10->6 MB, 18 MB goal, 4 P
gc 1022 @272.072s 2%: 0.038+1.4+0.066 ms clock, 0.15+1.2/0.13/0.46+0.26 ms cpu, 18->18->18 MB, 19 MB goal, 4 P
gc 1023 @272.317s 2%: 0.043+6.0+0.12 ms clock, 0.17+0/2.0/4.3+0.49 ms cpu, 19->19->12 MB, 37 MB goal, 4 P
gc 1024 @272.416s 2%: 0.041+3.3+0.097 ms clock, 0.16+1.9/1.2/0.53+0.38 ms cpu, 37->37->37 MB, 38 MB goal, 4 P
gc 1025 @272.847s 2%: 0.033+1.8+0.071 ms clock, 0.13+0.30/0.10/1.8+0.28 ms cpu, 38->38->23 MB, 74 MB goal, 4 P
gc 1026 @273.064s 2%: 0.060+8.0+0.26 ms clock, 0.24+1.9/6.0/0.55+1.0 ms cpu, 75->75->74 MB, 76 MB goal, 4 P
gc 1027 @274.079s 2%: 0.035+10+0.081 ms clock, 0.14+0/4.0/6.5+0.32 ms cpu, 75->75->47 MB, 148 MB goal, 4 P
gc 1028 @274.675s 2%: 0.038+24+0.11 ms clock, 0.15+1.2/8.3/0.54+0.46 ms cpu, 151->151->148 MB, 152 MB goal, 4 P
gc 1029 @275.914s 2%: 0.029+9.9+0.078 ms clock, 0.11+0/3.8/6.5+0.31 ms cpu, 149->149->94 MB, 296 MB goal, 4 P
gc 1030 @277.272s 2%: 0.036+18+0.14 ms clock, 0.14+1.2/17/0.72+0.58 ms cpu, 302->302->296 MB, 303 MB goal, 4 P
gc 1031 @279.247s 2%: 0.031+9.8+0.069 ms clock, 0.12+0/3.7/6.5+0.27 ms cpu, 297->297->187 MB, 593 MB goal, 4 P
gc 1032 @280.559s 2%: 0.070+0.29+0.062 ms clock, 0.28+0/0.22/0.52+0.25 ms cpu, 190->190->0 MB, 375 MB goal, 4 P (forced)
gc 1033 @280.619s 2%: 0.041+0.74+0.12 ms clock, 0.16+0.46/0.11/0.62+0.51 ms cpu, 6->6->4 MB, 7 MB goal, 4 P
gc 1034 @280.693s 2%: 0.047+1.2+0.11 ms clock, 0.19+1.0/0.12/0.64+0.47 ms cpu, 11->11->9 MB, 12 MB goal, 4 P
gc 1035 @280.830s 2%: 0.10+4.5+0.37 ms clock, 0.42+0/1.6/3.1+1.4 ms cpu, 10->10->6 MB, 18 MB goal, 4 P
gc 1036 @280.861s 2%: 0.046+2.2+0.11 ms clock, 0.18+2.0/0.17/0.54+0.47 ms cpu, 18->18->18 MB, 19 MB goal, 4 P
gc 1037 @281.134s 2%: 0.071+5.7+0.29 ms clock, 0.28+0/2.0/3.9+1.1 ms cpu, 19->19->12 MB, 37 MB goal, 4 P
gc 1038 @281.227s 2%: 3.1+5.5+0.15 ms clock, 12+0/5.5/3.6+0.63 ms cpu, 37->37->37 MB, 38 MB goal, 4 P
gc 1039 @281.717s 2%: 0.033+1.7+0.085 ms clock, 0.13+0.25/0.15/1.9+0.34 ms cpu, 38->38->23 MB, 74 MB goal, 4 P
gc 1040 @281.926s 2%: 0.036+5.9+0.10 ms clock, 0.14+1.2/4.6/0.70+0.43 ms cpu, 75->75->74 MB, 76 MB goal, 4 P
gc 1041 @282.689s 2%: 0.029+9.6+0.093 ms clock, 0.11+0/3.8/7.1+0.37 ms cpu, 75->75->47 MB, 148 MB goal, 4 P
gc 1042 @283.284s 2%: 0.040+9.1+0.11 ms clock, 0.16+1.2/7.7/0.62+0.46 ms cpu, 151->151->148 MB, 152 MB goal, 4 P
gc 1043 @284.503s 2%: 0.031+9.5+0.073 ms clock, 0.12+0/3.7/6.3+0.29 ms cpu, 149->149->94 MB, 296 MB goal, 4 P
gc 1044 @285.808s 2%: 0.035+18+0.11 ms clock, 0.14+1.2/16/0.73+0.45 ms cpu, 302->302->296 MB, 303 MB goal, 4 P
gc 1045 @287.763s 2%: 0.029+12+0.11 ms clock, 0.11+0/6.2/6.2+0.46 ms cpu, 297->297->187 MB, 592 MB goal, 4 P
gc 1046 @289.061s 2%: 0.022+0.30+0.062 ms clock, 0.088+0/0.24/0.51+0.25 ms cpu, 190->190->0 MB, 375 MB goal, 4 P (forced)
gc 1047 @289.116s 2%: 0.043+0.55+0.10 ms clock, 0.17+0.49/0.11/0.58+0.40 ms cpu, 6->6->4 MB, 7 MB goal, 4 P
gc 1048 @289.187s 2%: 0.042+1.0+0.10 ms clock, 0.16+0.81/0/0.70+0.40 ms cpu, 11->11->9 MB, 12 MB goal, 4 P
gc 1049 @289.348s 2%: 0.053+13+0.11 ms clock, 0.21+1.1/1.0/3.8+0.45 ms cpu, 10->10->6 MB, 18 MB goal, 4 P
gc 1050 @289.382s 2%: 0.038+1.9+0.11 ms clock, 0.15+1.8/0.12/0.56+0.45 ms cpu, 18->18->18 MB, 19 MB goal, 4 P
gc 1051 @289.630s 2%: 0.028+4.9+0.074 ms clock, 0.11+0/2.0/3.3+0.29 ms cpu, 19->19->12 MB, 37 MB goal, 4 P
gc 1052 @289.718s 2%: 0.036+2.4+0.099 ms clock, 0.14+1.3/1.0/0.63+0.39 ms cpu, 37->37->37 MB, 38 MB goal, 4 P
gc 1053 @290.141s 2%: 0.028+1.7+0.095 ms clock, 0.11+0.28/1.5/0.24+0.38 ms cpu, 38->38->23 MB, 74 MB goal, 4 P
gc 1054 @290.364s 2%: 0.033+7.2+0.13 ms clock, 0.13+1.8/5.1/0.71+0.54 ms cpu, 75->75->74 MB, 76 MB goal, 4 P
gc 1055 @291.164s 2%: 0.030+10+0.15 ms clock, 0.12+0/4.9/6.3+0.61 ms cpu, 75->75->47 MB, 148 MB goal, 4 P
gc 1056 @291.743s 2%: 0.040+9.4+0.10 ms clock, 0.16+1.2/8.2/0.59+0.42 ms cpu, 151->151->148 MB, 152 MB goal, 4 P
gc 1057 @292.981s 2%: 0.032+10+0.12 ms clock, 0.12+0/4.7/5.8+0.48 ms cpu, 149->149->94 MB, 296 MB goal, 4 P
gc 1058 @294.388s 2%: 0.037+36+0.12 ms clock, 0.15+1.2/18/0.94+0.48 ms cpu, 302->303->296 MB, 303 MB goal, 4 P
gc 1059 @296.506s 2%: 0.031+9.6+0.060 ms clock, 0.12+0/3.8/6.2+0.24 ms cpu, 297->297->187 MB, 592 MB goal, 4 P
gc 1060 @297.748s 2%: 0.025+0.36+0.10 ms clock, 0.10+0/0.29/0.40+0.41 ms cpu, 190->190->0 MB, 375 MB goal, 4 P (forced)
gc 1061 @297.808s 2%: 0.043+1.7+0.10 ms clock, 0.17+0.50/0.012/0.68+0.40 ms cpu, 6->6->4 MB, 7 MB goal, 4 P
gc 1062 @297.881s 2%: 0.55+1.2+0.49 ms clock, 2.2+0/1.3/0.78+1.9 ms cpu, 11->11->9 MB, 12 MB goal, 4 P
gc 1063 @298.020s 2%: 0.038+1.2+0.11 ms clock, 0.15+0.18/1.0/0.54+0.47 ms cpu, 10->10->6 MB, 18 MB goal, 4 P
gc 1064 @298.047s 2%: 0.042+1.6+0.080 ms clock, 0.17+1.5/0.053/0.65+0.32 ms cpu, 18->18->18 MB, 19 MB goal, 4 P
gc 1065 @298.291s 2%: 0.033+11+0.11 ms clock, 0.13+0.93/1.1/3.2+0.47 ms cpu, 19->19->12 MB, 37 MB goal, 4 P
gc 1066 @298.393s 2%: 0.044+10+0.11 ms clock, 0.17+1.8/1.1/0.55+0.47 ms cpu, 37->37->37 MB, 38 MB goal, 4 P
gc 1067 @298.838s 2%: 0.034+9.6+0.071 ms clock, 0.13+1.6/0.64/0.17+0.28 ms cpu, 38->38->24 MB, 74 MB goal, 4 P
gc 1068 @299.058s 2%: 0.046+7.0+0.20 ms clock, 0.18+1.7/5.1/0.81+0.82 ms cpu, 75->75->74 MB, 76 MB goal, 4 P
gc 1069 @299.849s 2%: 0.029+9.4+0.10 ms clock, 0.11+0/3.7/5.9+0.41 ms cpu, 75->75->47 MB, 148 MB goal, 4 P
scvg1: inuse: 49, idle: 742, sys: 791, released: 0, consumed: 791 (MB)
gc 1070 @300.438s 2%: 0.069+22+0.14 ms clock, 0.27+1.2/7.9/0.55+0.57 ms cpu, 151->151->148 MB, 152 MB goal, 4 P
gc 1071 @301.601s 2%: 0.030+9.6+0.070 ms clock, 0.12+0/3.7/6.4+0.28 ms cpu, 149->149->94 MB, 296 MB goal, 4 P
gc 1072 @302.925s 2%: 0.040+18+0.10 ms clock, 0.16+1.4/16/0.73+0.41 ms cpu, 302->302->296 MB, 303 MB goal, 4 P
gc 1073 @304.997s 2%: 0.030+12+0.084 ms clock, 0.12+0/6.4/6.1+0.33 ms cpu, 297->297->187 MB, 592 MB goal, 4 P
gc 1074 @306.272s 2%: 0.071+0.31+0.065 ms clock, 0.28+0/0.21/0.38+0.26 ms cpu, 190->190->0 MB, 375 MB goal, 4 P (forced)
gc 1075 @306.329s 2%: 0.041+0.74+0.79 ms clock, 0.16+0.51/0.14/0.63+3.1 ms cpu, 6->6->4 MB, 7 MB goal, 4 P
gc 1076 @306.412s 2%: 0.42+0.98+2.7 ms clock, 1.6+0/1.0/0.76+10 ms cpu, 11->11->9 MB, 12 MB goal, 4 P
gc 1077 @306.551s 2%: 0.031+1.6+0.12 ms clock, 0.12+0.28/1.4/0.41+0.50 ms cpu, 10->10->6 MB, 18 MB goal, 4 P
gc 1078 @306.577s 2%: 0.065+1.5+0.097 ms clock, 0.26+1.4/0.22/0.79+0.38 ms cpu, 18->18->18 MB, 19 MB goal, 4 P
gc 1079 @306.806s 2%: 0.030+5.2+0.085 ms clock, 0.12+0/2.0/3.6+0.34 ms cpu, 19->19->12 MB, 37 MB goal, 4 P
gc 1080 @306.898s 2%: 0.039+2.3+0.11 ms clock, 0.15+1.3/1.0/0.65+0.46 ms cpu, 37->37->37 MB, 38 MB goal, 4 P
gc 1081 @307.355s 2%: 0.035+3.3+0.53 ms clock, 0.14+0.20/0.36/2.6+2.1 ms cpu, 38->38->23 MB, 74 MB goal, 4 P
gc 1082 @307.597s 2%: 0.037+4.9+0.10 ms clock, 0.15+1.3/3.5/0.69+0.41 ms cpu, 75->75->74 MB, 76 MB goal, 4 P
gc 1083 @308.622s 2%: 0.051+15+0.20 ms clock, 0.20+0/6.1/9.7+0.82 ms cpu, 75->75->47 MB, 148 MB goal, 4 P
gc 1084 @309.246s 2%: 0.037+14+0.13 ms clock, 0.15+1.9/13/0.57+0.55 ms cpu, 151->151->148 MB, 152 MB goal, 4 P
gc 1085 @310.471s 2%: 0.031+11+0.094 ms clock, 0.12+0/4.8/6.7+0.37 ms cpu, 149->149->94 MB, 296 MB goal, 4 P
gc 1086 @311.798s 2%: 0.033+18+0.11 ms clock, 0.13+1.3/16/0.69+0.45 ms cpu, 302->302->296 MB, 303 MB goal, 4 P
gc 1087 @313.723s 2%: 0.031+9.6+0.066 ms clock, 0.12+0/3.9/6.2+0.26 ms cpu, 297->297->187 MB, 592 MB goal, 4 P
gc 1088 @314.905s 2%: 0.077+0.45+0.072 ms clock, 0.31+0/0.27/0.48+0.29 ms cpu, 190->190->0 MB, 375 MB goal, 4 P (forced)
gc 1089 @314.960s 2%: 0.028+0.52+0.10 ms clock, 0.11+0.29/0.055/0.63+0.42 ms cpu, 6->6->4 MB, 7 MB goal, 4 P
gc 1090 @315.039s 2%: 0.042+0.70+0.098 ms clock, 0.17+0.57/0.13/0.59+0.39 ms cpu, 11->11->9 MB, 12 MB goal, 4 P
gc 1091 @315.180s 2%: 0.034+3.5+0.14 ms clock, 0.13+0/1.3/2.5+0.59 ms cpu, 10->10->6 MB, 18 MB goal, 4 P
gc 1092 @315.209s 2%: 0.048+2.5+0.085 ms clock, 0.19+2.4/0.10/0.60+0.34 ms cpu, 18->18->18 MB, 19 MB goal, 4 P
gc 1093 @315.462s 2%: 0.030+4.9+0.090 ms clock, 0.12+0/1.8/3.3+0.36 ms cpu, 19->19->12 MB, 37 MB goal, 4 P
gc 1094 @315.552s 2%: 0.043+2.5+0.11 ms clock, 0.17+1.5/1.1/0.61+0.44 ms cpu, 37->37->37 MB, 38 MB goal, 4 P
gc 1095 @315.976s 2%: 0.030+1.7+0.067 ms clock, 0.12+0.25/0.12/1.9+0.27 ms cpu, 38->38->23 MB, 74 MB goal, 4 P
gc 1096 @316.191s 2%: 0.036+4.9+0.083 ms clock, 0.14+0/4.5/0.69+0.33 ms cpu, 75->75->74 MB, 76 MB goal, 4 P
gc 1097 @316.908s 2%: 0.039+14+0.083 ms clock, 0.15+0/3.8/10+0.33 ms cpu, 75->75->47 MB, 148 MB goal, 4 P
gc 1098 @317.462s 2%: 0.037+9.1+0.10 ms clock, 0.15+1.2/7.8/0.48+0.43 ms cpu, 151->151->148 MB, 152 MB goal, 4 P
gc 1099 @318.659s 2%: 0.029+13+0.085 ms clock, 0.11+0/3.7/9.5+0.34 ms cpu, 149->149->94 MB, 296 MB goal, 4 P
gc 1100 @319.983s 2%: 0.039+34+0.15 ms clock, 0.15+1.3/17/0.67+0.60 ms cpu, 302->303->296 MB, 303 MB goal, 4 P
gc 1101 @321.964s 2%: 0.027+9.5+0.10 ms clock, 0.10+0/3.8/5.8+0.41 ms cpu, 297->297->187 MB, 592 MB goal, 4 P
gc 1102 @323.158s 2%: 0.022+0.33+0.065 ms clock, 0.088+0/0.16/0.54+0.26 ms cpu, 190->190->0 MB, 375 MB goal, 4 P (forced)
gc 1103 @323.213s 2%: 0.038+0.76+0.12 ms clock, 0.15+0.47/0/0.63+0.50 ms cpu, 6->6->4 MB, 7 MB goal, 4 P
gc 1104 @323.296s 2%: 0.049+0.80+0.67 ms clock, 0.19+0.56/0.050/0.63+2.6 ms cpu, 11->11->9 MB, 12 MB goal, 4 P
gc 1105 @323.440s 2%: 0.039+5.7+0.11 ms clock, 0.15+0/2.5/3.6+0.45 ms cpu, 10->10->6 MB, 18 MB goal, 4 P
gc 1106 @323.473s 2%: 0.043+2.2+0.16 ms clock, 0.17+0.11/1.9/0.58+0.66 ms cpu, 18->18->18 MB, 19 MB goal, 4 P
gc 1107 @323.727s 2%: 0.031+5.2+0.083 ms clock, 0.12+0/1.9/4.0+0.33 ms cpu, 19->19->12 MB, 37 MB goal, 4 P
gc 1108 @323.817s 2%: 0.048+14+0.10 ms clock, 0.19+1.9/1.1/0.57+0.42 ms cpu, 37->37->37 MB, 38 MB goal, 4 P
gc 1109 @324.278s 2%: 0.045+2.7+1.5 ms clock, 0.18+0.16/0.40/2.6+6.3 ms cpu, 38->38->23 MB, 74 MB goal, 4 P
gc 1110 @324.489s 2%: 0.035+20+0.11 ms clock, 0.14+1.5/4.8/0+0.45 ms cpu, 75->75->74 MB, 76 MB goal, 4 P
gc 1111 @325.220s 2%: 0.026+17+1.1 ms clock, 0.10+0/10/7.8+4.4 ms cpu, 75->75->47 MB, 148 MB goal, 4 P
gc 1112 @325.754s 2%: 0.034+9.1+0.14 ms clock, 0.13+1.3/7.9/0.56+0.57 ms cpu, 151->151->148 MB, 152 MB goal, 4 P
gc 1113 @327.025s 2%: 0.032+9.6+0.056 ms clock, 0.13+0/3.8/6.2+0.22 ms cpu, 149->149->94 MB, 296 MB goal, 4 P
gc 1114 @328.433s 1%: 0.036+27+0.092 ms clock, 0.14+0.027/27/0.98+0.36 ms cpu, 302->303->296 MB, 303 MB goal, 4 P
gc 1115 @330.419s 1%: 0.033+9.7+0.094 ms clock, 0.13+0/3.7/6.3+0.37 ms cpu, 297->297->187 MB, 592 MB goal, 4 P
gc 1116 @331.719s 1%: 0.071+0.36+0.21 ms clock, 0.28+0/0.12/0.45+0.86 ms cpu, 190->190->0 MB, 375 MB goal, 4 P (forced)
gc 1117 @331.781s 1%: 0.034+0.67+0.34 ms clock, 0.13+0.52/0.15/0.65+1.3 ms cpu, 6->6->4 MB, 7 MB goal, 4 P
gc 1118 @331.864s 1%: 0.036+0.82+0.11 ms clock, 0.14+0.78/0.18/0.54+0.47 ms cpu, 11->11->9 MB, 12 MB goal, 4 P
gc 1119 @332.011s 1%: 0.039+6.0+0.11 ms clock, 0.15+0/2.4/4.0+0.47 ms cpu, 10->10->6 MB, 18 MB goal, 4 P
gc 1120 @332.042s 1%: 0.044+1.7+0.11 ms clock, 0.17+1.5/0.37/0.33+0.47 ms cpu, 18->18->18 MB, 19 MB goal, 4 P
gc 1121 @332.292s 1%: 0.028+4.8+0.095 ms clock, 0.11+0/1.9/3.3+0.38 ms cpu, 19->19->12 MB, 37 MB goal, 4 P
gc 1122 @332.392s 1%: 0.046+6.6+0.12 ms clock, 0.18+2.1/1.8/0.54+0.49 ms cpu, 37->37->37 MB, 38 MB goal, 4 P
gc 1123 @332.819s 1%: 0.038+2.6+0.10 ms clock, 0.15+0.37/2.4/0.35+0.41 ms cpu, 38->38->23 MB, 74 MB goal, 4 P
gc 1124 @333.033s 1%: 0.078+8.0+0.15 ms clock, 0.31+0.092/7.7/1.0+0.62 ms cpu, 75->75->74 MB, 76 MB goal, 4 P
gc 1125 @333.770s 1%: 0.028+9.7+0.054 ms clock, 0.11+0/3.8/6.2+0.21 ms cpu, 75->75->47 MB, 148 MB goal, 4 P
gc 1126 @334.381s 1%: 0.049+14+2.0 ms clock, 0.19+1.8/12/0.66+8.0 ms cpu, 151->151->148 MB, 152 MB goal, 4 P
gc 1127 @335.621s 1%: 0.027+9.5+0.071 ms clock, 0.11+0/3.7/6.3+0.28 ms cpu, 149->149->94 MB, 296 MB goal, 4 P
gc 1128 @337.019s 1%: 0.037+20+0.22 ms clock, 0.15+1.2/19/0.72+0.89 ms cpu, 302->302->296 MB, 303 MB goal, 4 P
gc 1129 @339.093s 1%: 0.032+11+0.41 ms clock, 0.13+0/3.9/8.3+1.6 ms cpu, 297->297->187 MB, 592 MB goal, 4 P
gc 1130 @340.357s 1%: 0.078+0.32+0.065 ms clock, 0.31+0/0.24/0.37+0.26 ms cpu, 190->190->0 MB, 375 MB goal, 4 P (forced)
gc 1131 @340.412s 1%: 0.049+0.75+0.11 ms clock, 0.19+0/0.50/0.66+0.46 ms cpu, 6->6->4 MB, 7 MB goal, 4 P
gc 1132 @340.489s 1%: 0.056+1.2+0.13 ms clock, 0.22+0.97/0.23/0.59+0.54 ms cpu, 11->11->9 MB, 12 MB goal, 4 P
gc 1133 @340.621s 1%: 0.031+3.6+0.19 ms clock, 0.12+0/1.4/2.5+0.79 ms cpu, 10->10->6 MB, 18 MB goal, 4 P
gc 1134 @340.652s 1%: 0.046+2.3+0.082 ms clock, 0.18+2.2/0.11/0.63+0.33 ms cpu, 18->18->18 MB, 19 MB goal, 4 P
gc 1135 @340.878s 1%: 0.030+12+0.11 ms clock, 0.12+0.93/1.1/2.9+0.44 ms cpu, 19->19->12 MB, 37 MB goal, 4 P
gc 1136 @340.965s 1%: 0.041+2.5+0.096 ms clock, 0.16+1.5/1.1/0.53+0.38 ms cpu, 37->37->37 MB, 38 MB goal, 4 P
gc 1137 @341.397s 1%: 0.031+1.7+0.062 ms clock, 0.12+0.17/0.32/1.7+0.25 ms cpu, 38->38->23 MB, 74 MB goal, 4 P
gc 1138 @341.611s 1%: 0.031+4.6+0.10 ms clock, 0.12+1.2/3.4/0.56+0.41 ms cpu, 75->75->74 MB, 76 MB goal, 4 P
gc 1139 @342.329s 1%: 0.038+16+0.17 ms clock, 0.15+0/6.1/10+0.69 ms cpu, 75->75->47 MB, 148 MB goal, 4 P
gc 1140 @342.893s 1%: 0.040+24+0.13 ms clock, 0.16+1.3/8.2/0.78+0.53 ms cpu, 151->151->148 MB, 152 MB goal, 4 P
gc 1141 @344.062s 1%: 0.030+11+0.27 ms clock, 0.12+0/3.8/7.7+1.0 ms cpu, 149->149->94 MB, 296 MB goal, 4 P
gc 1142 @345.463s 1%: 0.044+18+0.11 ms clock, 0.17+1.4/17/0.74+0.44 ms cpu, 302->302->296 MB, 303 MB goal, 4 P
gc 1143 @347.612s 1%: 0.030+9.5+0.074 ms clock, 0.12+0/3.7/6.3+0.29 ms cpu, 297->297->187 MB, 592 MB goal, 4 P
gc 1144 @348.971s 1%: 0.027+0.44+0.081 ms clock, 0.10+0/0.33/0.33+0.32 ms cpu, 190->190->0 MB, 375 MB goal, 4 P (forced)
gc 1145 @349.051s 1%: 0.039+0.54+0.098 ms clock, 0.15+0.47/0.16/0.52+0.39 ms cpu, 6->6->4 MB, 7 MB goal, 4 P
gc 1146 @349.122s 1%: 0.037+0.80+0.096 ms clock, 0.15+0.55/0/0.67+0.38 ms cpu, 11->11->9 MB, 12 MB goal, 4 P
gc 1147 @349.258s 1%: 0.043+6.1+0.10 ms clock, 0.17+0/2.4/4.0+0.40 ms cpu, 10->10->6 MB, 18 MB goal, 4 P
gc 1148 @349.291s 1%: 2.3+1.9+0.14 ms clock, 9.2+0/1.8/2.6+0.56 ms cpu, 18->18->18 MB, 19 MB goal, 4 P
gc 1149 @349.558s 1%: 0.039+8.0+0.085 ms clock, 0.15+0/3.1/5.2+0.34 ms cpu, 19->19->12 MB, 37 MB goal, 4 P
gc 1150 @349.657s 1%: 0.052+3.9+0.25 ms clock, 0.21+2.2/1.7/0.61+1.0 ms cpu, 37->37->37 MB, 38 MB goal, 4 P
gc 1151 @350.118s 1%: 0.032+2.4+0.14 ms clock, 0.13+0.31/0.48/2.1+0.59 ms cpu, 38->38->23 MB, 74 MB goal, 4 P
gc 1152 @350.351s 1%: 0.039+5.0+0.11 ms clock, 0.15+1.2/3.6/0.64+0.44 ms cpu, 75->75->74 MB, 76 MB goal, 4 P
gc 1153 @351.199s 1%: 0.035+9.4+0.22 ms clock, 0.14+0/3.8/5.9+0.91 ms cpu, 75->75->47 MB, 148 MB goal, 4 P
gc 1154 @351.757s 1%: 0.035+9.3+0.14 ms clock, 0.14+1.3/7.8/0.49+0.59 ms cpu, 151->151->148 MB, 152 MB goal, 4 P
gc 1155 @352.964s 1%: 0.028+10+0.081 ms clock, 0.11+0/4.2/6.3+0.32 ms cpu, 149->149->94 MB, 296 MB goal, 4 P
gc 1156 @354.284s 1%: 0.044+18+0.11 ms clock, 0.17+1.3/16/0.75+0.47 ms cpu, 302->302->296 MB, 303 MB goal, 4 P
gc 1157 @356.322s 1%: 0.032+28+0.071 ms clock, 0.12+0/22/6.1+0.28 ms cpu, 297->297->296 MB, 593 MB goal, 4 P
gc 1158 @357.533s 1%: 0.078+0.28+0.061 ms clock, 0.31+0/0.25/0.56+0.24 ms cpu, 300->300->0 MB, 593 MB goal, 4 P (forced)
gc 1159 @357.598s 1%: 0.035+0.66+0.078 ms clock, 0.14+0.48/0.043/0.66+0.31 ms cpu, 6->6->4 MB, 7 MB goal, 4 P
gc 1160 @357.688s 1%: 0.053+1.2+0.12 ms clock, 0.21+0/0.90/0.67+0.50 ms cpu, 11->11->9 MB, 12 MB goal, 4 P
gc 1161 @357.835s 1%: 0.032+1.7+0.10 ms clock, 0.12+0.20/1.5/0.27+0.42 ms cpu, 10->10->6 MB, 18 MB goal, 4 P
gc 1162 @357.860s 1%: 0.050+2.4+0.088 ms clock, 0.20+0/2.1/0.79+0.35 ms cpu, 18->18->18 MB, 19 MB goal, 4 P
gc 1163 @358.114s 1%: 0.030+10+0.11 ms clock, 0.12+1.2/0.15/0.34+0.44 ms cpu, 19->19->12 MB, 37 MB goal, 4 P
gc 1164 @358.207s 1%: 0.038+20+0.16 ms clock, 0.15+1.4/1.5/0.54+0.67 ms cpu, 37->37->37 MB, 38 MB goal, 4 P
gc 1165 @358.646s 1%: 0.028+1.7+0.097 ms clock, 0.11+0.29/0.11/1.6+0.39 ms cpu, 38->38->23 MB, 74 MB goal, 4 P
gc 1166 @358.854s 1%: 0.042+6.0+0.11 ms clock, 0.17+1.6/4.3/0.56+0.47 ms cpu, 75->75->74 MB, 76 MB goal, 4 P
gc 1167 @359.704s 1%: 0.035+20+0.14 ms clock, 0.14+0/7.8/12+0.56 ms cpu, 75->75->47 MB, 148 MB goal, 4 P
scvg1: 0 MB released
scvg1: inuse: 2, idle: 1, sys: 4, released: 0, consumed: 4 (MB)
GC forced
gc 6 @360.710s 0%: 0.043+6.8+0.16 ms clock, 0.17+0/3.2/3.2+0.65 ms cpu, 1->1->1 MB, 4 MB goal, 4 P
gc 1168 @360.335s 1%: 0.043+11+0.18 ms clock, 0.17+1.6/9.4/0.69+0.75 ms cpu, 151->151->148 MB, 152 MB goal, 4 P
gc 1169 @361.539s 1%: 0.032+10+0.098 ms clock, 0.13+0/3.9/6.3+0.39 ms cpu, 149->149->94 MB, 296 MB goal, 4 P
gc 1170 @362.884s 1%: 0.036+18+0.27 ms clock, 0.14+0.16/18/0.60+1.0 ms cpu, 302->303->296 MB, 303 MB goal, 4 P
gc 1171 @364.930s 1%: 0.030+9.5+0.067 ms clock, 0.12+0/3.7/6.3+0.26 ms cpu, 297->297->187 MB, 592 MB goal, 4 P
10000000	       896 ns/op	      44 B/op	       0 allocs/op
gc 1172 @366.503s 1%: 0.029+0.46+0.093 ms clock, 0.11+0/0.33/0.35+0.37 ms cpu, 190->190->0 MB, 375 MB goal, 4 P (forced)
gc 1173 @366.586s 1%: 0.068+4.1+3.5 ms clock, 0.27+0.34/0.18/0.40+14 ms cpu, 187->187->187 MB, 188 MB goal, 4 P
gc 1174 @370.966s 1%: 0.036+15+0.13 ms clock, 0.14+0/5.5/10+0.53 ms cpu, 188->188->187 MB, 374 MB goal, 4 P
BenchmarkSysHashMapInsertWithBuf1E7-4   	gc 1175 @372.215s 1%: 0.075+0.32+0.10 ms clock, 0.30+0/0.29/0.41+0.42 ms cpu, 190->190->0 MB, 375 MB goal, 4 P (forced)
gc 1176 @372.270s 1%: 0.029+0.32+0.091 ms clock, 0.11+0.25/0.090/0.23+0.36 ms cpu, 187->187->187 MB, 188 MB goal, 4 P
gc 1177 @375.773s 1%: 0.030+9.7+0.082 ms clock, 0.12+0/3.6/6.4+0.32 ms cpu, 188->188->187 MB, 374 MB goal, 4 P
gc 1178 @376.951s 1%: 0.079+0.40+0.076 ms clock, 0.31+0/0.34/0.25+0.30 ms cpu, 190->190->0 MB, 375 MB goal, 4 P (forced)
gc 1179 @377.005s 1%: 0.037+0.43+0.52 ms clock, 0.14+0.16/0.23/0.42+2.0 ms cpu, 187->187->187 MB, 188 MB goal, 4 P
gc 1180 @380.466s 1%: 0.026+9.7+0.093 ms clock, 0.10+0/3.7/6.4+0.37 ms cpu, 188->188->187 MB, 374 MB goal, 4 P
gc 1181 @381.647s 1%: 0.076+0.46+0.072 ms clock, 0.30+0/0.12/0.40+0.28 ms cpu, 190->190->0 MB, 375 MB goal, 4 P (forced)
gc 1182 @381.699s 1%: 0.030+0.31+0.081 ms clock, 0.12+0.15/0.12/0.45+0.32 ms cpu, 187->187->187 MB, 188 MB goal, 4 P
gc 1183 @385.202s 1%: 0.031+9.9+0.087 ms clock, 0.12+0/3.6/6.6+0.34 ms cpu, 188->188->187 MB, 374 MB goal, 4 P
gc 1184 @386.535s 1%: 0.077+0.31+0.054 ms clock, 0.30+0/0.22/0.38+0.21 ms cpu, 190->190->0 MB, 375 MB goal, 4 P (forced)
gc 1185 @386.588s 1%: 0.038+0.37+0.11 ms clock, 0.15+0.12/0.001/0.47+0.47 ms cpu, 187->187->187 MB, 188 MB goal, 4 P
gc 1186 @390.132s 1%: 0.027+9.5+0.080 ms clock, 0.11+0/3.6/6.3+0.32 ms cpu, 188->188->187 MB, 374 MB goal, 4 P
gc 1187 @391.335s 1%: 0.13+0.54+0.12 ms clock, 0.53+0/0.34/0.59+0.49 ms cpu, 190->190->0 MB, 375 MB goal, 4 P (forced)
gc 1188 @391.393s 1%: 0.040+0.45+0.13 ms clock, 0.16+0.26/0.14/0.36+0.54 ms cpu, 187->187->187 MB, 188 MB goal, 4 P
gc 1189 @395.031s 1%: 0.031+10+0.071 ms clock, 0.12+0/4.3/6.2+0.28 ms cpu, 188->188->187 MB, 374 MB goal, 4 P
gc 1190 @396.252s 1%: 0.072+0.29+0.13 ms clock, 0.29+0/0.21/0.51+0.54 ms cpu, 190->190->0 MB, 375 MB goal, 4 P (forced)
gc 1191 @396.320s 1%: 0.044+0.40+0.087 ms clock, 0.17+0.15/0.16/0.38+0.34 ms cpu, 187->187->187 MB, 188 MB goal, 4 P
gc 1192 @399.812s 1%: 0.031+9.5+0.080 ms clock, 0.12+0/3.9/5.9+0.32 ms cpu, 188->188->187 MB, 374 MB goal, 4 P
gc 1193 @401.023s 1%: 0.077+0.45+0.12 ms clock, 0.31+0/0.12/0.42+0.48 ms cpu, 190->190->0 MB, 375 MB goal, 4 P (forced)
gc 1194 @401.077s 1%: 0.038+0.32+0.062 ms clock, 0.15+0.28/0.13/0.29+0.24 ms cpu, 187->187->187 MB, 188 MB goal, 4 P
gc 1195 @404.669s 1%: 0.036+15+0.10 ms clock, 0.14+0/5.7/10+0.43 ms cpu, 188->188->187 MB, 374 MB goal, 4 P
gc 1196 @405.943s 1%: 0.078+0.36+0.13 ms clock, 0.31+0/0.12/0.45+0.54 ms cpu, 190->190->0 MB, 375 MB goal, 4 P (forced)
gc 1197 @405.998s 1%: 0.035+4.0+0.066 ms clock, 0.14+0.22/0.11/0.29+0.26 ms cpu, 187->187->187 MB, 188 MB goal, 4 P
gc 1198 @409.600s 1%: 0.031+9.6+0.095 ms clock, 0.12+0/9.4/0.23+0.38 ms cpu, 188->188->187 MB, 374 MB goal, 4 P
gc 1199 @410.961s 1%: 0.051+0.40+0.086 ms clock, 0.20+0/0.33/0.34+0.34 ms cpu, 190->190->0 MB, 375 MB goal, 4 P (forced)
gc 1200 @411.021s 1%: 0.037+0.70+0.76 ms clock, 0.14+0.22/0.34/0.12+3.0 ms cpu, 187->187->187 MB, 188 MB goal, 4 P
gc 1201 @414.637s 1%: 0.031+11+0.11 ms clock, 0.12+0/4.9/6.6+0.46 ms cpu, 188->188->187 MB, 374 MB goal, 4 P
gc 1202 @415.954s 1%: 0.079+0.30+0.073 ms clock, 0.31+0/0.22/0.38+0.29 ms cpu, 190->190->0 MB, 375 MB goal, 4 P (forced)
gc 1203 @416.006s 1%: 0.033+0.33+0.062 ms clock, 0.13+0.17/0.11/0.45+0.25 ms cpu, 187->187->187 MB, 188 MB goal, 4 P
gc 1204 @419.592s 1%: 0.040+15+0.15 ms clock, 0.16+0/6.8/8.5+0.60 ms cpu, 188->188->187 MB, 374 MB goal, 4 P
10000000	       494 ns/op	      20 B/op	       0 allocs/op
gc 1205 @420.896s 1%: 0.083+0.40+0.064 ms clock, 0.33+0/0.14/0.45+0.25 ms cpu, 190->190->0 MB, 375 MB goal, 4 P (forced)
gc 1206 @421.163s 1%: 0.043+16+0.14 ms clock, 0.17+0.65/13/26+0.56 ms cpu, 4->4->4 MB, 5 MB goal, 4 P
gc 1207 @421.387s 1%: 0.038+31+0.15 ms clock, 0.15+0.59/26/52+0.61 ms cpu, 7->7->7 MB, 8 MB goal, 4 P
gc 1208 @421.642s 1%: 0.031+66+0.50 ms clock, 0.12+1.0/63/94+2.0 ms cpu, 13->14->14 MB, 14 MB goal, 4 P
gc 1209 @422.181s 1%: 0.037+138+2.7 ms clock, 0.15+0.69/137/259+11 ms cpu, 26->27->27 MB, 28 MB goal, 4 P
gc 1210 @423.471s 1%: 0.036+267+0.081 ms clock, 0.14+0.74/267/468+0.32 ms cpu, 51->53->53 MB, 55 MB goal, 4 P
gc 1211 @425.869s 1%: 0.034+396+0.082 ms clock, 0.13+0.91/396/784+0.33 ms cpu, 101->106->106 MB, 107 MB goal, 4 P
gc 1212 @430.808s 1%: 0.035+912+0.14 ms clock, 0.14+1.0/912/1823+0.57 ms cpu, 202->211->211 MB, 212 MB goal, 4 P
gc 1213 @441.875s 1%: 0.035+2142+0.049 ms clock, 0.14+1.5/2141/4279+0.19 ms cpu, 403->416->416 MB, 422 MB goal, 4 P
scvg2: inuse: 523, idle: 268, sys: 791, released: 0, consumed: 791 (MB)
gc 1214 @463.470s 1%: 0.032+4705+0.082 ms clock, 0.12+377/4704/9393+0.33 ms cpu, 800->831->829 MB, 832 MB goal, 4 P
HeapAlloc: 880132296 HeapInuse: 883564544 HeapObjects: 15000445 HeapIdle 876544 HeapReleased 0 HeapSys 884441088
gc 1215 @468.750s 1%: 0.021+2.4+0.73 ms clock, 0.085+0/2.3/6.7+2.9 ms cpu, 839->839->0 MB, 1659 MB goal, 4 P (forced)
BenchmarkSetInsert1E7-4                 	10000000	      4808 ns/op	      88 B/op	       2 allocs/op
gc 1216 @468.980s 1%: 0.38+0.61+0.43 ms clock, 1.5+0/0.37/0.34+1.7 ms cpu, 0->0->0 MB, 4 MB goal, 4 P (forced)
gc 1217 @469.576s 1%: 0.037+687+0.10 ms clock, 0.15+0.48/685/1268+0.43 ms cpu, 763->763->763 MB, 764 MB goal, 4 P
gc 1218 @470.749s 1%: 0.040+840+0.12 ms clock, 0.16+0.95/840/1506+0.50 ms cpu, 764->765->765 MB, 1527 MB goal, 4 P
GC forced
gc 7 @480.719s 0%: 0.032+2.9+0.53 ms clock, 0.13+0/2.9/3.5+2.1 ms cpu, 1->1->1 MB, 4 MB goal, 4 P
HeapAlloc: 880138392 HeapInuse: 880443392 HeapObjects: 5000441 HeapIdle 3997696 HeapReleased 0 HeapSys 884441088
gc 1219 @507.986s 1%: 0.017+0.57+0.071 ms clock, 0.068+0/0.47/0.46+0.28 ms cpu, 839->839->0 MB, 1531 MB goal, 4 P (forced)
BenchmarkSetInsertWithBuf1E7-4          	10000000	      3902 ns/op	      88 B/op	       1 allocs/op
PASS
ok  	github.com/cdongyang/library/rbtree	508.127s
