gc 1 @0.059s 0%: 0.16+0.38+0.029 ms clock, 0.33+0.10/0.34/0.65+0.059 ms cpu, 4->4->0 MB, 5 MB goal, 4 P
gc 2 @0.073s 0%: 0.011+0.49+0.074 ms clock, 0.047+0.23/0.40/0.79+0.29 ms cpu, 4->4->0 MB, 5 MB goal, 4 P
gc 3 @0.087s 0%: 0.013+0.63+0.044 ms clock, 0.052+0.23/0.45/1.1+0.17 ms cpu, 4->4->0 MB, 5 MB goal, 4 P
# github.com/cdongyang/library/rbtree/bench_test
gc 1 @0.004s 7%: 0.019+1.9+0.034 ms clock, 0.057+0.16/1.7/2.2+0.10 ms cpu, 4->4->3 MB, 5 MB goal, 4 P
gc 2 @0.015s 7%: 0.010+3.1+0.091 ms clock, 0.043+0.11/3.0/6.2+0.36 ms cpu, 5->6->4 MB, 6 MB goal, 4 P
gc 3 @0.051s 4%: 0.016+4.5+0.037 ms clock, 0.065+0.18/4.3/6.0+0.15 ms cpu, 9->9->5 MB, 10 MB goal, 4 P
# testmain
gc 1 @0.006s 8%: 0.066+3.0+0.048 ms clock, 0.19+0.17/2.9/1.8+0.14 ms cpu, 4->4->3 MB, 5 MB goal, 4 P
# testmain
gc 1 @0.001s 7%: 0.027+6.3+0.042 ms clock, 0.081+2.1/0.12/0.069+0.12 ms cpu, 4->5->4 MB, 5 MB goal, 4 P
gc 2 @0.012s 13%: 0.008+5.9+0.66 ms clock, 0.032+0.092/5.1/2.3+2.6 ms cpu, 7->8->7 MB, 9 MB goal, 4 P
gc 3 @0.032s 11%: 0.013+8.7+0.033 ms clock, 0.052+0.18/8.7/4.2+0.13 ms cpu, 13->14->13 MB, 15 MB goal, 4 P
gc 4 @0.066s 10%: 0.012+12+0.034 ms clock, 0.049+0.10/11/8.5+0.13 ms cpu, 22->24->22 MB, 26 MB goal, 4 P
gc 5 @0.133s 9%: 0.058+22+0.040 ms clock, 0.058+2.8/22/14+0.040 ms cpu, 40->40->32 MB, 44 MB goal, 4 P
gc 1 @0.000s 4%: 0.006+0.34+0.021 ms clock, 0.026+0/0.058/0.14+0.086 ms cpu, 0->0->0 MB, 4 MB goal, 4 P (forced)
gc 2 @0.001s 5%: 0.004+0.12+0.022 ms clock, 0.018+0/0.038/0.14+0.089 ms cpu, 0->0->0 MB, 4 MB goal, 4 P (forced)
goos: linux
goarch: amd64
pkg: github.com/cdongyang/library/rbtree/bench
BenchmarkSort1E5-4                                    	gc 3 @0.017s 0%: 0.025+0.11+0.018 ms clock, 0.10+0/0.081/0.15+0.075 ms cpu, 0->0->0 MB, 4 MB goal, 4 P (forced)
gc 4 @0.034s 0%: 0.008+0.088+0.015 ms clock, 0.032+0/0.065/0.14+0.063 ms cpu, 0->0->0 MB, 4 MB goal, 4 P (forced)
gc 5 @0.050s 0%: 0.015+0.10+0.033 ms clock, 0.062+0/0.078/0.11+0.13 ms cpu, 0->0->0 MB, 4 MB goal, 4 P (forced)
gc 6 @0.067s 0%: 0.014+0.10+0.019 ms clock, 0.059+0/0.071/0.13+0.079 ms cpu, 0->0->0 MB, 4 MB goal, 4 P (forced)
gc 7 @0.088s 0%: 0.006+0.10+0.044 ms clock, 0.025+0/0.035/0.14+0.17 ms cpu, 0->0->0 MB, 4 MB goal, 4 P (forced)
gc 8 @0.104s 0%: 0.006+0.097+0.018 ms clock, 0.027+0/0.070/0.12+0.073 ms cpu, 0->0->0 MB, 4 MB goal, 4 P (forced)
gc 9 @0.121s 0%: 0.018+0.099+0.030 ms clock, 0.072+0/0.063/0.11+0.12 ms cpu, 0->0->0 MB, 4 MB goal, 4 P (forced)
gc 10 @0.137s 0%: 0.007+0.079+0.018 ms clock, 0.031+0/0.064/0.14+0.074 ms cpu, 0->0->0 MB, 4 MB goal, 4 P (forced)
gc 11 @0.153s 0%: 0.006+0.093+0.019 ms clock, 0.026+0/0.082/0.14+0.077 ms cpu, 0->0->0 MB, 4 MB goal, 4 P (forced)
gc 12 @0.168s 0%: 0.006+0.099+0.019 ms clock, 0.024+0/0.082/0.14+0.077 ms cpu, 0->0->0 MB, 4 MB goal, 4 P (forced)
gc 13 @0.199s 0%: 0.062+0.17+0.028 ms clock, 0.25+0/0.072/0.22+0.11 ms cpu, 0->0->0 MB, 4 MB goal, 4 P (forced)
gc 14 @0.223s 0%: 0.025+0.10+0.035 ms clock, 0.10+0/0.064/0.12+0.14 ms cpu, 0->0->0 MB, 4 MB goal, 4 P (forced)
  100000	       156 ns/op	       8 B/op	       0 allocs/op
gc 15 @0.239s 0%: 0.005+0.10+0.030 ms clock, 0.021+0/0.078/0.076+0.12 ms cpu, 0->0->0 MB, 4 MB goal, 4 P (forced)
gc 16 @0.286s 0%: 0.014+6.5+0.048 ms clock, 0.059+0.29/6.3/6.2+0.19 ms cpu, 4->4->4 MB, 5 MB goal, 4 P
gc 17 @0.347s 1%: 0.014+8.6+0.10 ms clock, 0.056+0.21/8.5/16+0.42 ms cpu, 7->8->8 MB, 8 MB goal, 4 P
BenchmarkSetInsert1E5-4                               	gc 18 @0.359s 1%: 0.007+0.13+0.031 ms clock, 0.031+0/0.10/0.10+0.12 ms cpu, 8->8->0 MB, 16 MB goal, 4 P (forced)
gc 19 @0.411s 1%: 0.013+8.7+0.15 ms clock, 0.055+0.18/5.5/11+0.62 ms cpu, 4->4->4 MB, 5 MB goal, 4 P
gc 20 @0.471s 2%: 0.024+9.8+1.4 ms clock, 0.097+0.42/9.7/15+5.9 ms cpu, 7->8->8 MB, 8 MB goal, 4 P
gc 21 @0.483s 2%: 0.018+0.14+0.50 ms clock, 0.054+0/0.12/0.11+1.5 ms cpu, 8->8->0 MB, 16 MB goal, 4 P (forced)
gc 22 @0.531s 2%: 0.009+4.9+0.067 ms clock, 0.039+0.27/4.8/7.3+0.26 ms cpu, 4->4->4 MB, 5 MB goal, 4 P
gc 23 @0.578s 2%: 0.011+11+0.070 ms clock, 0.045+0.23/10/13+0.28 ms cpu, 7->8->8 MB, 8 MB goal, 4 P
gc 24 @0.591s 2%: 0.021+0.14+0.038 ms clock, 0.085+0/0.11/0.14+0.15 ms cpu, 8->8->0 MB, 16 MB goal, 4 P (forced)
gc 25 @0.638s 2%: 0.009+4.7+0.070 ms clock, 0.039+0.26/4.6/9.3+0.28 ms cpu, 4->4->4 MB, 5 MB goal, 4 P
gc 26 @0.689s 2%: 0.011+9.2+0.024 ms clock, 0.045+0.20/9.1/16+0.097 ms cpu, 7->8->8 MB, 8 MB goal, 4 P
gc 27 @0.701s 2%: 0.005+0.080+0.019 ms clock, 0.020+0/0.061/0.15+0.077 ms cpu, 8->8->0 MB, 16 MB goal, 4 P (forced)
gc 28 @0.749s 2%: 0.010+4.7+0.029 ms clock, 0.043+0.12/4.6/9.3+0.11 ms cpu, 4->4->4 MB, 5 MB goal, 4 P
gc 29 @0.796s 2%: 0.019+8.7+0.021 ms clock, 0.076+0.23/8.6/15+0.086 ms cpu, 7->8->8 MB, 8 MB goal, 4 P
gc 30 @0.807s 2%: 0.014+0.11+0.031 ms clock, 0.059+0/0.092/0.086+0.12 ms cpu, 8->8->0 MB, 16 MB goal, 4 P (forced)
gc 31 @0.858s 2%: 0.025+6.6+0.059 ms clock, 0.10+0.17/4.1/8.4+0.23 ms cpu, 4->4->4 MB, 5 MB goal, 4 P
gc 32 @0.912s 2%: 0.011+10+0.094 ms clock, 0.047+0.23/9.6/16+0.37 ms cpu, 7->8->8 MB, 8 MB goal, 4 P
gc 33 @0.924s 2%: 0.039+0.69+0.051 ms clock, 0.15+0/0.34/0+0.20 ms cpu, 8->8->0 MB, 16 MB goal, 4 P (forced)
gc 34 @0.977s 2%: 0.012+6.2+0.21 ms clock, 0.048+0.23/6.1/6.5+0.84 ms cpu, 4->4->4 MB, 5 MB goal, 4 P
gc 35 @1.032s 2%: 0.021+10+0.080 ms clock, 0.086+0.33/10/15+0.32 ms cpu, 7->8->8 MB, 8 MB goal, 4 P
gc 36 @1.044s 2%: 0.005+3.6+0.050 ms clock, 0.022+0/0.20/0.003+0.20 ms cpu, 8->8->0 MB, 16 MB goal, 4 P (forced)
gc 37 @1.101s 2%: 0.016+5.4+0.025 ms clock, 0.066+0.10/5.3/5.5+0.10 ms cpu, 4->4->4 MB, 5 MB goal, 4 P
gc 38 @1.153s 3%: 0.015+11+0.049 ms clock, 0.060+0.24/10/20+0.19 ms cpu, 7->8->8 MB, 8 MB goal, 4 P
gc 39 @1.166s 3%: 0.007+0.19+0.022 ms clock, 0.030+0/0.15/0.22+0.090 ms cpu, 8->8->0 MB, 16 MB goal, 4 P (forced)
gc 40 @1.219s 3%: 0.019+5.2+0.022 ms clock, 0.077+0.25/5.1/5.1+0.089 ms cpu, 4->4->4 MB, 5 MB goal, 4 P
gc 41 @1.273s 3%: 0.012+11+0.068 ms clock, 0.051+0.23/11/13+0.27 ms cpu, 7->8->8 MB, 8 MB goal, 4 P
gc 42 @1.287s 3%: 0.014+0.12+1.4 ms clock, 0.059+0/0.097/0.23+5.9 ms cpu, 8->8->0 MB, 16 MB goal, 4 P (forced)
gc 43 @1.339s 3%: 0.016+5.6+0.041 ms clock, 0.064+0.099/5.5/6.7+0.16 ms cpu, 4->4->4 MB, 5 MB goal, 4 P
gc 44 @1.391s 3%: 0.013+11+0.17 ms clock, 0.055+0.21/11/14+0.71 ms cpu, 7->8->8 MB, 8 MB goal, 4 P
gc 45 @1.405s 3%: 0.027+0.16+0.027 ms clock, 0.10+0/0.13/0.24+0.10 ms cpu, 8->8->0 MB, 16 MB goal, 4 P (forced)
gc 46 @1.455s 3%: 0.012+5.7+0.035 ms clock, 0.050+0.077/5.6/6.0+0.14 ms cpu, 4->4->4 MB, 5 MB goal, 4 P
gc 47 @1.509s 3%: 0.012+9.6+0.10 ms clock, 0.048+0.23/9.5/16+0.42 ms cpu, 7->8->8 MB, 8 MB goal, 4 P
gc 48 @1.521s 3%: 0.010+0.22+0.042 ms clock, 0.042+0/0.18/0.18+0.16 ms cpu, 8->8->0 MB, 16 MB goal, 4 P (forced)
gc 49 @1.573s 3%: 0.015+7.2+0.58 ms clock, 0.063+0.10/7.0/5.5+2.3 ms cpu, 4->4->4 MB, 5 MB goal, 4 P
gc 50 @1.635s 3%: 0.013+9.7+0.050 ms clock, 0.054+0.14/9.7/16+0.20 ms cpu, 7->8->8 MB, 8 MB goal, 4 P
gc 51 @1.645s 3%: 0.008+0.12+0.032 ms clock, 0.034+0/0.10/0.10+0.13 ms cpu, 8->8->0 MB, 16 MB goal, 4 P (forced)
gc 52 @1.699s 3%: 0.011+6.6+0.056 ms clock, 0.046+0.096/6.5/5.2+0.22 ms cpu, 4->4->4 MB, 5 MB goal, 4 P
gc 53 @1.750s 3%: 0.011+10+0.19 ms clock, 0.046+0.21/10/15+0.78 ms cpu, 7->8->8 MB, 8 MB goal, 4 P
gc 54 @1.762s 3%: 0.031+0.12+0.021 ms clock, 0.12+0/0.083/0.14+0.086 ms cpu, 8->8->0 MB, 16 MB goal, 4 P (forced)
gc 55 @1.810s 3%: 0.009+5.1+0.023 ms clock, 0.039+0.14/5.0/6.2+0.095 ms cpu, 4->4->4 MB, 5 MB goal, 4 P
gc 56 @1.858s 3%: 0.010+8.5+0.066 ms clock, 0.042+0.25/8.4/15+0.26 ms cpu, 7->8->8 MB, 8 MB goal, 4 P
gc 57 @1.869s 3%: 0.028+0.10+0.042 ms clock, 0.11+0/0.091/0.14+0.16 ms cpu, 8->8->0 MB, 16 MB goal, 4 P (forced)
gc 58 @1.916s 3%: 0.009+4.9+0.041 ms clock, 0.037+0.23/4.8/6.8+0.16 ms cpu, 4->4->4 MB, 5 MB goal, 4 P
gc 59 @1.967s 3%: 0.012+10+0.036 ms clock, 0.048+0.14/10/14+0.14 ms cpu, 7->8->8 MB, 8 MB goal, 4 P
gc 60 @1.978s 3%: 0.005+0.11+0.021 ms clock, 0.021+0/0.084/0.089+0.087 ms cpu, 8->8->0 MB, 16 MB goal, 4 P (forced)
gc 61 @2.026s 3%: 0.010+4.3+0.52 ms clock, 0.040+0.13/4.2/7.9+2.1 ms cpu, 4->4->4 MB, 5 MB goal, 4 P
gc 62 @2.074s 3%: 0.010+9.9+0.028 ms clock, 0.043+0.20/9.8/13+0.11 ms cpu, 7->8->8 MB, 8 MB goal, 4 P
  100000	      1068 ns/op	      88 B/op	       2 allocs/op
gc 63 @2.086s 3%: 0.030+0.11+0.020 ms clock, 0.12+0/0.085/0.13+0.080 ms cpu, 8->8->0 MB, 16 MB goal, 4 P (forced)
gc 64 @2.123s 3%: 0.009+4.7+0.063 ms clock, 0.038+0.24/4.7/5.0+0.25 ms cpu, 4->4->4 MB, 5 MB goal, 4 P
gc 65 @2.175s 3%: 0.011+9.2+0.13 ms clock, 0.045+0.23/9.1/13+0.53 ms cpu, 7->8->8 MB, 8 MB goal, 4 P
BenchmarkSetErase1E5-4                                	gc 66 @2.247s 3%: 0.020+0.13+0.025 ms clock, 0.080+0/0.084/0.16+0.10 ms cpu, 10->10->0 MB, 16 MB goal, 4 P (forced)
gc 67 @2.285s 3%: 0.008+3.7+0.025 ms clock, 0.034+0.21/3.7/4.0+0.10 ms cpu, 4->4->4 MB, 5 MB goal, 4 P
gc 68 @2.337s 3%: 0.010+8.1+0.028 ms clock, 0.042+0.26/8.0/13+0.11 ms cpu, 7->8->8 MB, 8 MB goal, 4 P
gc 69 @2.408s 3%: 0.016+0.11+0.022 ms clock, 0.065+0/0.090/0.18+0.090 ms cpu, 10->10->0 MB, 16 MB goal, 4 P (forced)
gc 70 @2.446s 3%: 0.010+5.3+0.051 ms clock, 0.040+0.14/5.2/4.7+0.20 ms cpu, 4->4->4 MB, 5 MB goal, 4 P
gc 71 @2.498s 3%: 0.011+11+0.036 ms clock, 0.045+0.16/10/11+0.14 ms cpu, 7->8->8 MB, 8 MB goal, 4 P
gc 72 @2.566s 3%: 0.026+0.093+0.021 ms clock, 0.10+0/0.075/0.18+0.086 ms cpu, 10->10->0 MB, 17 MB goal, 4 P (forced)
gc 73 @2.653s 3%: 0.015+5.6+1.6 ms clock, 0.061+0.25/5.3/10+6.6 ms cpu, 4->4->4 MB, 5 MB goal, 4 P
gc 74 @2.708s 3%: 0.011+7.8+0.066 ms clock, 0.044+0.22/7.8/14+0.26 ms cpu, 7->8->8 MB, 8 MB goal, 4 P
gc 75 @2.778s 3%: 0.027+0.099+0.017 ms clock, 0.10+0/0.087/0.17+0.070 ms cpu, 10->10->0 MB, 16 MB goal, 4 P (forced)
gc 76 @2.820s 3%: 0.010+4.1+0.032 ms clock, 0.043+0.22/4.1/4.5+0.12 ms cpu, 4->4->4 MB, 5 MB goal, 4 P
gc 77 @2.872s 3%: 0.011+8.1+0.028 ms clock, 0.047+0.21/8.0/13+0.11 ms cpu, 7->8->8 MB, 8 MB goal, 4 P
gc 78 @2.948s 3%: 0.021+0.25+0.12 ms clock, 0.084+0/0.15/0.14+0.48 ms cpu, 10->10->0 MB, 16 MB goal, 4 P (forced)
gc 79 @2.987s 3%: 0.010+4.3+0.063 ms clock, 0.040+0.12/4.3/5.7+0.25 ms cpu, 4->4->4 MB, 5 MB goal, 4 P
gc 80 @3.039s 3%: 0.011+8.3+0.065 ms clock, 0.047+0.24/8.2/13+0.26 ms cpu, 7->8->8 MB, 8 MB goal, 4 P
gc 81 @3.109s 3%: 0.026+0.12+0.054 ms clock, 0.10+0/0.086/0.14+0.21 ms cpu, 10->10->0 MB, 16 MB goal, 4 P (forced)
gc 82 @3.172s 3%: 0.010+3.7+0.021 ms clock, 0.043+0.22/3.7/5.9+0.086 ms cpu, 4->4->4 MB, 5 MB goal, 4 P
gc 83 @3.223s 3%: 0.010+8.2+0.025 ms clock, 0.040+0.22/8.1/15+0.10 ms cpu, 7->8->8 MB, 8 MB goal, 4 P
gc 84 @3.294s 2%: 0.015+0.11+0.032 ms clock, 0.063+0/0.088/0.18+0.12 ms cpu, 10->10->0 MB, 16 MB goal, 4 P (forced)
gc 85 @3.333s 2%: 0.009+4.9+0.033 ms clock, 0.038+0.22/4.9/1.2+0.13 ms cpu, 4->4->4 MB, 5 MB goal, 4 P
gc 86 @3.395s 3%: 0.010+8.4+0.064 ms clock, 0.042+0.23/8.4/14+0.25 ms cpu, 7->8->8 MB, 8 MB goal, 4 P
gc 87 @3.468s 2%: 0.007+0.10+0.023 ms clock, 0.029+0/0.091/0.16+0.093 ms cpu, 10->10->0 MB, 16 MB goal, 4 P (forced)
gc 88 @3.509s 2%: 0.010+4.4+0.063 ms clock, 0.041+0.22/4.2/5.6+0.25 ms cpu, 4->4->4 MB, 5 MB goal, 4 P
gc 89 @3.593s 2%: 0.011+7.8+0.11 ms clock, 0.046+0.24/7.7/14+0.44 ms cpu, 7->8->8 MB, 8 MB goal, 4 P
gc 90 @3.670s 2%: 0.028+0.11+0.041 ms clock, 0.11+0/0.084/0.14+0.16 ms cpu, 10->10->0 MB, 16 MB goal, 4 P (forced)
gc 91 @3.708s 2%: 0.009+4.3+0.024 ms clock, 0.037+0.23/4.2/3.6+0.099 ms cpu, 4->4->4 MB, 5 MB goal, 4 P
gc 92 @3.774s 2%: 0.012+8.7+0.028 ms clock, 0.049+0.24/8.6/11+0.11 ms cpu, 7->8->8 MB, 8 MB goal, 4 P
gc 93 @3.845s 2%: 0.008+0.17+0.11 ms clock, 0.032+0/0.063/0.21+0.45 ms cpu, 10->10->0 MB, 16 MB goal, 4 P (forced)
gc 94 @3.883s 2%: 0.009+5.6+0.063 ms clock, 0.039+0.24/5.5/4.0+0.25 ms cpu, 4->4->4 MB, 5 MB goal, 4 P
gc 95 @3.939s 2%: 0.011+12+0.027 ms clock, 0.046+0.23/10/14+0.10 ms cpu, 7->8->8 MB, 8 MB goal, 4 P
gc 96 @4.011s 2%: 0.008+0.12+0.022 ms clock, 0.032+0/0.093/0.15+0.091 ms cpu, 10->10->0 MB, 17 MB goal, 4 P (forced)
gc 97 @4.047s 2%: 0.009+3.6+0.021 ms clock, 0.038+0.23/3.6/6.3+0.086 ms cpu, 4->4->4 MB, 5 MB goal, 4 P
gc 98 @4.101s 2%: 0.010+7.3+0.18 ms clock, 0.042+0.23/7.3/14+0.72 ms cpu, 7->8->8 MB, 8 MB goal, 4 P
gc 99 @4.171s 2%: 0.026+0.098+0.021 ms clock, 0.10+0/0.073/0.18+0.084 ms cpu, 10->10->0 MB, 16 MB goal, 4 P (forced)
gc 100 @4.214s 2%: 0.009+3.6+0.024 ms clock, 0.037+0.21/3.6/5.8+0.099 ms cpu, 4->4->4 MB, 5 MB goal, 4 P
gc 101 @4.264s 2%: 0.011+10+0.099 ms clock, 0.045+0.22/10/10+0.39 ms cpu, 7->8->8 MB, 8 MB goal, 4 P
gc 102 @4.339s 2%: 0.008+0.20+0.13 ms clock, 0.035+0/0.065/0.22+0.55 ms cpu, 10->10->0 MB, 16 MB goal, 4 P (forced)
gc 103 @4.378s 2%: 0.009+5.1+0.023 ms clock, 0.036+0.13/5.1/5.5+0.094 ms cpu, 4->4->4 MB, 5 MB goal, 4 P
gc 104 @4.430s 2%: 0.010+11+0.081 ms clock, 0.040+0.23/11/20+0.32 ms cpu, 7->8->8 MB, 8 MB goal, 4 P
gc 105 @4.502s 2%: 0.007+0.13+0.083 ms clock, 0.029+0/0.12/0.15+0.33 ms cpu, 10->10->0 MB, 17 MB goal, 4 P (forced)
gc 106 @4.540s 2%: 0.010+3.5+0.025 ms clock, 0.041+0.22/3.5/6.4+0.10 ms cpu, 4->4->4 MB, 5 MB goal, 4 P
gc 107 @4.590s 2%: 0.010+7.8+0.017 ms clock, 0.040+0.20/7.8/14+0.070 ms cpu, 7->8->8 MB, 8 MB goal, 4 P
  100000	       554 ns/op	      16 B/op	       1 allocs/op
gc 108 @4.664s 2%: 0.006+0.12+0.022 ms clock, 0.026+0/0.098/0.086+0.091 ms cpu, 10->10->0 MB, 16 MB goal, 4 P (forced)
gc 109 @4.703s 2%: 0.010+3.5+0.023 ms clock, 0.042+0.21/3.5/6.2+0.094 ms cpu, 4->4->4 MB, 5 MB goal, 4 P
gc 110 @4.754s 2%: 0.011+10+0.088 ms clock, 0.046+0.22/10/12+0.35 ms cpu, 7->8->8 MB, 8 MB goal, 4 P
BenchmarkSetNext1E5-4                                 	gc 111 @4.784s 2%: 0.020+0.12+0.030 ms clock, 0.080+0/0.093/0.090+0.12 ms cpu, 9->9->0 MB, 16 MB goal, 4 P (forced)
gc 112 @4.822s 2%: 0.010+3.6+0.021 ms clock, 0.043+0.24/3.5/6.3+0.086 ms cpu, 4->4->4 MB, 5 MB goal, 4 P
gc 113 @4.873s 2%: 0.011+8.7+0.022 ms clock, 0.045+0.21/8.6/16+0.088 ms cpu, 7->8->8 MB, 8 MB goal, 4 P
gc 114 @4.904s 2%: 0.018+0.16+0.096 ms clock, 0.073+0/0.083/0.14+0.38 ms cpu, 9->9->0 MB, 16 MB goal, 4 P (forced)
gc 115 @4.950s 2%: 0.013+5.7+0.061 ms clock, 0.054+0.14/5.3/5.4+0.24 ms cpu, 4->4->4 MB, 5 MB goal, 4 P
gc 116 @5.016s 2%: 0.012+8.0+0.74 ms clock, 0.050+0.22/7.9/15+2.9 ms cpu, 7->8->8 MB, 8 MB goal, 4 P
gc 117 @5.051s 2%: 0.008+0.12+0.045 ms clock, 0.035+0/0.097/0.18+0.18 ms cpu, 9->9->0 MB, 16 MB goal, 4 P (forced)
gc 118 @5.094s 2%: 0.011+4.7+0.50 ms clock, 0.045+0.22/4.7/4.5+2.0 ms cpu, 4->4->4 MB, 5 MB goal, 4 P
gc 119 @5.156s 2%: 0.026+10+0.065 ms clock, 0.10+0.26/10/15+0.26 ms cpu, 7->8->8 MB, 8 MB goal, 4 P
gc 120 @5.190s 2%: 0.023+0.13+0.027 ms clock, 0.094+0/0.11/0.18+0.11 ms cpu, 9->9->0 MB, 16 MB goal, 4 P (forced)
gc 121 @5.229s 2%: 0.009+4.1+0.10 ms clock, 0.039+0.24/4.0/6.0+0.41 ms cpu, 4->4->4 MB, 5 MB goal, 4 P
gc 122 @5.283s 2%: 0.010+9.8+0.068 ms clock, 0.043+0.23/9.8/13+0.27 ms cpu, 7->8->8 MB, 8 MB goal, 4 P
gc 123 @5.313s 2%: 0.010+0.10+0.022 ms clock, 0.041+0/0.079/0.17+0.090 ms cpu, 9->9->0 MB, 16 MB goal, 4 P (forced)
gc 124 @5.351s 2%: 0.009+5.3+0.034 ms clock, 0.038+0.13/5.3/3.4+0.13 ms cpu, 4->4->4 MB, 5 MB goal, 4 P
gc 125 @5.405s 2%: 0.011+13+0.035 ms clock, 0.044+0.22/13/1.7+0.14 ms cpu, 7->8->8 MB, 8 MB goal, 4 P
gc 126 @5.435s 2%: 0.025+0.11+0.023 ms clock, 0.10+0/0.084/0.12+0.093 ms cpu, 9->9->0 MB, 17 MB goal, 4 P (forced)
gc 127 @5.474s 2%: 0.011+3.8+0.085 ms clock, 0.044+0.21/3.8/5.5+0.34 ms cpu, 4->4->4 MB, 5 MB goal, 4 P
gc 128 @5.524s 2%: 0.010+11+0.046 ms clock, 0.040+0.22/10/10+0.18 ms cpu, 7->8->8 MB, 8 MB goal, 4 P
gc 129 @5.555s 2%: 0.008+0.10+0.017 ms clock, 0.032+0/0.075/0.17+0.070 ms cpu, 9->9->0 MB, 16 MB goal, 4 P (forced)
gc 130 @5.594s 2%: 0.012+5.2+0.038 ms clock, 0.049+0.14/5.2/3.2+0.15 ms cpu, 4->4->4 MB, 5 MB goal, 4 P
gc 131 @5.647s 2%: 0.010+13+0.027 ms clock, 0.043+0.23/13/13+0.10 ms cpu, 7->8->8 MB, 8 MB goal, 4 P
gc 132 @5.678s 2%: 0.008+0.11+0.019 ms clock, 0.034+0/0.081/0.16+0.078 ms cpu, 9->9->0 MB, 17 MB goal, 4 P (forced)
gc 133 @5.718s 2%: 0.010+5.2+0.10 ms clock, 0.041+0.13/5.0/4.6+0.42 ms cpu, 4->4->4 MB, 5 MB goal, 4 P
gc 134 @5.770s 2%: 0.010+8.9+0.022 ms clock, 0.042+0.23/8.8/16+0.089 ms cpu, 7->8->8 MB, 8 MB goal, 4 P
gc 135 @5.797s 2%: 0.026+0.087+0.028 ms clock, 0.10+0/0.070/0.17+0.11 ms cpu, 9->9->0 MB, 16 MB goal, 4 P (forced)
gc 136 @5.836s 2%: 0.011+3.6+0.084 ms clock, 0.046+0.21/3.6/6.7+0.33 ms cpu, 4->4->4 MB, 5 MB goal, 4 P
gc 137 @5.898s 2%: 0.011+8.4+0.027 ms clock, 0.047+0.22/8.4/11+0.10 ms cpu, 7->8->8 MB, 8 MB goal, 4 P
gc 138 @5.928s 2%: 0.016+0.29+0.022 ms clock, 0.067+0/0.21/0.62+0.088 ms cpu, 9->9->0 MB, 16 MB goal, 4 P (forced)
gc 139 @5.975s 2%: 0.011+4.2+0.035 ms clock, 0.046+0.24/4.2/4.9+0.14 ms cpu, 4->4->4 MB, 5 MB goal, 4 P
gc 140 @6.037s 2%: 0.015+9.0+0.039 ms clock, 0.062+0.24/8.9/14+0.15 ms cpu, 7->8->8 MB, 8 MB goal, 4 P
gc 141 @6.069s 2%: 0.031+0.18+0.051 ms clock, 0.12+0/0.12/0.22+0.20 ms cpu, 9->9->0 MB, 16 MB goal, 4 P (forced)
gc 142 @6.114s 2%: 0.024+6.1+0.047 ms clock, 0.096+0.21/6.1/4.0+0.19 ms cpu, 4->4->4 MB, 5 MB goal, 4 P
gc 143 @6.169s 2%: 0.011+12+0.061 ms clock, 0.046+0.83/12/4.2+0.24 ms cpu, 7->8->8 MB, 8 MB goal, 4 P
gc 144 @6.196s 2%: 0.024+0.090+0.048 ms clock, 0.097+0/0.065/0.17+0.19 ms cpu, 9->9->0 MB, 17 MB goal, 4 P (forced)
gc 145 @6.235s 2%: 0.012+5.0+0.024 ms clock, 0.050+0.14/4.9/4.5+0.097 ms cpu, 4->4->4 MB, 5 MB goal, 4 P
gc 146 @6.286s 2%: 0.010+8.1+0.017 ms clock, 0.043+0.24/8.1/15+0.068 ms cpu, 7->8->8 MB, 8 MB goal, 4 P
  100000	       118 ns/op	       8 B/op	       0 allocs/op
gc 147 @6.315s 2%: 0.005+0.12+0.043 ms clock, 0.021+0/0.093/0.083+0.17 ms cpu, 9->9->0 MB, 16 MB goal, 4 P (forced)
gc 148 @6.353s 2%: 0.011+6.2+0.028 ms clock, 0.046+0.13/3.9/3.8+0.11 ms cpu, 4->4->4 MB, 5 MB goal, 4 P
gc 149 @6.411s 2%: 0.009+8.5+0.066 ms clock, 0.039+0.20/8.5/15+0.26 ms cpu, 7->8->8 MB, 8 MB goal, 4 P
BenchmarkSetLast1E5-4                                 	gc 150 @6.440s 2%: 0.025+0.11+0.024 ms clock, 0.10+0/0.083/0.14+0.098 ms cpu, 9->9->0 MB, 16 MB goal, 4 P (forced)
gc 151 @6.483s 2%: 0.010+4.4+0.063 ms clock, 0.043+0.24/4.4/4.6+0.25 ms cpu, 4->4->4 MB, 5 MB goal, 4 P
gc 152 @6.539s 2%: 0.011+8.4+0.076 ms clock, 0.047+0.23/8.3/15+0.30 ms cpu, 7->8->8 MB, 8 MB goal, 4 P
gc 153 @6.568s 2%: 0.025+0.11+0.018 ms clock, 0.10+0/0.072/0.13+0.075 ms cpu, 9->9->0 MB, 16 MB goal, 4 P (forced)
gc 154 @6.607s 2%: 0.009+3.8+0.022 ms clock, 0.039+0.15/3.8/5.0+0.089 ms cpu, 4->4->4 MB, 5 MB goal, 4 P
gc 155 @6.662s 2%: 0.010+8.3+0.018 ms clock, 0.040+0.13/8.2/14+0.072 ms cpu, 7->8->8 MB, 8 MB goal, 4 P
gc 156 @6.691s 2%: 0.024+0.11+0.018 ms clock, 0.096+0/0.066/0.14+0.074 ms cpu, 9->9->0 MB, 16 MB goal, 4 P (forced)
gc 157 @6.729s 2%: 0.010+4.2+0.028 ms clock, 0.042+0.23/4.1/4.4+0.11 ms cpu, 4->4->4 MB, 5 MB goal, 4 P
gc 158 @6.780s 2%: 0.010+9.9+0.042 ms clock, 0.041+0.21/9.8/11+0.16 ms cpu, 7->8->8 MB, 8 MB goal, 4 P
gc 159 @6.812s 2%: 0.024+0.093+0.024 ms clock, 0.096+0/0.072/0.13+0.099 ms cpu, 9->9->0 MB, 17 MB goal, 4 P (forced)
gc 160 @6.850s 2%: 0.010+3.9+0.023 ms clock, 0.041+0.23/3.8/4.8+0.095 ms cpu, 4->4->4 MB, 5 MB goal, 4 P
gc 161 @6.902s 2%: 0.011+9.6+0.030 ms clock, 0.046+0.13/9.5/11+0.12 ms cpu, 7->8->8 MB, 8 MB goal, 4 P
gc 162 @6.932s 2%: 0.025+0.084+0.023 ms clock, 0.10+0/0.068/0.17+0.094 ms cpu, 9->9->0 MB, 16 MB goal, 4 P (forced)
gc 163 @6.972s 2%: 0.011+5.1+0.067 ms clock, 0.045+0.21/5.1/4.7+0.27 ms cpu, 4->4->4 MB, 5 MB goal, 4 P
gc 164 @7.024s 2%: 0.010+8.7+0.025 ms clock, 0.043+0.21/8.6/12+0.10 ms cpu, 7->8->8 MB, 8 MB goal, 4 P
gc 165 @7.054s 2%: 0.028+0.085+0.031 ms clock, 0.11+0/0.060/0.17+0.12 ms cpu, 9->9->0 MB, 16 MB goal, 4 P (forced)
gc 166 @7.092s 2%: 0.011+4.2+0.067 ms clock, 0.044+0.23/4.2/5.3+0.27 ms cpu, 4->4->4 MB, 5 MB goal, 4 P
gc 167 @7.145s 2%: 0.010+11+0.024 ms clock, 0.042+0.53/11/21+0.097 ms cpu, 7->8->8 MB, 8 MB goal, 4 P
gc 168 @7.173s 2%: 0.007+0.11+0.024 ms clock, 0.029+0/0.076/0.17+0.097 ms cpu, 9->9->0 MB, 17 MB goal, 4 P (forced)
gc 169 @7.211s 2%: 0.010+3.7+0.29 ms clock, 0.043+0.13/3.6/5.9+1.1 ms cpu, 4->4->4 MB, 5 MB goal, 4 P
gc 170 @7.261s 2%: 0.010+7.7+0.052 ms clock, 0.040+0.23/7.7/13+0.21 ms cpu, 7->8->8 MB, 8 MB goal, 4 P
gc 171 @7.290s 2%: 0.007+0.10+0.033 ms clock, 0.031+0/0.077/0.14+0.13 ms cpu, 9->9->0 MB, 16 MB goal, 4 P (forced)
gc 172 @7.329s 2%: 0.010+3.7+0.098 ms clock, 0.043+0.23/3.6/6.1+0.39 ms cpu, 4->4->4 MB, 5 MB goal, 4 P
gc 173 @7.379s 2%: 0.010+9.5+0.031 ms clock, 0.041+0.23/9.5/8.9+0.12 ms cpu, 7->8->8 MB, 8 MB goal, 4 P
gc 174 @7.410s 2%: 0.024+0.094+0.041 ms clock, 0.098+0/0.075/0.13+0.16 ms cpu, 9->9->0 MB, 16 MB goal, 4 P (forced)
gc 175 @7.450s 2%: 0.012+4.3+0.024 ms clock, 0.050+0.14/4.3/5.6+0.097 ms cpu, 4->4->4 MB, 5 MB goal, 4 P
gc 176 @7.502s 2%: 0.010+9.2+0.063 ms clock, 0.041+0.12/9.1/14+0.25 ms cpu, 7->8->8 MB, 8 MB goal, 4 P
gc 177 @7.532s 2%: 0.006+0.10+0.029 ms clock, 0.024+0/0.079/0.18+0.11 ms cpu, 9->9->0 MB, 16 MB goal, 4 P (forced)
gc 178 @7.570s 2%: 0.011+5.3+0.061 ms clock, 0.046+0.14/4.8/4.3+0.24 ms cpu, 4->4->4 MB, 5 MB goal, 4 P
gc 179 @7.673s 2%: 0.021+8.7+0.14 ms clock, 0.084+0.32/8.6/16+0.58 ms cpu, 7->8->8 MB, 8 MB goal, 4 P
gc 180 @7.703s 2%: 0.059+0.12+0.044 ms clock, 0.23+0/0.083/0.13+0.17 ms cpu, 9->9->0 MB, 16 MB goal, 4 P (forced)
gc 181 @7.748s 2%: 0.011+3.8+0.064 ms clock, 0.047+0.22/3.8/5.9+0.25 ms cpu, 4->4->4 MB, 5 MB goal, 4 P
gc 182 @7.799s 2%: 0.011+8.0+0.025 ms clock, 0.044+0.23/8.0/14+0.10 ms cpu, 7->8->8 MB, 8 MB goal, 4 P
gc 183 @7.829s 2%: 0.047+0.096+0.024 ms clock, 0.18+0/0.069/0.17+0.099 ms cpu, 9->9->0 MB, 16 MB goal, 4 P (forced)
gc 184 @7.867s 2%: 0.011+3.7+0.023 ms clock, 0.044+0.22/3.6/5.7+0.093 ms cpu, 4->4->4 MB, 5 MB goal, 4 P
gc 185 @7.918s 2%: 0.010+11+0.042 ms clock, 0.040+0.21/11/14+0.17 ms cpu, 7->8->8 MB, 8 MB goal, 4 P
  100000	       147 ns/op	       8 B/op	       0 allocs/op
gc 186 @7.950s 2%: 0.008+0.13+0.022 ms clock, 0.034+0/0.099/0.15+0.088 ms cpu, 9->9->0 MB, 17 MB goal, 4 P (forced)
gc 187 @7.988s 2%: 0.010+8.2+0.025 ms clock, 0.042+0.13/4.8/4.2+0.10 ms cpu, 4->4->4 MB, 5 MB goal, 4 P
gc 188 @8.045s 2%: 0.012+9.9+0.021 ms clock, 0.050+0.23/9.8/13+0.084 ms cpu, 8->8->8 MB, 9 MB goal, 4 P
BenchmarkSetFind1E5-4                                 	gc 189 @8.108s 2%: 0.026+0.13+0.023 ms clock, 0.10+0/0.10/0.13+0.092 ms cpu, 10->10->0 MB, 17 MB goal, 4 P (forced)
gc 190 @8.153s 2%: 0.014+4.7+0.035 ms clock, 0.057+0.22/4.6/3.6+0.14 ms cpu, 4->4->4 MB, 5 MB goal, 4 P
gc 191 @8.214s 2%: 0.017+12+0.054 ms clock, 0.071+0.44/12/10+0.21 ms cpu, 7->8->8 MB, 8 MB goal, 4 P
gc 192 @8.276s 2%: 0.018+0.12+0.021 ms clock, 0.072+0/0.10/0.15+0.085 ms cpu, 10->10->0 MB, 17 MB goal, 4 P (forced)
gc 193 @8.322s 2%: 0.018+5.1+0.023 ms clock, 0.074+0.16/5.0/4.6+0.094 ms cpu, 4->4->4 MB, 5 MB goal, 4 P
gc 194 @8.382s 2%: 0.036+10+0.047 ms clock, 0.14+0.29/9.7/8.7+0.19 ms cpu, 7->8->8 MB, 8 MB goal, 4 P
gc 195 @8.446s 2%: 0.019+0.14+0.033 ms clock, 0.079+0/0.11/0.11+0.13 ms cpu, 10->10->0 MB, 16 MB goal, 4 P (forced)
gc 196 @8.489s 2%: 0.015+3.8+0.025 ms clock, 0.063+0.21/3.7/6.1+0.10 ms cpu, 4->4->4 MB, 5 MB goal, 4 P
gc 197 @8.546s 2%: 0.010+13+0.034 ms clock, 0.042+0.20/13/3.4+0.13 ms cpu, 7->8->8 MB, 8 MB goal, 4 P
gc 198 @8.608s 2%: 0.028+0.10+0.012 ms clock, 0.11+0/0.076/0.20+0.050 ms cpu, 10->10->0 MB, 17 MB goal, 4 P (forced)
gc 199 @8.649s 2%: 0.024+5.2+0.034 ms clock, 0.097+0.25/5.1/4.2+0.13 ms cpu, 4->4->4 MB, 5 MB goal, 4 P
gc 200 @8.707s 2%: 0.011+8.6+0.12 ms clock, 0.047+0.24/7.8/14+0.50 ms cpu, 7->8->8 MB, 8 MB goal, 4 P
gc 201 @8.766s 2%: 0.045+0.31+0.17 ms clock, 0.18+0/0.22/0.21+0.71 ms cpu, 10->10->0 MB, 16 MB goal, 4 P (forced)
gc 202 @8.811s 2%: 0.012+3.6+0.78 ms clock, 0.049+0.23/3.5/6.2+3.1 ms cpu, 4->4->4 MB, 5 MB goal, 4 P
gc 203 @8.870s 2%: 0.022+9.5+0.027 ms clock, 0.090+0.83/9.1/11+0.10 ms cpu, 7->8->8 MB, 8 MB goal, 4 P
gc 204 @8.925s 2%: 0.026+0.10+0.018 ms clock, 0.10+0/0.085/0.13+0.074 ms cpu, 10->10->0 MB, 16 MB goal, 4 P (forced)
gc 205 @8.974s 2%: 0.010+5.2+0.050 ms clock, 0.043+0.13/5.2/5.4+0.20 ms cpu, 4->4->4 MB, 5 MB goal, 4 P
gc 206 @9.031s 2%: 0.012+9.7+0.067 ms clock, 0.048+0.090/9.7/13+0.27 ms cpu, 7->8->8 MB, 8 MB goal, 4 P
gc 207 @9.085s 2%: 0.025+0.088+0.017 ms clock, 0.10+0/0.077/0.15+0.070 ms cpu, 10->10->0 MB, 16 MB goal, 4 P (forced)
gc 208 @9.123s 2%: 0.010+5.0+0.024 ms clock, 0.042+0.13/4.9/4.5+0.096 ms cpu, 4->4->4 MB, 5 MB goal, 4 P
gc 209 @9.174s 2%: 0.010+8.1+0.025 ms clock, 0.040+0.29/8.0/16+0.10 ms cpu, 7->8->8 MB, 8 MB goal, 4 P
gc 210 @9.228s 2%: 0.008+0.11+0.020 ms clock, 0.033+0/0.085/0.18+0.081 ms cpu, 10->10->0 MB, 16 MB goal, 4 P (forced)
gc 211 @9.265s 2%: 0.009+4.7+0.062 ms clock, 0.039+0.20/4.6/5.0+0.25 ms cpu, 4->4->4 MB, 5 MB goal, 4 P
gc 212 @9.319s 2%: 0.012+8.9+0.044 ms clock, 0.050+0.23/8.9/15+0.17 ms cpu, 7->8->8 MB, 8 MB goal, 4 P
gc 213 @9.372s 2%: 0.029+0.094+0.030 ms clock, 0.11+0/0.076/0.17+0.12 ms cpu, 10->10->0 MB, 16 MB goal, 4 P (forced)
gc 214 @9.410s 2%: 0.010+9.3+0.034 ms clock, 0.042+0.13/4.8/8.3+0.13 ms cpu, 4->4->4 MB, 5 MB goal, 4 P
gc 215 @9.467s 2%: 0.011+19+0.070 ms clock, 0.046+0.83/19/2.3+0.28 ms cpu, 8->9->9 MB, 9 MB goal, 4 P
gc 216 @9.527s 2%: 0.025+0.094+0.035 ms clock, 0.10+0/0.077/0.13+0.14 ms cpu, 10->10->0 MB, 18 MB goal, 4 P (forced)
gc 217 @9.591s 2%: 0.013+5.0+0.033 ms clock, 0.054+0.17/4.9/4.6+0.13 ms cpu, 4->4->4 MB, 5 MB goal, 4 P
gc 218 @9.647s 2%: 0.011+8.1+0.062 ms clock, 0.045+0.23/8.1/13+0.25 ms cpu, 7->8->8 MB, 8 MB goal, 4 P
gc 219 @9.707s 2%: 0.026+0.097+0.017 ms clock, 0.10+0/0.077/0.16+0.068 ms cpu, 10->10->0 MB, 16 MB goal, 4 P (forced)
gc 220 @9.746s 2%: 0.010+3.5+0.019 ms clock, 0.042+0.23/3.4/6.0+0.076 ms cpu, 4->4->4 MB, 5 MB goal, 4 P
gc 221 @9.804s 2%: 0.010+11+0.14 ms clock, 0.043+0.20/11/13+0.58 ms cpu, 7->8->8 MB, 8 MB goal, 4 P
gc 222 @9.861s 2%: 0.030+0.088+0.029 ms clock, 0.12+0/0.073/0.17+0.11 ms cpu, 10->10->0 MB, 16 MB goal, 4 P (forced)
gc 223 @9.898s 2%: 0.010+3.5+0.022 ms clock, 0.043+0.21/3.4/6.1+0.089 ms cpu, 4->4->4 MB, 5 MB goal, 4 P
gc 224 @9.951s 2%: 0.013+8.2+0.021 ms clock, 0.055+0.22/8.0/15+0.084 ms cpu, 7->8->8 MB, 8 MB goal, 4 P
gc 225 @10.004s 2%: 0.026+0.096+0.029 ms clock, 0.10+0/0.068/0.17+0.11 ms cpu, 10->10->0 MB, 16 MB goal, 4 P (forced)
gc 226 @10.062s 2%: 0.009+5.5+0.029 ms clock, 0.039+0.13/5.2/4.7+0.11 ms cpu, 4->4->4 MB, 5 MB goal, 4 P
gc 227 @10.114s 2%: 0.009+8.2+0.039 ms clock, 0.037+0.21/8.2/16+0.15 ms cpu, 7->8->8 MB, 8 MB goal, 4 P
gc 228 @10.168s 2%: 0.042+0.10+0.029 ms clock, 0.16+0/0.080/0.17+0.11 ms cpu, 10->10->0 MB, 16 MB goal, 4 P (forced)
gc 229 @10.232s 2%: 0.011+4.2+0.12 ms clock, 0.044+0.22/4.1/6.3+0.49 ms cpu, 4->4->4 MB, 5 MB goal, 4 P
gc 230 @10.284s 2%: 0.011+11+0.034 ms clock, 0.046+0.22/11/7.5+0.13 ms cpu, 7->8->8 MB, 8 MB goal, 4 P
  100000	       386 ns/op	      16 B/op	       1 allocs/op
gc 231 @10.341s 2%: 0.027+0.12+0.027 ms clock, 0.10+0/0.094/0.14+0.10 ms cpu, 10->10->0 MB, 17 MB goal, 4 P (forced)
gc 232 @10.378s 2%: 0.009+3.8+0.047 ms clock, 0.038+0.23/3.8/5.6+0.19 ms cpu, 4->4->4 MB, 5 MB goal, 4 P
gc 233 @10.431s 2%: 0.010+8.3+0.028 ms clock, 0.043+0.22/8.2/15+0.11 ms cpu, 7->8->8 MB, 8 MB goal, 4 P
BenchmarkSetLowerBound1E5-4                           	gc 234 @10.497s 2%: 0.029+0.12+0.036 ms clock, 0.11+0/0.098/0.093+0.14 ms cpu, 10->10->0 MB, 16 MB goal, 4 P (forced)
gc 235 @10.535s 2%: 0.009+3.9+0.050 ms clock, 0.038+0.23/3.9/6.2+0.20 ms cpu, 4->4->4 MB, 5 MB goal, 4 P
gc 236 @10.588s 2%: 0.010+10+0.067 ms clock, 0.042+0.14/10/11+0.27 ms cpu, 7->8->8 MB, 8 MB goal, 4 P
gc 237 @10.655s 2%: 0.072+0.10+0.039 ms clock, 0.28+0/0.086/0.17+0.15 ms cpu, 10->10->0 MB, 16 MB goal, 4 P (forced)
gc 238 @10.695s 2%: 0.010+3.7+0.16 ms clock, 0.041+0.24/3.7/6.1+0.66 ms cpu, 4->4->4 MB, 5 MB goal, 4 P
gc 239 @10.754s 2%: 0.014+11+0.15 ms clock, 0.057+0.23/11/11+0.62 ms cpu, 7->8->8 MB, 8 MB goal, 4 P
gc 240 @10.827s 2%: 0.009+0.13+0.032 ms clock, 0.038+0/0.12/0.14+0.12 ms cpu, 10->10->0 MB, 16 MB goal, 4 P (forced)
gc 241 @10.867s 2%: 0.010+5.1+0.026 ms clock, 0.043+0.14/5.0/5.1+0.10 ms cpu, 4->4->4 MB, 5 MB goal, 4 P
gc 242 @10.925s 2%: 0.013+9.0+0.031 ms clock, 0.052+0.11/8.9/16+0.12 ms cpu, 7->8->8 MB, 8 MB goal, 4 P
gc 243 @10.989s 2%: 0.026+0.088+0.015 ms clock, 0.10+0/0.070/0.17+0.060 ms cpu, 10->10->0 MB, 16 MB goal, 4 P (forced)
gc 244 @11.026s 2%: 0.010+3.7+0.024 ms clock, 0.041+0.19/3.6/6.4+0.097 ms cpu, 4->4->4 MB, 5 MB goal, 4 P
gc 245 @11.082s 2%: 0.011+8.0+0.026 ms clock, 0.047+0.24/8.0/12+0.10 ms cpu, 7->8->8 MB, 8 MB goal, 4 P
gc 246 @11.147s 2%: 0.025+0.11+0.063 ms clock, 0.10+0/0.079/0.13+0.25 ms cpu, 10->10->0 MB, 16 MB goal, 4 P (forced)
gc 247 @11.186s 2%: 0.010+5.8+0.033 ms clock, 0.043+0.15/4.7/8.6+0.13 ms cpu, 4->4->4 MB, 5 MB goal, 4 P
gc 248 @11.243s 2%: 0.011+8.1+0.026 ms clock, 0.046+0.10/8.1/14+0.10 ms cpu, 7->8->8 MB, 8 MB goal, 4 P
gc 249 @11.308s 2%: 0.037+0.13+0.024 ms clock, 0.15+0/0.077/0.13+0.097 ms cpu, 10->10->0 MB, 16 MB goal, 4 P (forced)
gc 250 @11.385s 2%: 0.014+3.7+0.031 ms clock, 0.059+0.25/3.6/6.2+0.12 ms cpu, 4->4->4 MB, 5 MB goal, 4 P
gc 251 @11.436s 2%: 0.010+9.2+0.027 ms clock, 0.043+0.20/9.2/11+0.11 ms cpu, 7->8->8 MB, 8 MB goal, 4 P
gc 252 @11.499s 2%: 0.026+0.088+0.031 ms clock, 0.10+0/0.070/0.17+0.12 ms cpu, 10->10->0 MB, 16 MB goal, 4 P (forced)
gc 253 @11.568s 2%: 0.015+4.9+0.10 ms clock, 0.060+0.32/4.9/7.8+0.40 ms cpu, 4->4->4 MB, 5 MB goal, 4 P
gc 254 @11.647s 2%: 0.011+10+0.22 ms clock, 0.045+0.13/9.9/8.4+0.89 ms cpu, 7->8->8 MB, 8 MB goal, 4 P
gc 255 @11.713s 2%: 0.027+0.11+0.020 ms clock, 0.11+0/0.081/0.13+0.080 ms cpu, 10->10->0 MB, 16 MB goal, 4 P (forced)
gc 256 @11.749s 2%: 0.009+6.5+0.065 ms clock, 0.039+0.23/6.4/3.1+0.26 ms cpu, 4->4->4 MB, 5 MB goal, 4 P
gc 257 @11.824s 2%: 0.011+7.8+0.028 ms clock, 0.046+0.24/7.8/14+0.11 ms cpu, 7->8->8 MB, 8 MB goal, 4 P
gc 258 @11.887s 2%: 0.027+0.10+0.027 ms clock, 0.10+0/0.075/0.13+0.10 ms cpu, 10->10->0 MB, 16 MB goal, 4 P (forced)
gc 259 @11.933s 2%: 0.012+3.9+0.022 ms clock, 0.049+0.23/3.8/4.0+0.089 ms cpu, 4->4->4 MB, 5 MB goal, 4 P
gc 260 @11.988s 2%: 0.010+8.9+0.023 ms clock, 0.041+0.20/8.8/12+0.093 ms cpu, 7->8->8 MB, 8 MB goal, 4 P
gc 261 @12.053s 2%: 0.007+0.13+0.052 ms clock, 0.030+0/0.091/0.15+0.20 ms cpu, 10->10->0 MB, 16 MB goal, 4 P (forced)
gc 262 @12.092s 2%: 0.010+3.6+0.020 ms clock, 0.040+0.21/3.6/6.2+0.082 ms cpu, 4->4->4 MB, 5 MB goal, 4 P
gc 263 @12.148s 2%: 0.010+8.8+0.062 ms clock, 0.042+0.21/8.8/13+0.25 ms cpu, 7->8->8 MB, 8 MB goal, 4 P
gc 264 @12.215s 2%: 0.029+0.089+0.055 ms clock, 0.11+0/0.070/0.17+0.22 ms cpu, 10->10->0 MB, 16 MB goal, 4 P (forced)
gc 265 @12.252s 2%: 0.010+3.5+0.022 ms clock, 0.040+0.23/3.5/6.0+0.090 ms cpu, 4->4->4 MB, 5 MB goal, 4 P
gc 266 @12.302s 2%: 0.009+7.7+0.066 ms clock, 0.039+0.21/7.6/14+0.26 ms cpu, 7->8->8 MB, 8 MB goal, 4 P
gc 267 @12.367s 2%: 0.029+0.087+0.030 ms clock, 0.11+0/0.070/0.17+0.12 ms cpu, 10->10->0 MB, 16 MB goal, 4 P (forced)
gc 268 @12.404s 2%: 0.009+3.6+0.022 ms clock, 0.039+0.24/3.5/5.8+0.091 ms cpu, 4->4->4 MB, 5 MB goal, 4 P
gc 269 @12.458s 2%: 0.011+11+0.032 ms clock, 0.046+0.21/11/3.7+0.13 ms cpu, 7->8->8 MB, 8 MB goal, 4 P
gc 270 @12.523s 2%: 0.026+0.097+0.022 ms clock, 0.10+0/0.074/0.17+0.088 ms cpu, 10->10->0 MB, 17 MB goal, 4 P (forced)
gc 271 @12.562s 2%: 0.010+4.3+0.049 ms clock, 0.040+0.22/4.3/5.0+0.19 ms cpu, 4->4->4 MB, 5 MB goal, 4 P
gc 272 @12.615s 2%: 0.010+10+0.024 ms clock, 0.043+0.14/10/10+0.098 ms cpu, 7->8->8 MB, 8 MB goal, 4 P
gc 273 @12.679s 2%: 0.038+0.098+0.030 ms clock, 0.15+0/0.080/0.16+0.12 ms cpu, 10->10->0 MB, 17 MB goal, 4 P (forced)
gc 274 @12.718s 2%: 0.010+4.7+0.023 ms clock, 0.042+0.13/4.6/4.7+0.095 ms cpu, 4->4->4 MB, 5 MB goal, 4 P
gc 275 @12.801s 2%: 0.013+12+0.13 ms clock, 0.053+0.28/12/18+0.55 ms cpu, 7->8->8 MB, 8 MB goal, 4 P
  100000	       574 ns/op	      16 B/op	       1 allocs/op
gc 276 @12.884s 2%: 0.041+0.15+0.041 ms clock, 0.16+0/0.11/0.13+0.16 ms cpu, 10->10->0 MB, 16 MB goal, 4 P (forced)
gc 277 @12.924s 2%: 0.010+6.8+0.026 ms clock, 0.042+0.13/6.7/6.3+0.10 ms cpu, 4->4->4 MB, 5 MB goal, 4 P
gc 278 @12.980s 2%: 0.010+8.4+0.043 ms clock, 0.042+0.19/8.3/15+0.17 ms cpu, 7->8->8 MB, 8 MB goal, 4 P
BenchmarkSetUpperBound1E5-4                           	gc 279 @13.043s 2%: 0.027+0.12+0.043 ms clock, 0.11+0/0.099/0.091+0.17 ms cpu, 10->10->0 MB, 16 MB goal, 4 P (forced)
gc 280 @13.081s 2%: 0.009+3.9+0.023 ms clock, 0.037+0.23/3.7/4.8+0.095 ms cpu, 4->4->4 MB, 5 MB goal, 4 P
gc 281 @13.164s 2%: 0.014+15+0.021 ms clock, 0.058+0.22/14/20+0.085 ms cpu, 7->8->8 MB, 8 MB goal, 4 P
gc 282 @13.242s 2%: 0.009+0.11+0.023 ms clock, 0.036+0/0.097/0.17+0.095 ms cpu, 10->10->0 MB, 17 MB goal, 4 P (forced)
gc 283 @13.287s 2%: 0.008+3.5+0.024 ms clock, 0.032+0.22/3.4/6.2+0.096 ms cpu, 4->4->4 MB, 5 MB goal, 4 P
gc 284 @13.340s 2%: 0.009+9.0+0.063 ms clock, 0.037+0.20/8.9/13+0.25 ms cpu, 7->8->8 MB, 8 MB goal, 4 P
gc 285 @13.405s 2%: 0.016+0.10+0.028 ms clock, 0.066+0/0.096/0.16+0.11 ms cpu, 10->10->0 MB, 16 MB goal, 4 P (forced)
gc 286 @13.467s 2%: 0.011+3.6+0.020 ms clock, 0.046+0.22/3.5/5.9+0.083 ms cpu, 4->4->4 MB, 5 MB goal, 4 P
gc 287 @13.517s 2%: 0.010+9.6+0.027 ms clock, 0.042+0.23/9.2/11+0.11 ms cpu, 7->8->8 MB, 8 MB goal, 4 P
gc 288 @13.579s 2%: 0.022+0.12+0.031 ms clock, 0.091+0/0.099/0.14+0.12 ms cpu, 10->10->0 MB, 16 MB goal, 4 P (forced)
gc 289 @13.646s 2%: 0.010+5.5+0.029 ms clock, 0.042+0.14/5.0/5.4+0.11 ms cpu, 4->4->4 MB, 5 MB goal, 4 P
gc 290 @13.701s 2%: 0.010+21+0.060 ms clock, 0.043+1.1/21/6.2+0.24 ms cpu, 7->8->8 MB, 8 MB goal, 4 P
gc 291 @13.772s 2%: 0.007+0.11+0.025 ms clock, 0.031+0/0.089/0.15+0.10 ms cpu, 10->10->0 MB, 17 MB goal, 4 P (forced)
gc 292 @13.827s 2%: 0.011+5.7+0.072 ms clock, 0.044+0.14/5.1/3.5+0.28 ms cpu, 4->4->4 MB, 5 MB goal, 4 P
gc 293 @13.877s 2%: 0.010+10+0.050 ms clock, 0.040+0.21/10/11+0.20 ms cpu, 7->8->8 MB, 8 MB goal, 4 P
gc 294 @13.945s 2%: 0.007+0.12+0.030 ms clock, 0.031+0/0.094/0.18+0.12 ms cpu, 10->10->0 MB, 16 MB goal, 4 P (forced)
gc 295 @13.984s 2%: 0.010+3.9+0.027 ms clock, 0.040+0.21/3.8/6.1+0.11 ms cpu, 4->4->4 MB, 5 MB goal, 4 P
gc 296 @14.034s 2%: 0.010+7.5+0.016 ms clock, 0.041+0.22/7.4/14+0.066 ms cpu, 7->8->8 MB, 8 MB goal, 4 P
gc 297 @14.097s 2%: 0.009+0.10+0.022 ms clock, 0.037+0/0.087/0.17+0.089 ms cpu, 10->10->0 MB, 16 MB goal, 4 P (forced)
gc 298 @14.135s 2%: 0.010+3.7+0.025 ms clock, 0.041+0.22/3.6/6.3+0.10 ms cpu, 4->4->4 MB, 5 MB goal, 4 P
gc 299 @14.190s 2%: 0.010+11+0.042 ms clock, 0.041+0.21/11/11+0.17 ms cpu, 7->8->8 MB, 8 MB goal, 4 P
gc 300 @14.252s 2%: 0.007+0.10+0.034 ms clock, 0.031+0/0.085/0.16+0.13 ms cpu, 10->10->0 MB, 17 MB goal, 4 P (forced)
gc 301 @14.292s 2%: 0.010+3.8+0.025 ms clock, 0.041+0.21/3.7/5.7+0.10 ms cpu, 4->4->4 MB, 5 MB goal, 4 P
gc 302 @14.362s 2%: 0.011+9.3+0.090 ms clock, 0.045+0.20/9.3/11+0.36 ms cpu, 7->8->8 MB, 8 MB goal, 4 P
gc 303 @14.428s 2%: 0.008+0.14+0.014 ms clock, 0.034+0/0.065/0.17+0.058 ms cpu, 10->10->0 MB, 16 MB goal, 4 P (forced)
gc 304 @14.479s 2%: 0.010+4.6+0.022 ms clock, 0.042+0.13/4.5/5.5+0.090 ms cpu, 4->4->4 MB, 5 MB goal, 4 P
gc 305 @14.533s 2%: 0.010+11+0.016 ms clock, 0.042+0.57/11/9.5+0.065 ms cpu, 7->8->8 MB, 8 MB goal, 4 P
gc 306 @14.595s 2%: 0.028+0.096+0.021 ms clock, 0.11+0/0.069/0.18+0.085 ms cpu, 10->10->0 MB, 17 MB goal, 4 P (forced)
gc 307 @14.633s 2%: 0.010+4.9+0.046 ms clock, 0.041+0.13/4.8/4.8+0.18 ms cpu, 4->4->4 MB, 5 MB goal, 4 P
gc 308 @14.686s 2%: 0.011+8.2+0.022 ms clock, 0.046+0.21/8.2/13+0.091 ms cpu, 7->8->8 MB, 8 MB goal, 4 P
gc 309 @14.749s 2%: 0.024+0.11+0.054 ms clock, 0.097+0/0.077/0.13+0.21 ms cpu, 10->10->0 MB, 16 MB goal, 4 P (forced)
gc 310 @14.788s 2%: 0.010+3.6+0.020 ms clock, 0.041+0.22/3.5/6.2+0.080 ms cpu, 4->4->4 MB, 5 MB goal, 4 P
gc 311 @14.858s 2%: 0.011+8.6+0.025 ms clock, 0.045+0.21/8.6/11+0.10 ms cpu, 7->8->8 MB, 8 MB goal, 4 P
gc 312 @14.920s 2%: 0.010+0.11+0.014 ms clock, 0.042+0/0.078/0.14+0.058 ms cpu, 10->10->0 MB, 16 MB goal, 4 P (forced)
gc 313 @14.970s 2%: 0.010+5.6+0.063 ms clock, 0.040+0.13/5.6/5.0+0.25 ms cpu, 4->4->4 MB, 5 MB goal, 4 P
gc 314 @15.025s 2%: 0.010+9.6+0.073 ms clock, 0.042+0.23/9.6/14+0.29 ms cpu, 7->8->8 MB, 8 MB goal, 4 P
gc 315 @15.088s 2%: 0.039+0.093+0.020 ms clock, 0.15+0/0.072/0.18+0.080 ms cpu, 10->10->0 MB, 16 MB goal, 4 P (forced)
gc 316 @15.129s 2%: 0.009+3.8+0.024 ms clock, 0.038+0.21/3.7/5.3+0.096 ms cpu, 4->4->4 MB, 5 MB goal, 4 P
gc 317 @15.183s 2%: 0.011+10+0.14 ms clock, 0.045+0.23/10/16+0.56 ms cpu, 7->8->8 MB, 8 MB goal, 4 P
gc 318 @15.247s 2%: 0.015+0.11+0.022 ms clock, 0.060+0/0.072/0.22+0.089 ms cpu, 10->10->0 MB, 16 MB goal, 4 P (forced)
gc 319 @15.286s 2%: 0.010+3.7+0.020 ms clock, 0.041+0.20/3.6/5.9+0.083 ms cpu, 4->4->4 MB, 5 MB goal, 4 P
gc 320 @15.343s 2%: 0.011+12+0.024 ms clock, 0.045+0.21/11/8.6+0.098 ms cpu, 7->8->8 MB, 8 MB goal, 4 P
  100000	       495 ns/op	      16 B/op	       1 allocs/op
gc 321 @15.409s 2%: 0.12+0.14+0.038 ms clock, 0.48+0/0.11/0.10+0.15 ms cpu, 10->10->0 MB, 17 MB goal, 4 P (forced)
gc 322 @15.458s 2%: 0.012+0.61+0.028 ms clock, 0.049+0.12/0.54/0.53+0.11 ms cpu, 4->4->1 MB, 5 MB goal, 4 P
BenchmarkSetInsertAndErase1E5-4                       	gc 323 @15.485s 2%: 0.010+0.11+0.035 ms clock, 0.043+0/0.079/0.13+0.14 ms cpu, 2->2->0 MB, 4 MB goal, 4 P (forced)
gc 324 @15.535s 2%: 0.012+0.67+0.022 ms clock, 0.050+0.13/0.62/0.45+0.088 ms cpu, 4->4->1 MB, 5 MB goal, 4 P
gc 325 @15.570s 2%: 0.029+0.13+0.023 ms clock, 0.11+0/0.10/0.11+0.093 ms cpu, 2->2->0 MB, 4 MB goal, 4 P (forced)
gc 326 @15.620s 2%: 0.012+1.2+0.026 ms clock, 0.048+0.21/0.68/1.1+0.10 ms cpu, 4->4->1 MB, 5 MB goal, 4 P
gc 327 @15.647s 2%: 0.016+0.10+0.034 ms clock, 0.066+0/0.080/0.14+0.13 ms cpu, 2->2->0 MB, 4 MB goal, 4 P (forced)
gc 328 @15.703s 2%: 0.015+0.74+0.035 ms clock, 0.062+0.22/0.70/0.91+0.14 ms cpu, 4->4->1 MB, 5 MB goal, 4 P
gc 329 @15.733s 2%: 0.035+0.097+0.029 ms clock, 0.14+0/0.068/0.11+0.11 ms cpu, 2->2->0 MB, 4 MB goal, 4 P (forced)
gc 330 @15.784s 2%: 0.013+3.9+0.047 ms clock, 0.052+0.22/0.77/0.51+0.19 ms cpu, 4->4->1 MB, 5 MB goal, 4 P
gc 331 @15.816s 2%: 0.008+0.14+0.023 ms clock, 0.032+0/0.091/0.16+0.095 ms cpu, 2->2->0 MB, 4 MB goal, 4 P (forced)
gc 332 @15.878s 2%: 0.013+1.4+0.16 ms clock, 0.055+0.21/1.2/0.17+0.64 ms cpu, 4->4->1 MB, 5 MB goal, 4 P
gc 333 @15.912s 2%: 0.010+0.10+0.031 ms clock, 0.040+0/0.085/0.16+0.12 ms cpu, 2->2->0 MB, 4 MB goal, 4 P (forced)
gc 334 @15.965s 2%: 0.011+0.49+0.043 ms clock, 0.045+0.21/0.47/0.67+0.17 ms cpu, 4->4->1 MB, 5 MB goal, 4 P
gc 335 @15.991s 2%: 0.026+0.10+0.047 ms clock, 0.10+0/0.072/0.14+0.19 ms cpu, 2->2->0 MB, 4 MB goal, 4 P (forced)
gc 336 @16.039s 2%: 0.011+0.59+0.098 ms clock, 0.045+0.23/0.57/0.76+0.39 ms cpu, 4->4->1 MB, 5 MB goal, 4 P
gc 337 @16.068s 2%: 0.007+0.088+0.033 ms clock, 0.030+0/0.074/0.14+0.13 ms cpu, 2->2->0 MB, 4 MB goal, 4 P (forced)
gc 338 @16.141s 2%: 0.010+0.65+0.10 ms clock, 0.042+0.23/0.58/0.79+0.43 ms cpu, 4->4->1 MB, 5 MB goal, 4 P
gc 339 @16.197s 2%: 0.028+0.10+0.018 ms clock, 0.11+0/0.089/0.15+0.073 ms cpu, 2->2->0 MB, 4 MB goal, 4 P (forced)
gc 340 @16.290s 2%: 0.012+0.62+0.11 ms clock, 0.050+0.16/0.53/0.52+0.45 ms cpu, 4->4->1 MB, 5 MB goal, 4 P
gc 341 @16.318s 2%: 0.006+0.089+0.037 ms clock, 0.027+0/0.067/0.14+0.15 ms cpu, 2->2->0 MB, 4 MB goal, 4 P (forced)
gc 342 @16.364s 2%: 0.009+0.46+0.014 ms clock, 0.038+0.21/0.41/0.69+0.058 ms cpu, 4->4->1 MB, 5 MB goal, 4 P
gc 343 @16.389s 2%: 0.026+0.087+0.053 ms clock, 0.10+0/0.066/0.13+0.21 ms cpu, 2->2->0 MB, 4 MB goal, 4 P (forced)
gc 344 @16.439s 2%: 0.012+0.49+0.048 ms clock, 0.048+0.23/0.45/0.71+0.19 ms cpu, 4->4->1 MB, 5 MB goal, 4 P
gc 345 @16.466s 2%: 0.005+0.10+0.017 ms clock, 0.022+0/0.082/0.15+0.068 ms cpu, 2->2->0 MB, 4 MB goal, 4 P (forced)
gc 346 @16.512s 2%: 0.010+0.47+0.020 ms clock, 0.040+0.19/0.42/0.66+0.082 ms cpu, 4->4->1 MB, 5 MB goal, 4 P
gc 347 @16.549s 2%: 0.024+0.083+0.034 ms clock, 0.099+0/0.067/0.11+0.13 ms cpu, 2->2->0 MB, 4 MB goal, 4 P (forced)
gc 348 @16.596s 2%: 0.011+0.86+0.090 ms clock, 0.044+0.12/0.64/0.90+0.36 ms cpu, 4->4->1 MB, 5 MB goal, 4 P
gc 349 @16.642s 2%: 0.023+0.10+0.077 ms clock, 0.094+0/0.092/0.15+0.31 ms cpu, 2->2->0 MB, 4 MB goal, 4 P (forced)
gc 350 @16.724s 2%: 0.011+0.64+0.023 ms clock, 0.046+0.22/0.60/0.59+0.094 ms cpu, 4->4->1 MB, 5 MB goal, 4 P
gc 351 @16.751s 2%: 0.012+0.12+0.050 ms clock, 0.049+0/0.10/0.099+0.20 ms cpu, 2->2->0 MB, 4 MB goal, 4 P (forced)
gc 352 @16.797s 2%: 0.010+0.61+0.043 ms clock, 0.040+0.22/0.25/0.64+0.17 ms cpu, 4->4->1 MB, 5 MB goal, 4 P
  100000	       715 ns/op	      56 B/op	       1 allocs/op
gc 353 @16.823s 2%: 0.005+0.088+0.032 ms clock, 0.021+0/0.069/0.14+0.13 ms cpu, 2->2->0 MB, 4 MB goal, 4 P (forced)
BenchmarkSetInsertAndEraseWithPool1E5-4               	gc 354 @16.898s 2%: 0.039+0.11+0.044 ms clock, 0.15+0/0.089/0.080+0.17 ms cpu, 3->3->0 MB, 4 MB goal, 4 P (forced)
gc 355 @16.977s 2%: 0.048+0.10+0.061 ms clock, 0.19+0/0.097/0.089+0.24 ms cpu, 3->3->0 MB, 4 MB goal, 4 P (forced)
gc 356 @17.049s 2%: 0.033+0.092+0.019 ms clock, 0.13+0/0.080/0.12+0.078 ms cpu, 3->3->0 MB, 4 MB goal, 4 P (forced)
gc 357 @17.156s 2%: 0.066+0.090+0.031 ms clock, 0.26+0/0.082/0.12+0.12 ms cpu, 3->3->0 MB, 4 MB goal, 4 P (forced)
gc 358 @17.239s 2%: 0.038+0.10+0.023 ms clock, 0.15+0/0.075/0.11+0.093 ms cpu, 3->3->0 MB, 4 MB goal, 4 P (forced)
gc 359 @17.310s 2%: 0.017+0.23+0.068 ms clock, 0.068+0/0.098/0.28+0.27 ms cpu, 3->3->0 MB, 4 MB goal, 4 P (forced)
gc 360 @17.384s 2%: 0.035+0.095+0.039 ms clock, 0.14+0/0.086/0.099+0.15 ms cpu, 3->3->0 MB, 4 MB goal, 4 P (forced)
gc 361 @17.459s 2%: 0.017+0.10+0.021 ms clock, 0.070+0/0.083/0.15+0.086 ms cpu, 3->3->0 MB, 4 MB goal, 4 P (forced)
gc 362 @17.531s 2%: 0.045+0.090+0.018 ms clock, 0.18+0/0.078/0.13+0.074 ms cpu, 3->3->0 MB, 4 MB goal, 4 P (forced)
gc 363 @17.622s 2%: 0.036+0.097+0.029 ms clock, 0.14+0/0.081/0.12+0.11 ms cpu, 3->3->0 MB, 4 MB goal, 4 P (forced)
gc 364 @17.699s 2%: 0.035+0.11+0.056 ms clock, 0.14+0/0.077/0.098+0.22 ms cpu, 3->3->0 MB, 4 MB goal, 4 P (forced)
gc 365 @17.806s 2%: 0.036+0.10+0.033 ms clock, 0.14+0/0.086/0.10+0.13 ms cpu, 3->3->0 MB, 4 MB goal, 4 P (forced)
gc 366 @17.884s 2%: 0.034+0.11+0.036 ms clock, 0.13+0/0.076/0.15+0.14 ms cpu, 3->3->0 MB, 4 MB goal, 4 P (forced)
gc 367 @17.959s 2%: 0.037+0.095+0.034 ms clock, 0.15+0/0.070/0.12+0.13 ms cpu, 3->3->0 MB, 4 MB goal, 4 P (forced)
gc 368 @18.034s 2%: 0.017+0.097+0.020 ms clock, 0.070+0/0.080/0.14+0.082 ms cpu, 3->3->0 MB, 4 MB goal, 4 P (forced)
  100000	       773 ns/op	      32 B/op	       1 allocs/op
gc 369 @18.112s 2%: 0.051+0.13+0.019 ms clock, 0.20+0/0.10/0.17+0.079 ms cpu, 3->3->0 MB, 4 MB goal, 4 P (forced)
BenchmarkSysHashMapInsert1E5-4                        	gc 370 @18.131s 2%: 0.051+0.10+0.022 ms clock, 0.20+0/0.077/0.13+0.088 ms cpu, 3->3->0 MB, 4 MB goal, 4 P (forced)
gc 371 @18.149s 2%: 0.035+0.11+0.029 ms clock, 0.14+0/0.046/0.13+0.11 ms cpu, 3->3->0 MB, 4 MB goal, 4 P (forced)
gc 372 @18.168s 2%: 0.027+0.089+0.029 ms clock, 0.10+0/0.062/0.14+0.11 ms cpu, 3->3->0 MB, 4 MB goal, 4 P (forced)
gc 373 @18.187s 2%: 0.008+0.097+0.026 ms clock, 0.035+0/0.076/0.15+0.10 ms cpu, 3->3->0 MB, 4 MB goal, 4 P (forced)
gc 374 @18.223s 2%: 0.057+0.11+0.036 ms clock, 0.22+0/0.078/0.13+0.14 ms cpu, 3->3->0 MB, 4 MB goal, 4 P (forced)
gc 375 @18.244s 2%: 0.006+0.093+0.024 ms clock, 0.025+0/0.081/0.14+0.096 ms cpu, 3->3->0 MB, 4 MB goal, 4 P (forced)
gc 376 @18.262s 2%: 0.028+0.11+0.057 ms clock, 0.11+0/0.041/0.14+0.22 ms cpu, 3->3->0 MB, 4 MB goal, 4 P (forced)
gc 377 @18.281s 2%: 0.008+0.10+0.016 ms clock, 0.035+0/0.085/0.14+0.067 ms cpu, 3->3->0 MB, 4 MB goal, 4 P (forced)
gc 378 @18.308s 2%: 0.010+0.10+0.017 ms clock, 0.042+0/0.087/0.18+0.070 ms cpu, 3->3->0 MB, 4 MB goal, 4 P (forced)
gc 379 @18.329s 2%: 0.015+0.087+0.035 ms clock, 0.062+0/0.067/0.13+0.14 ms cpu, 3->3->0 MB, 4 MB goal, 4 P (forced)
gc 380 @18.364s 2%: 0.054+0.14+0.072 ms clock, 0.21+0/0.059/0.16+0.28 ms cpu, 3->3->0 MB, 4 MB goal, 4 P (forced)
gc 381 @18.381s 2%: 0.008+0.10+0.030 ms clock, 0.034+0/0.076/0.15+0.12 ms cpu, 3->3->0 MB, 4 MB goal, 4 P (forced)
  100000	       169 ns/op	      36 B/op	       0 allocs/op
gc 382 @18.401s 2%: 0.009+0.10+0.033 ms clock, 0.036+0/0.085/0.11+0.13 ms cpu, 3->3->0 MB, 4 MB goal, 4 P (forced)
gc 383 @18.421s 2%: 0.017+0.20+0.046 ms clock, 0.069+0.072/0.002/0.22+0.18 ms cpu, 4->4->3 MB, 5 MB goal, 4 P
BenchmarkSysHashMapErase1E5-4                         	gc 384 @18.438s 2%: 0.025+0.12+0.021 ms clock, 0.10+0/0.085/0.12+0.085 ms cpu, 3->3->0 MB, 6 MB goal, 4 P (forced)
gc 385 @18.447s 2%: 0.015+0.20+0.028 ms clock, 0.061+0.13/0.097/0.22+0.11 ms cpu, 4->4->3 MB, 5 MB goal, 4 P
gc 386 @18.464s 2%: 0.005+0.10+0.016 ms clock, 0.023+0/0.074/0.16+0.067 ms cpu, 3->3->0 MB, 6 MB goal, 4 P (forced)
gc 387 @18.473s 2%: 0.013+0.15+0.045 ms clock, 0.055+0.076/0.030/0.18+0.18 ms cpu, 4->4->3 MB, 5 MB goal, 4 P
gc 388 @18.489s 2%: 0.023+0.086+0.037 ms clock, 0.095+0/0.060/0.15+0.14 ms cpu, 3->3->0 MB, 6 MB goal, 4 P (forced)
gc 389 @18.499s 2%: 0.014+0.12+0.022 ms clock, 0.056+0.080/0.035/0.18+0.088 ms cpu, 4->4->3 MB, 5 MB goal, 4 P
gc 390 @18.515s 2%: 0.025+0.083+0.019 ms clock, 0.10+0/0.064/0.13+0.077 ms cpu, 3->3->0 MB, 6 MB goal, 4 P (forced)
gc 391 @18.526s 2%: 0.013+0.32+0.084 ms clock, 0.055+0.078/0.030/0.16+0.33 ms cpu, 4->4->3 MB, 5 MB goal, 4 P
gc 392 @18.542s 2%: 0.008+0.12+0.025 ms clock, 0.032+0/0.085/0.084+0.10 ms cpu, 3->3->0 MB, 6 MB goal, 4 P (forced)
gc 393 @18.552s 2%: 0.013+0.14+0.042 ms clock, 0.054+0.086/0.023/0.18+0.17 ms cpu, 4->4->3 MB, 5 MB goal, 4 P
gc 394 @18.567s 2%: 0.025+0.10+0.019 ms clock, 0.10+0/0.079/0.21+0.077 ms cpu, 3->3->0 MB, 6 MB goal, 4 P (forced)
gc 395 @18.577s 2%: 0.015+0.12+0.035 ms clock, 0.060+0.072/0.031/0.17+0.14 ms cpu, 4->4->3 MB, 5 MB goal, 4 P
gc 396 @18.593s 2%: 0.039+0.16+0.21 ms clock, 0.15+0/0.080/0.25+0.86 ms cpu, 3->3->0 MB, 6 MB goal, 4 P (forced)
gc 397 @18.603s 2%: 0.014+0.11+0.014 ms clock, 0.059+0.086/0.034/0.18+0.058 ms cpu, 4->4->3 MB, 5 MB goal, 4 P
gc 398 @18.618s 2%: 0.005+0.075+0.017 ms clock, 0.022+0/0.063/0.13+0.071 ms cpu, 3->3->0 MB, 6 MB goal, 4 P (forced)
gc 399 @18.629s 2%: 0.013+0.12+0.044 ms clock, 0.052+0.088/0.028/0.21+0.17 ms cpu, 4->4->3 MB, 5 MB goal, 4 P
gc 400 @18.643s 2%: 0.027+0.10+0.027 ms clock, 0.11+0/0.081/0.21+0.11 ms cpu, 3->3->0 MB, 6 MB goal, 4 P (forced)
gc 401 @18.654s 2%: 0.014+0.10+0.026 ms clock, 0.057+0.075/0.031/0.18+0.10 ms cpu, 4->4->3 MB, 5 MB goal, 4 P
gc 402 @18.670s 2%: 0.024+0.089+0.049 ms clock, 0.098+0/0.072/0.13+0.19 ms cpu, 3->3->0 MB, 6 MB goal, 4 P (forced)
gc 403 @18.680s 2%: 0.012+0.18+0.063 ms clock, 0.051+0.010/0.085/0.20+0.25 ms cpu, 4->4->3 MB, 5 MB goal, 4 P
gc 404 @18.695s 2%: 0.007+0.084+0.020 ms clock, 0.029+0/0.067/0.13+0.080 ms cpu, 3->3->0 MB, 6 MB goal, 4 P (forced)
gc 405 @18.705s 2%: 0.013+0.21+0.069 ms clock, 0.053+0/0.10/0.19+0.27 ms cpu, 4->4->3 MB, 5 MB goal, 4 P
  100000	        59.6 ns/op	       8 B/op	       0 allocs/op
gc 406 @18.721s 2%: 0.027+0.12+0.026 ms clock, 0.11+0/0.085/0.10+0.10 ms cpu, 3->3->0 MB, 6 MB goal, 4 P (forced)
gc 407 @18.731s 2%: 0.012+0.17+0.028 ms clock, 0.050+0.071/0.035/0.14+0.11 ms cpu, 4->4->3 MB, 5 MB goal, 4 P
BenchmarkSysHashMapFind1E5-4                          	gc 408 @18.745s 2%: 0.018+0.12+0.025 ms clock, 0.072+0/0.045/0.13+0.10 ms cpu, 3->3->0 MB, 6 MB goal, 4 P (forced)
gc 409 @18.754s 2%: 0.014+0.13+0.037 ms clock, 0.058+0.099/0.026/0.15+0.15 ms cpu, 4->4->3 MB, 5 MB goal, 4 P
gc 410 @18.768s 2%: 0.024+0.086+0.018 ms clock, 0.099+0/0.059/0.15+0.075 ms cpu, 3->3->0 MB, 6 MB goal, 4 P (forced)
gc 411 @18.778s 2%: 0.013+0.13+0.038 ms clock, 0.052+0.058/0.039/0.16+0.15 ms cpu, 4->4->3 MB, 5 MB goal, 4 P
gc 412 @18.792s 2%: 0.027+0.11+0.015 ms clock, 0.10+0/0.043/0.13+0.062 ms cpu, 3->3->0 MB, 6 MB goal, 4 P (forced)
gc 413 @18.801s 2%: 0.012+0.11+0.022 ms clock, 0.048+0.084/0.025/0.19+0.088 ms cpu, 4->4->3 MB, 5 MB goal, 4 P
gc 414 @18.815s 2%: 0.027+0.11+0.018 ms clock, 0.10+0/0.088/0.091+0.074 ms cpu, 3->3->0 MB, 6 MB goal, 4 P (forced)
gc 415 @18.827s 2%: 0.014+0.18+0.028 ms clock, 0.059+0.063/0.024/0.17+0.11 ms cpu, 4->4->3 MB, 5 MB goal, 4 P
gc 416 @18.841s 2%: 0.025+0.091+0.020 ms clock, 0.10+0/0.070/0.14+0.080 ms cpu, 3->3->0 MB, 6 MB goal, 4 P (forced)
gc 417 @18.851s 2%: 0.011+0.13+0.018 ms clock, 0.047+0.081/0.030/0.18+0.075 ms cpu, 4->4->3 MB, 5 MB goal, 4 P
gc 418 @18.865s 2%: 0.025+0.10+0.017 ms clock, 0.10+0/0.061/0.13+0.068 ms cpu, 3->3->0 MB, 6 MB goal, 4 P (forced)
gc 419 @18.877s 2%: 0.020+0.24+0.069 ms clock, 0.080+0.081/0/0.32+0.27 ms cpu, 4->4->3 MB, 5 MB goal, 4 P
gc 420 @18.891s 2%: 0.016+0.10+0.030 ms clock, 0.067+0/0.076/0.12+0.12 ms cpu, 3->3->0 MB, 6 MB goal, 4 P (forced)
gc 421 @18.902s 2%: 0.014+0.12+0.026 ms clock, 0.058+0.082/0.070/0.14+0.10 ms cpu, 4->4->3 MB, 5 MB goal, 4 P
gc 422 @18.916s 2%: 0.025+0.084+0.028 ms clock, 0.10+0/0.061/0.14+0.11 ms cpu, 3->3->0 MB, 6 MB goal, 4 P (forced)
gc 423 @18.926s 2%: 0.013+0.15+0.071 ms clock, 0.054+0.076/0.074/0.14+0.28 ms cpu, 4->4->3 MB, 5 MB goal, 4 P
gc 424 @18.941s 2%: 0.009+0.080+0.023 ms clock, 0.036+0/0.068/0.13+0.092 ms cpu, 3->3->0 MB, 6 MB goal, 4 P (forced)
gc 425 @18.952s 2%: 0.012+0.13+0.17 ms clock, 0.049+0.071/0.030/0.18+0.71 ms cpu, 4->4->3 MB, 5 MB goal, 4 P
gc 426 @18.966s 2%: 0.036+0.092+0.028 ms clock, 0.14+0/0.063/0.16+0.11 ms cpu, 3->3->0 MB, 6 MB goal, 4 P (forced)
gc 427 @18.976s 2%: 0.012+0.12+0.020 ms clock, 0.049+0.087/0.030/0.18+0.080 ms cpu, 4->4->3 MB, 5 MB goal, 4 P
  100000	        49.6 ns/op	       8 B/op	       0 allocs/op
gc 428 @18.991s 2%: 0.042+0.30+0.032 ms clock, 0.16+0/0.086/0.33+0.13 ms cpu, 3->3->0 MB, 6 MB goal, 4 P (forced)
BenchmarkSysHashMapInsertAndErase1E5-4                	gc 429 @19.000s 2%: 0.022+0.12+0.026 ms clock, 0.091+0/0.098/0.096+0.10 ms cpu, 0->0->0 MB, 4 MB goal, 4 P (forced)
gc 430 @19.008s 2%: 0.006+0.086+0.020 ms clock, 0.027+0/0.060/0.12+0.081 ms cpu, 0->0->0 MB, 4 MB goal, 4 P (forced)
gc 431 @19.017s 2%: 0.005+0.078+0.019 ms clock, 0.023+0/0.065/0.10+0.079 ms cpu, 0->0->0 MB, 4 MB goal, 4 P (forced)
gc 432 @19.025s 2%: 0.006+0.088+0.031 ms clock, 0.026+0/0.079/0.13+0.12 ms cpu, 0->0->0 MB, 4 MB goal, 4 P (forced)
gc 433 @19.034s 2%: 0.025+0.086+0.017 ms clock, 0.10+0/0.068/0.11+0.070 ms cpu, 0->0->0 MB, 4 MB goal, 4 P (forced)
gc 434 @19.047s 2%: 0.039+0.090+0.049 ms clock, 0.15+0/0.065/0.14+0.19 ms cpu, 0->0->0 MB, 4 MB goal, 4 P (forced)
gc 435 @19.055s 2%: 0.004+0.096+0.019 ms clock, 0.019+0/0.071/0.12+0.078 ms cpu, 0->0->0 MB, 4 MB goal, 4 P (forced)
gc 436 @19.064s 2%: 0.005+0.089+0.051 ms clock, 0.021+0/0.058/0.10+0.20 ms cpu, 0->0->0 MB, 4 MB goal, 4 P (forced)
gc 437 @19.073s 2%: 0.006+0.088+0.023 ms clock, 0.024+0/0.065/0.11+0.094 ms cpu, 0->0->0 MB, 4 MB goal, 4 P (forced)
gc 438 @19.081s 2%: 0.006+0.11+0.018 ms clock, 0.026+0/0.098/0.12+0.075 ms cpu, 0->0->0 MB, 4 MB goal, 4 P (forced)
gc 439 @19.089s 2%: 0.005+0.079+0.021 ms clock, 0.021+0/0.067/0.14+0.086 ms cpu, 0->0->0 MB, 4 MB goal, 4 P (forced)
  100000	        87.8 ns/op	       5 B/op	       0 allocs/op
gc 440 @19.099s 2%: 0.006+0.093+0.030 ms clock, 0.026+0/0.081/0.11+0.12 ms cpu, 0->0->0 MB, 4 MB goal, 4 P (forced)
BenchmarkSysHashMapInsertAndEraseWithBuf1E5-4         	gc 441 @19.108s 2%: 0.009+0.10+0.026 ms clock, 0.039+0/0.082/0.16+0.10 ms cpu, 1->1->0 MB, 4 MB goal, 4 P (forced)
gc 442 @19.115s 2%: 0.006+0.10+0.011 ms clock, 0.024+0/0.096/0.16+0.047 ms cpu, 1->1->0 MB, 4 MB goal, 4 P (forced)
gc 443 @19.122s 2%: 0.007+0.084+0.034 ms clock, 0.028+0/0.074/0.12+0.13 ms cpu, 1->1->0 MB, 4 MB goal, 4 P (forced)
gc 444 @19.129s 2%: 0.014+0.10+0.017 ms clock, 0.058+0/0.043/0.14+0.069 ms cpu, 1->1->0 MB, 4 MB goal, 4 P (forced)
gc 445 @19.138s 2%: 0.025+0.093+0.019 ms clock, 0.10+0/0.083/0.12+0.079 ms cpu, 1->1->0 MB, 4 MB goal, 4 P (forced)
gc 446 @19.146s 2%: 0.004+0.10+0.017 ms clock, 0.018+0/0.084/0.094+0.068 ms cpu, 1->1->0 MB, 4 MB goal, 4 P (forced)
gc 447 @19.153s 2%: 0.009+0.088+0.018 ms clock, 0.036+0/0.068/0.13+0.074 ms cpu, 1->1->0 MB, 4 MB goal, 4 P (forced)
gc 448 @19.160s 2%: 0.034+0.11+0.020 ms clock, 0.13+0/0.043/0.13+0.082 ms cpu, 1->1->0 MB, 4 MB goal, 4 P (forced)
gc 449 @19.169s 2%: 0.040+0.084+0.021 ms clock, 0.16+0/0.066/0.13+0.087 ms cpu, 1->1->0 MB, 4 MB goal, 4 P (forced)
gc 450 @19.177s 2%: 0.005+0.077+0.018 ms clock, 0.020+0/0.066/0.11+0.075 ms cpu, 1->1->0 MB, 4 MB goal, 4 P (forced)
gc 451 @19.184s 2%: 0.006+0.075+0.028 ms clock, 0.026+0/0.057/0.15+0.11 ms cpu, 1->1->0 MB, 4 MB goal, 4 P (forced)
  100000	        80.3 ns/op	      16 B/op	       0 allocs/op
gc 452 @19.192s 2%: 0.029+0.12+0.028 ms clock, 0.11+0/0.090/0.11+0.11 ms cpu, 1->1->0 MB, 4 MB goal, 4 P (forced)
BenchmarkSortStruct1E5-4                              	gc 453 @19.217s 2%: 0.030+0.12+0.024 ms clock, 0.12+0/0.082/0.14+0.099 ms cpu, 3->3->0 MB, 4 MB goal, 4 P (forced)
gc 454 @19.259s 2%: 0.042+0.13+0.058 ms clock, 0.17+0/0.078/0.13+0.23 ms cpu, 3->3->0 MB, 4 MB goal, 4 P (forced)
gc 455 @19.285s 2%: 0.007+0.10+0.042 ms clock, 0.029+0/0.087/0.13+0.17 ms cpu, 3->3->0 MB, 4 MB goal, 4 P (forced)
gc 456 @19.339s 2%: 0.047+0.10+0.017 ms clock, 0.19+0/0.089/0.16+0.069 ms cpu, 3->3->0 MB, 4 MB goal, 4 P (forced)
gc 457 @19.376s 2%: 0.027+0.089+0.021 ms clock, 0.10+0/0.077/0.11+0.085 ms cpu, 3->3->0 MB, 4 MB goal, 4 P (forced)
gc 458 @19.401s 2%: 0.057+0.083+0.055 ms clock, 0.23+0/0.063/0.15+0.22 ms cpu, 3->3->0 MB, 4 MB goal, 4 P (forced)
gc 459 @19.427s 2%: 0.042+0.086+0.017 ms clock, 0.16+0/0.070/0.13+0.069 ms cpu, 3->3->0 MB, 4 MB goal, 4 P (forced)
gc 460 @19.459s 2%: 0.025+0.082+0.040 ms clock, 0.10+0/0.066/0.11+0.16 ms cpu, 3->3->0 MB, 4 MB goal, 4 P (forced)
gc 461 @19.485s 2%: 0.007+0.087+0.038 ms clock, 0.028+0/0.075/0.11+0.15 ms cpu, 3->3->0 MB, 4 MB goal, 4 P (forced)
gc 462 @19.510s 2%: 0.008+0.11+0.023 ms clock, 0.035+0/0.093/0.12+0.093 ms cpu, 3->3->0 MB, 4 MB goal, 4 P (forced)
gc 463 @19.541s 2%: 0.010+0.13+0.088 ms clock, 0.041+0/0.098/0.098+0.35 ms cpu, 3->3->0 MB, 4 MB goal, 4 P (forced)
gc 464 @19.567s 2%: 0.025+0.096+0.032 ms clock, 0.10+0/0.070/0.11+0.12 ms cpu, 3->3->0 MB, 4 MB goal, 4 P (forced)
gc 465 @19.595s 2%: 0.025+0.096+0.042 ms clock, 0.10+0/0.079/0.11+0.17 ms cpu, 3->3->0 MB, 4 MB goal, 4 P (forced)
gc 466 @19.620s 2%: 0.025+0.092+0.016 ms clock, 0.10+0/0.073/0.13+0.067 ms cpu, 3->3->0 MB, 4 MB goal, 4 P (forced)
  100000	       245 ns/op	      32 B/op	       0 allocs/op
gc 467 @19.645s 2%: 0.007+0.10+0.052 ms clock, 0.030+0/0.088/0.14+0.21 ms cpu, 3->3->0 MB, 4 MB goal, 4 P (forced)
gc 468 @19.682s 2%: 0.010+4.0+0.069 ms clock, 0.040+0.21/3.9/5.8+0.27 ms cpu, 4->4->4 MB, 5 MB goal, 4 P
gc 469 @19.726s 2%: 0.009+7.6+0.028 ms clock, 0.038+0.26/7.5/10+0.11 ms cpu, 7->7->7 MB, 8 MB goal, 4 P
BenchmarkSetInsertStruct1E5-4                         	gc 470 @19.757s 2%: 0.019+0.12+0.037 ms clock, 0.079+0/0.10/0.093+0.14 ms cpu, 10->10->0 MB, 15 MB goal, 4 P (forced)
gc 471 @19.792s 2%: 0.008+4.2+0.027 ms clock, 0.035+0.23/4.1/4.6+0.11 ms cpu, 4->4->4 MB, 5 MB goal, 4 P
gc 472 @19.848s 2%: 0.009+7.7+0.047 ms clock, 0.037+0.22/7.7/11+0.18 ms cpu, 7->8->8 MB, 8 MB goal, 4 P
gc 473 @19.875s 2%: 0.010+0.10+0.021 ms clock, 0.040+0/0.095/0.18+0.084 ms cpu, 10->10->0 MB, 16 MB goal, 4 P (forced)
gc 474 @19.914s 2%: 0.010+3.6+0.075 ms clock, 0.042+0.23/3.6/5.9+0.30 ms cpu, 4->4->4 MB, 5 MB goal, 4 P
gc 475 @19.959s 2%: 0.010+6.9+0.067 ms clock, 0.042+0.24/6.9/13+0.26 ms cpu, 7->8->8 MB, 8 MB goal, 4 P
gc 476 @19.987s 2%: 0.024+0.095+0.035 ms clock, 0.099+0/0.074/0.19+0.14 ms cpu, 10->10->0 MB, 16 MB goal, 4 P (forced)
gc 477 @20.023s 2%: 0.011+4.5+0.066 ms clock, 0.044+0.25/4.4/5.4+0.26 ms cpu, 4->4->4 MB, 5 MB goal, 4 P
gc 478 @20.068s 2%: 0.009+7.8+0.077 ms clock, 0.038+0.24/7.8/13+0.30 ms cpu, 7->8->8 MB, 8 MB goal, 4 P
gc 479 @20.098s 2%: 0.037+0.098+0.13 ms clock, 0.15+0/0.088/0.18+0.55 ms cpu, 10->10->0 MB, 16 MB goal, 4 P (forced)
gc 480 @20.135s 2%: 0.010+4.0+0.097 ms clock, 0.043+0.23/3.9/5.7+0.39 ms cpu, 4->4->4 MB, 5 MB goal, 4 P
gc 481 @20.183s 2%: 0.010+8.3+0.030 ms clock, 0.042+0.25/8.2/11+0.12 ms cpu, 7->8->8 MB, 8 MB goal, 4 P
gc 482 @20.213s 2%: 0.008+0.11+0.020 ms clock, 0.032+0/0.10/0.17+0.081 ms cpu, 10->10->0 MB, 16 MB goal, 4 P (forced)
gc 483 @20.252s 2%: 0.010+3.5+0.098 ms clock, 0.043+0.21/3.5/6.4+0.39 ms cpu, 4->4->4 MB, 5 MB goal, 4 P
gc 484 @20.295s 2%: 0.009+7.4+0.066 ms clock, 0.039+0.24/7.3/12+0.26 ms cpu, 7->8->8 MB, 8 MB goal, 4 P
gc 485 @20.324s 2%: 0.009+0.13+0.061 ms clock, 0.037+0/0.12/0.16+0.24 ms cpu, 10->10->0 MB, 16 MB goal, 4 P (forced)
gc 486 @20.363s 2%: 0.011+3.7+0.025 ms clock, 0.046+0.22/3.6/5.6+0.10 ms cpu, 4->4->4 MB, 5 MB goal, 4 P
gc 487 @20.409s 2%: 0.011+7.8+0.10 ms clock, 0.044+0.099/7.7/14+0.42 ms cpu, 7->8->8 MB, 8 MB goal, 4 P
gc 488 @20.440s 2%: 0.039+0.12+0.041 ms clock, 0.15+0/0.088/0.16+0.16 ms cpu, 10->10->0 MB, 16 MB goal, 4 P (forced)
gc 489 @20.482s 2%: 0.011+4.2+0.10 ms clock, 0.044+0.14/4.1/6.6+0.42 ms cpu, 4->4->4 MB, 5 MB goal, 4 P
gc 490 @20.527s 2%: 0.009+7.0+0.023 ms clock, 0.037+0.22/6.9/12+0.092 ms cpu, 7->8->8 MB, 8 MB goal, 4 P
gc 491 @20.552s 2%: 0.042+0.10+0.021 ms clock, 0.17+0/0.078/0.18+0.084 ms cpu, 10->10->0 MB, 16 MB goal, 4 P (forced)
gc 492 @20.591s 2%: 0.009+3.6+0.076 ms clock, 0.039+0.24/3.6/5.8+0.30 ms cpu, 4->4->4 MB, 5 MB goal, 4 P
gc 493 @20.664s 2%: 0.013+9.3+0.030 ms clock, 0.054+0.30/9.2/17+0.12 ms cpu, 7->8->8 MB, 8 MB goal, 4 P
gc 494 @20.699s 2%: 0.041+0.12+0.031 ms clock, 0.16+0/0.095/0.16+0.12 ms cpu, 10->10->0 MB, 16 MB goal, 4 P (forced)
gc 495 @20.757s 2%: 0.010+4.0+0.099 ms clock, 0.043+0.22/3.9/7.0+0.39 ms cpu, 4->4->4 MB, 5 MB goal, 4 P
gc 496 @20.802s 2%: 0.009+7.4+0.023 ms clock, 0.039+0.23/7.4/11+0.094 ms cpu, 7->8->8 MB, 8 MB goal, 4 P
gc 497 @20.830s 2%: 0.059+0.10+0.022 ms clock, 0.23+0/0.083/0.16+0.088 ms cpu, 10->10->0 MB, 16 MB goal, 4 P (forced)
gc 498 @20.866s 2%: 0.009+4.9+0.045 ms clock, 0.038+0.13/4.8/4.6+0.18 ms cpu, 4->4->4 MB, 5 MB goal, 4 P
gc 499 @20.909s 2%: 0.010+11+0.063 ms clock, 0.041+0.14/10/12+0.25 ms cpu, 8->8->8 MB, 9 MB goal, 4 P
gc 500 @20.935s 2%: 0.026+0.10+0.046 ms clock, 0.10+0/0.087/0.18+0.18 ms cpu, 10->10->0 MB, 17 MB goal, 4 P (forced)
gc 501 @20.974s 2%: 0.010+5.0+0.029 ms clock, 0.041+0.22/5.0/1.4+0.11 ms cpu, 4->4->4 MB, 5 MB goal, 4 P
gc 502 @21.017s 2%: 0.009+7.9+0.025 ms clock, 0.039+0.27/7.8/9.8+0.10 ms cpu, 7->8->8 MB, 8 MB goal, 4 P
gc 503 @21.043s 2%: 0.007+0.094+0.021 ms clock, 0.028+0/0.083/0.18+0.084 ms cpu, 10->10->0 MB, 16 MB goal, 4 P (forced)
gc 504 @21.081s 2%: 0.009+3.9+0.074 ms clock, 0.036+0.23/3.9/5.5+0.29 ms cpu, 4->4->4 MB, 5 MB goal, 4 P
gc 505 @21.143s 2%: 0.010+8.8+0.025 ms clock, 0.042+0.24/8.7/7.8+0.10 ms cpu, 7->8->8 MB, 8 MB goal, 4 P
gc 506 @21.172s 2%: 0.027+0.090+0.018 ms clock, 0.11+0/0.080/0.17+0.074 ms cpu, 10->10->0 MB, 16 MB goal, 4 P (forced)
gc 507 @21.209s 2%: 0.009+5.6+0.11 ms clock, 0.038+0.15/5.5/4.5+0.44 ms cpu, 4->4->4 MB, 5 MB goal, 4 P
gc 508 @21.255s 2%: 0.011+8.0+0.024 ms clock, 0.045+0.20/7.9/12+0.099 ms cpu, 8->8->8 MB, 9 MB goal, 4 P
gc 509 @21.282s 2%: 0.008+0.10+0.020 ms clock, 0.035+0/0.088/0.17+0.082 ms cpu, 10->10->0 MB, 16 MB goal, 4 P (forced)
gc 510 @21.321s 2%: 0.010+3.7+0.028 ms clock, 0.040+0.20/3.6/6.0+0.11 ms cpu, 4->4->4 MB, 5 MB goal, 4 P
gc 511 @21.377s 2%: 0.009+9.9+0.023 ms clock, 0.038+0.14/9.9/11+0.094 ms cpu, 7->8->8 MB, 8 MB goal, 4 P
gc 512 @21.416s 2%: 0.046+0.11+0.019 ms clock, 0.18+0/0.094/0.18+0.079 ms cpu, 10->10->0 MB, 16 MB goal, 4 P (forced)
gc 513 @21.469s 2%: 0.009+4.3+0.014 ms clock, 0.039+0.14/4.1/4.4+0.059 ms cpu, 4->4->4 MB, 5 MB goal, 4 P
gc 514 @21.510s 2%: 0.008+7.1+0.066 ms clock, 0.035+0.23/7.0/12+0.26 ms cpu, 7->8->8 MB, 8 MB goal, 4 P
  100000	      1197 ns/op	     112 B/op	       2 allocs/op
gc 515 @21.538s 2%: 0.030+0.13+0.035 ms clock, 0.12+0/0.10/0.14+0.14 ms cpu, 10->10->0 MB, 16 MB goal, 4 P (forced)
gc 516 @21.549s 2%: 0.007+1.5+0.041 ms clock, 0.029+0.10/1.5/0.16+0.16 ms cpu, 4->4->3 MB, 5 MB goal, 4 P
gc 517 @21.601s 2%: 0.010+6.5+0.028 ms clock, 0.042+0.21/6.4/10+0.11 ms cpu, 7->7->7 MB, 8 MB goal, 4 P
BenchmarkSetEraseStruct1E5-4                          	gc 518 @21.697s 2%: 0.007+0.51+0.19 ms clock, 0.029+0/0.099/0.15+0.77 ms cpu, 10->10->0 MB, 15 MB goal, 4 P (forced)
gc 519 @21.715s 2%: 0.012+1.7+0.029 ms clock, 0.051+0.16/1.6/0.47+0.11 ms cpu, 4->4->4 MB, 5 MB goal, 4 P
gc 520 @21.769s 2%: 0.010+6.9+0.039 ms clock, 0.042+0.14/6.5/10+0.15 ms cpu, 7->8->8 MB, 8 MB goal, 4 P
gc 521 @21.862s 2%: 0.029+0.10+0.042 ms clock, 0.11+0/0.072/0.19+0.16 ms cpu, 10->10->0 MB, 16 MB goal, 4 P (forced)
gc 522 @21.878s 2%: 0.006+1.4+0.021 ms clock, 0.027+0.21/1.3/0.93+0.086 ms cpu, 4->4->4 MB, 5 MB goal, 4 P
gc 523 @21.932s 2%: 0.012+5.9+0.041 ms clock, 0.048+0.23/5.9/10+0.16 ms cpu, 7->8->8 MB, 8 MB goal, 4 P
gc 524 @22.026s 2%: 0.068+0.10+0.020 ms clock, 0.27+0/0.090/0.18+0.080 ms cpu, 10->10->0 MB, 16 MB goal, 4 P (forced)
gc 525 @22.038s 2%: 0.007+1.5+0.027 ms clock, 0.030+0.13/1.4/1.4+0.11 ms cpu, 4->4->4 MB, 5 MB goal, 4 P
gc 526 @22.093s 2%: 0.010+6.5+0.10 ms clock, 0.042+0.23/6.4/10+0.42 ms cpu, 7->8->8 MB, 8 MB goal, 4 P
gc 527 @22.190s 2%: 0.009+0.14+0.10 ms clock, 0.037+0/0.10/0.18+0.40 ms cpu, 10->10->0 MB, 16 MB goal, 4 P (forced)
gc 528 @22.210s 2%: 0.008+1.1+0.021 ms clock, 0.032+0.20/1.0/1.5+0.086 ms cpu, 4->4->4 MB, 5 MB goal, 4 P
gc 529 @22.264s 2%: 0.011+9.4+0.035 ms clock, 0.044+0.14/9.4/0.84+0.14 ms cpu, 7->8->8 MB, 8 MB goal, 4 P
gc 530 @22.354s 2%: 0.008+0.13+0.084 ms clock, 0.033+0/0.11/0.15+0.33 ms cpu, 10->10->0 MB, 16 MB goal, 4 P (forced)
gc 531 @22.366s 2%: 0.007+1.1+0.090 ms clock, 0.028+0.20/1.1/1.8+0.36 ms cpu, 4->4->4 MB, 5 MB goal, 4 P
gc 532 @22.418s 2%: 0.010+8.3+0.033 ms clock, 0.041+0.14/8.2/6.7+0.13 ms cpu, 7->8->8 MB, 8 MB goal, 4 P
gc 533 @22.514s 2%: 0.039+0.094+0.021 ms clock, 0.15+0/0.080/0.18+0.085 ms cpu, 10->10->0 MB, 16 MB goal, 4 P (forced)
gc 534 @22.534s 2%: 0.012+2.5+0.042 ms clock, 0.050+0.44/2.4/3.9+0.17 ms cpu, 4->4->4 MB, 5 MB goal, 4 P
gc 535 @22.629s 2%: 0.012+10+0.029 ms clock, 0.050+0.19/10/9.5+0.11 ms cpu, 7->8->8 MB, 8 MB goal, 4 P
gc 536 @22.741s 2%: 0.018+0.10+0.023 ms clock, 0.072+0/0.086/0.17+0.093 ms cpu, 10->10->0 MB, 16 MB goal, 4 P (forced)
gc 537 @22.758s 2%: 0.012+1.0+0.020 ms clock, 0.050+0.22/0.99/1.6+0.082 ms cpu, 4->4->4 MB, 5 MB goal, 4 P
gc 538 @22.811s 2%: 0.011+6.5+0.13 ms clock, 0.046+0.23/6.5/10+0.52 ms cpu, 7->7->7 MB, 8 MB goal, 4 P
gc 539 @22.906s 2%: 0.037+0.098+0.022 ms clock, 0.14+0/0.079/0.19+0.089 ms cpu, 10->10->0 MB, 15 MB goal, 4 P (forced)
gc 540 @22.929s 2%: 0.044+2.1+0.10 ms clock, 0.17+0.23/1.6/2.3+0.42 ms cpu, 4->4->4 MB, 5 MB goal, 4 P
gc 541 @22.987s 2%: 0.011+5.7+0.019 ms clock, 0.046+0.23/5.7/11+0.079 ms cpu, 7->8->8 MB, 8 MB goal, 4 P
gc 542 @23.081s 2%: 0.039+0.11+0.021 ms clock, 0.15+0/0.057/0.21+0.086 ms cpu, 10->10->0 MB, 16 MB goal, 4 P (forced)
gc 543 @23.094s 2%: 0.008+1.1+0.094 ms clock, 0.032+0.20/1.0/1.9+0.37 ms cpu, 4->4->4 MB, 5 MB goal, 4 P
gc 544 @23.148s 2%: 0.010+5.7+0.033 ms clock, 0.040+0.14/5.6/7.1+0.13 ms cpu, 7->7->7 MB, 8 MB goal, 4 P
gc 545 @23.250s 2%: 0.008+0.10+0.024 ms clock, 0.032+0/0.096/0.16+0.098 ms cpu, 10->10->0 MB, 15 MB goal, 4 P (forced)
gc 546 @23.263s 2%: 0.008+1.1+0.024 ms clock, 0.035+0.21/1.1/1.6+0.099 ms cpu, 4->4->4 MB, 5 MB goal, 4 P
gc 547 @23.317s 2%: 0.010+5.9+0.10 ms clock, 0.041+0.23/5.9/9.9+0.40 ms cpu, 7->7->7 MB, 8 MB goal, 4 P
gc 548 @23.413s 2%: 0.008+0.11+0.022 ms clock, 0.035+0/0.10/0.18+0.089 ms cpu, 10->10->0 MB, 15 MB goal, 4 P (forced)
gc 549 @23.438s 2%: 0.014+2.5+0.060 ms clock, 0.059+0.22/2.4/1.6+0.24 ms cpu, 4->4->4 MB, 5 MB goal, 4 P
gc 550 @23.497s 2%: 0.010+8.1+0.14 ms clock, 0.042+0.23/8.1/9.3+0.56 ms cpu, 7->8->8 MB, 8 MB goal, 4 P
gc 551 @23.633s 2%: 0.031+0.10+0.021 ms clock, 0.12+0/0.084/0.21+0.084 ms cpu, 10->10->0 MB, 16 MB goal, 4 P (forced)
gc 552 @23.660s 2%: 0.015+7.9+0.056 ms clock, 0.063+0.42/2.6/1.6+0.22 ms cpu, 4->4->4 MB, 5 MB goal, 4 P
gc 553 @23.725s 2%: 0.010+7.2+0.023 ms clock, 0.042+0.14/7.2/8.8+0.092 ms cpu, 8->8->8 MB, 9 MB goal, 4 P
gc 554 @23.814s 2%: 0.038+0.10+0.021 ms clock, 0.15+0/0.070/0.18+0.085 ms cpu, 10->10->0 MB, 16 MB goal, 4 P (forced)
gc 555 @23.837s 2%: 0.016+2.5+0.077 ms clock, 0.066+0.51/2.4/4.5+0.31 ms cpu, 4->4->4 MB, 5 MB goal, 4 P
gc 556 @23.938s 2%: 0.013+9.1+0.094 ms clock, 0.055+0.31/9.0/14+0.37 ms cpu, 7->7->7 MB, 8 MB goal, 4 P
gc 557 @24.054s 2%: 0.010+0.11+0.036 ms clock, 0.042+0/0.10/0.13+0.14 ms cpu, 10->10->0 MB, 15 MB goal, 4 P (forced)
gc 558 @24.067s 2%: 0.008+1.8+0.046 ms clock, 0.034+0.21/1.7/1.0+0.18 ms cpu, 4->4->4 MB, 5 MB goal, 4 P
gc 559 @24.151s 2%: 0.010+6.6+0.047 ms clock, 0.043+0.21/6.5/10+0.19 ms cpu, 7->8->7 MB, 8 MB goal, 4 P
  100000	       516 ns/op	      32 B/op	       0 allocs/op
gc 560 @24.242s 2%: 0.007+0.13+0.022 ms clock, 0.031+0/0.095/0.16+0.091 ms cpu, 10->10->0 MB, 15 MB goal, 4 P (forced)
gc 561 @24.254s 2%: 0.007+1.8+0.025 ms clock, 0.030+0.12/1.4/1.4+0.10 ms cpu, 4->4->4 MB, 5 MB goal, 4 P
gc 562 @24.308s 2%: 0.010+6.3+0.10 ms clock, 0.043+0.23/6.3/10+0.40 ms cpu, 7->8->8 MB, 8 MB goal, 4 P
BenchmarkSetFindStruct1E5-4                           	gc 563 @24.381s 2%: 0.052+0.13+0.044 ms clock, 0.21+0/0.091/0.15+0.17 ms cpu, 10->10->0 MB, 16 MB goal, 4 P (forced)
gc 564 @24.392s 2%: 0.007+1.2+0.063 ms clock, 0.030+0.22/1.1/1.6+0.25 ms cpu, 4->4->4 MB, 5 MB goal, 4 P
gc 565 @24.444s 2%: 0.011+7.3+0.023 ms clock, 0.044+0.22/7.3/13+0.093 ms cpu, 7->8->8 MB, 8 MB goal, 4 P
gc 566 @24.516s 2%: 0.015+0.10+0.019 ms clock, 0.062+0/0.090/0.18+0.078 ms cpu, 10->10->0 MB, 16 MB goal, 4 P (forced)
gc 567 @24.529s 2%: 0.007+1.9+0.055 ms clock, 0.030+0.22/1.9/0.79+0.22 ms cpu, 4->4->4 MB, 5 MB goal, 4 P
gc 568 @24.602s 2%: 0.010+5.8+0.049 ms clock, 0.043+0.23/5.8/10+0.19 ms cpu, 7->8->8 MB, 8 MB goal, 4 P
gc 569 @24.681s 2%: 0.039+0.10+0.020 ms clock, 0.15+0/0.079/0.14+0.080 ms cpu, 10->10->0 MB, 16 MB goal, 4 P (forced)
gc 570 @24.693s 2%: 0.008+1.6+0.035 ms clock, 0.032+0.13/1.5/0.62+0.14 ms cpu, 4->4->4 MB, 5 MB goal, 4 P
gc 571 @24.747s 2%: 0.010+5.8+0.12 ms clock, 0.041+0.23/5.7/11+0.50 ms cpu, 7->8->8 MB, 8 MB goal, 4 P
gc 572 @24.822s 2%: 0.028+0.12+0.016 ms clock, 0.11+0/0.076/0.13+0.066 ms cpu, 10->10->0 MB, 16 MB goal, 4 P (forced)
gc 573 @24.835s 2%: 0.010+1.1+0.015 ms clock, 0.040+0.20/1.0/2.0+0.063 ms cpu, 4->4->4 MB, 5 MB goal, 4 P
gc 574 @24.886s 2%: 0.010+7.0+0.048 ms clock, 0.040+0.22/7.0/9.5+0.19 ms cpu, 7->8->7 MB, 8 MB goal, 4 P
gc 575 @24.963s 2%: 0.035+0.11+0.020 ms clock, 0.14+0/0.092/0.15+0.080 ms cpu, 10->10->0 MB, 15 MB goal, 4 P (forced)
gc 576 @24.975s 2%: 0.007+1.1+0.097 ms clock, 0.031+0.19/1.0/1.8+0.38 ms cpu, 4->4->4 MB, 5 MB goal, 4 P
gc 577 @25.028s 2%: 0.010+6.0+0.022 ms clock, 0.043+0.23/6.0/9.9+0.090 ms cpu, 7->8->7 MB, 8 MB goal, 4 P
gc 578 @25.103s 2%: 0.029+0.10+0.044 ms clock, 0.11+0/0.079/0.14+0.17 ms cpu, 10->10->0 MB, 15 MB goal, 4 P (forced)
gc 579 @25.115s 2%: 0.008+5.0+0.027 ms clock, 0.034+0.13/1.4/1.3+0.10 ms cpu, 4->4->4 MB, 5 MB goal, 4 P
gc 580 @25.172s 2%: 0.011+5.7+0.073 ms clock, 0.044+0.22/5.7/10+0.29 ms cpu, 7->8->8 MB, 8 MB goal, 4 P
gc 581 @25.246s 2%: 0.066+0.085+0.023 ms clock, 0.26+0/0.066/0.17+0.093 ms cpu, 10->10->0 MB, 16 MB goal, 4 P (forced)
gc 582 @25.257s 2%: 0.008+1.4+0.13 ms clock, 0.032+0.20/1.4/1.4+0.54 ms cpu, 4->4->4 MB, 5 MB goal, 4 P
gc 583 @25.314s 2%: 0.011+6.2+0.023 ms clock, 0.046+0.21/6.1/10+0.092 ms cpu, 7->8->7 MB, 8 MB goal, 4 P
gc 584 @25.392s 2%: 0.039+0.096+0.023 ms clock, 0.15+0/0.082/0.17+0.093 ms cpu, 10->10->0 MB, 15 MB goal, 4 P (forced)
gc 585 @25.417s 2%: 0.015+1.6+0.045 ms clock, 0.061+0.17/1.6/1.5+0.18 ms cpu, 4->4->4 MB, 5 MB goal, 4 P
gc 586 @25.488s 2%: 0.010+6.3+0.075 ms clock, 0.042+0.21/6.3/10+0.30 ms cpu, 7->8->8 MB, 8 MB goal, 4 P
gc 587 @25.566s 2%: 0.040+0.095+0.023 ms clock, 0.16+0/0.083/0.18+0.095 ms cpu, 10->10->0 MB, 16 MB goal, 4 P (forced)
gc 588 @25.586s 2%: 0.013+1.6+0.048 ms clock, 0.054+0.16/1.4/1.5+0.19 ms cpu, 4->4->4 MB, 5 MB goal, 4 P
gc 589 @25.642s 2%: 0.011+9.7+0.022 ms clock, 0.044+0.14/7.9/13+0.088 ms cpu, 7->8->8 MB, 8 MB goal, 4 P
gc 590 @25.715s 2%: 0.027+0.095+0.022 ms clock, 0.10+0/0.073/0.18+0.089 ms cpu, 10->10->0 MB, 16 MB goal, 4 P (forced)
gc 591 @25.738s 2%: 0.012+1.4+0.025 ms clock, 0.049+0.17/1.3/1.1+0.10 ms cpu, 4->4->4 MB, 5 MB goal, 4 P
gc 592 @25.792s 2%: 0.011+5.7+0.029 ms clock, 0.044+0.21/5.6/10+0.11 ms cpu, 7->8->7 MB, 8 MB goal, 4 P
gc 593 @25.869s 2%: 0.038+0.088+0.032 ms clock, 0.15+0/0.072/0.17+0.12 ms cpu, 10->10->0 MB, 15 MB goal, 4 P (forced)
gc 594 @25.882s 2%: 0.009+1.1+0.022 ms clock, 0.036+0.21/1.0/1.5+0.088 ms cpu, 4->4->4 MB, 5 MB goal, 4 P
gc 595 @25.947s 2%: 0.018+6.0+0.036 ms clock, 0.073+0.28/5.8/10+0.14 ms cpu, 7->7->7 MB, 8 MB goal, 4 P
gc 596 @26.083s 2%: 0.058+0.16+0.028 ms clock, 0.23+0/0.12/0.32+0.11 ms cpu, 10->10->0 MB, 15 MB goal, 4 P (forced)
gc 597 @26.101s 2%: 0.010+1.6+0.027 ms clock, 0.041+0.27/1.6/1.7+0.10 ms cpu, 4->4->4 MB, 5 MB goal, 4 P
gc 598 @26.168s 2%: 0.011+6.4+0.070 ms clock, 0.044+0.24/6.4/11+0.28 ms cpu, 7->8->7 MB, 8 MB goal, 4 P
gc 599 @26.244s 2%: 0.027+0.096+0.038 ms clock, 0.11+0/0.081/0.13+0.15 ms cpu, 10->10->0 MB, 15 MB goal, 4 P (forced)
gc 600 @26.269s 2%: 0.020+1.4+0.044 ms clock, 0.082+0.27/1.4/1.4+0.17 ms cpu, 4->4->4 MB, 5 MB goal, 4 P
gc 601 @26.330s 2%: 0.010+6.1+0.023 ms clock, 0.041+0.22/6.1/9.6+0.095 ms cpu, 7->8->7 MB, 8 MB goal, 4 P
  100000	       369 ns/op	      32 B/op	       0 allocs/op
gc 602 @26.408s 2%: 0.025+0.13+0.024 ms clock, 0.10+0/0.097/0.088+0.096 ms cpu, 10->10->0 MB, 15 MB goal, 4 P (forced)
gc 603 @26.434s 2%: 0.017+2.8+0.036 ms clock, 0.069+0.52/2.7/3.8+0.14 ms cpu, 4->4->4 MB, 5 MB goal, 4 P
gc 604 @26.543s 2%: 0.014+12+0.029 ms clock, 0.057+0.21/5.5/13+0.11 ms cpu, 7->8->8 MB, 8 MB goal, 4 P
BenchmarkSetLowerBoundStruct1E5-4                     	gc 605 @26.648s 2%: 0.042+0.15+0.032 ms clock, 0.17+0/0.11/0.13+0.12 ms cpu, 10->10->0 MB, 16 MB goal, 4 P (forced)
gc 606 @26.661s 2%: 0.009+1.5+0.073 ms clock, 0.039+0.23/1.4/1.4+0.29 ms cpu, 4->4->4 MB, 5 MB goal, 4 P
gc 607 @26.715s 2%: 0.009+9.4+0.068 ms clock, 0.039+0.14/9.4/6.7+0.27 ms cpu, 7->8->8 MB, 8 MB goal, 4 P
gc 608 @26.799s 2%: 0.037+0.095+0.027 ms clock, 0.14+0/0.073/0.18+0.11 ms cpu, 10->10->0 MB, 16 MB goal, 4 P (forced)
gc 609 @26.810s 2%: 0.008+1.1+0.018 ms clock, 0.035+0.18/1.0/1.7+0.075 ms cpu, 4->4->4 MB, 5 MB goal, 4 P
gc 610 @26.863s 2%: 0.009+5.8+0.062 ms clock, 0.039+0.22/5.7/10+0.24 ms cpu, 7->7->7 MB, 8 MB goal, 4 P
gc 611 @26.951s 2%: 0.006+0.10+0.020 ms clock, 0.024+0/0.084/0.17+0.083 ms cpu, 10->10->0 MB, 15 MB goal, 4 P (forced)
gc 612 @26.964s 2%: 0.008+1.0+0.021 ms clock, 0.033+0.22/1.0/1.8+0.084 ms cpu, 4->4->4 MB, 5 MB goal, 4 P
gc 613 @27.020s 2%: 0.011+7.4+0.070 ms clock, 0.044+0.25/7.4/11+0.28 ms cpu, 7->7->7 MB, 8 MB goal, 4 P
gc 614 @27.109s 2%: 0.026+0.090+0.029 ms clock, 0.10+0/0.074/0.18+0.11 ms cpu, 10->10->0 MB, 15 MB goal, 4 P (forced)
gc 615 @27.121s 2%: 0.007+1.0+0.044 ms clock, 0.030+0.21/1.0/1.8+0.17 ms cpu, 4->4->4 MB, 5 MB goal, 4 P
gc 616 @27.189s 2%: 0.010+5.8+0.016 ms clock, 0.042+0.23/5.8/10+0.067 ms cpu, 7->7->7 MB, 8 MB goal, 4 P
gc 617 @27.272s 2%: 0.024+0.11+0.021 ms clock, 0.098+0/0.072/0.14+0.087 ms cpu, 10->10->0 MB, 15 MB goal, 4 P (forced)
gc 618 @27.283s 2%: 0.008+1.6+0.031 ms clock, 0.034+0.25/1.5/0.78+0.12 ms cpu, 4->4->4 MB, 5 MB goal, 4 P
gc 619 @27.334s 2%: 0.009+5.8+0.029 ms clock, 0.037+0.21/5.8/9.7+0.11 ms cpu, 7->8->7 MB, 8 MB goal, 4 P
gc 620 @27.417s 2%: 0.008+0.11+0.031 ms clock, 0.032+0/0.093/0.17+0.12 ms cpu, 10->10->0 MB, 15 MB goal, 4 P (forced)
gc 621 @27.441s 2%: 0.011+1.5+0.028 ms clock, 0.047+0.17/1.3/1.3+0.11 ms cpu, 4->4->4 MB, 5 MB goal, 4 P
gc 622 @27.494s 2%: 0.009+6.9+0.085 ms clock, 0.038+0.21/6.8/9.2+0.34 ms cpu, 7->8->8 MB, 8 MB goal, 4 P
gc 623 @27.579s 2%: 0.017+0.13+0.032 ms clock, 0.069+0/0.099/0.096+0.12 ms cpu, 10->10->0 MB, 16 MB goal, 4 P (forced)
gc 624 @27.600s 2%: 0.014+1.7+0.040 ms clock, 0.058+0.17/1.6/1.4+0.16 ms cpu, 4->4->4 MB, 5 MB goal, 4 P
gc 625 @27.662s 2%: 0.013+9.9+0.035 ms clock, 0.054+0.23/9.9/1.6+0.14 ms cpu, 7->8->8 MB, 8 MB goal, 4 P
gc 626 @27.751s 2%: 0.040+0.089+0.031 ms clock, 0.16+0/0.078/0.17+0.12 ms cpu, 10->10->0 MB, 16 MB goal, 4 P (forced)
gc 627 @27.784s 2%: 0.018+2.7+0.11 ms clock, 0.072+0.52/2.6/4.1+0.45 ms cpu, 4->4->4 MB, 5 MB goal, 4 P
gc 628 @27.892s 2%: 0.013+11+0.083 ms clock, 0.054+0.20/11/11+0.33 ms cpu, 7->8->8 MB, 8 MB goal, 4 P
gc 629 @27.997s 2%: 0.067+0.13+0.020 ms clock, 0.27+0/0.080/0.14+0.081 ms cpu, 10->10->0 MB, 16 MB goal, 4 P (forced)
gc 630 @28.018s 2%: 0.013+1.1+0.023 ms clock, 0.053+0.23/1.0/1.7+0.092 ms cpu, 4->4->4 MB, 5 MB goal, 4 P
gc 631 @28.071s 2%: 0.010+5.7+0.067 ms clock, 0.042+0.23/5.7/10+0.26 ms cpu, 7->7->7 MB, 8 MB goal, 4 P
gc 632 @28.155s 2%: 0.010+0.10+0.023 ms clock, 0.041+0/0.078/0.17+0.094 ms cpu, 10->10->0 MB, 15 MB goal, 4 P (forced)
gc 633 @28.176s 2%: 0.014+2.7+0.065 ms clock, 0.057+0.26/2.6/0.51+0.26 ms cpu, 4->4->4 MB, 5 MB goal, 4 P
gc 634 @28.229s 2%: 0.010+6.9+0.039 ms clock, 0.040+0.22/6.8/8.4+0.15 ms cpu, 7->8->8 MB, 8 MB goal, 4 P
gc 635 @28.308s 2%: 0.027+0.098+0.053 ms clock, 0.10+0/0.069/0.18+0.21 ms cpu, 10->10->0 MB, 16 MB goal, 4 P (forced)
gc 636 @28.320s 2%: 0.006+1.1+0.038 ms clock, 0.024+0.20/1.0/1.8+0.15 ms cpu, 4->4->4 MB, 5 MB goal, 4 P
gc 637 @28.386s 2%: 0.010+5.8+0.12 ms clock, 0.043+0.21/5.7/10+0.48 ms cpu, 7->7->7 MB, 8 MB goal, 4 P
gc 638 @28.472s 2%: 0.008+0.10+0.019 ms clock, 0.034+0/0.080/0.17+0.077 ms cpu, 10->10->0 MB, 15 MB goal, 4 P (forced)
gc 639 @28.485s 2%: 0.007+1.1+0.060 ms clock, 0.030+0.21/1.1/1.5+0.24 ms cpu, 4->4->4 MB, 5 MB goal, 4 P
gc 640 @28.537s 2%: 0.010+7.8+0.058 ms clock, 0.040+0.13/7.7/7.7+0.23 ms cpu, 7->8->8 MB, 8 MB goal, 4 P
gc 641 @28.623s 2%: 0.059+0.11+0.025 ms clock, 0.23+0/0.076/0.18+0.10 ms cpu, 10->10->0 MB, 16 MB goal, 4 P (forced)
gc 642 @28.634s 2%: 0.008+1.2+0.039 ms clock, 0.033+0.22/1.1/1.0+0.15 ms cpu, 4->4->4 MB, 5 MB goal, 4 P
gc 643 @28.694s 2%: 0.011+6.4+0.025 ms clock, 0.047+0.25/6.3/11+0.10 ms cpu, 7->7->7 MB, 8 MB goal, 4 P
gc 644 @28.782s 2%: 0.008+0.11+0.021 ms clock, 0.034+0/0.095/0.18+0.085 ms cpu, 10->10->0 MB, 15 MB goal, 4 P (forced)
gc 645 @28.794s 2%: 0.006+1.1+0.021 ms clock, 0.026+0.22/1.0/1.6+0.086 ms cpu, 4->4->4 MB, 5 MB goal, 4 P
gc 646 @28.847s 2%: 0.011+8.8+0.037 ms clock, 0.047+0.16/8.8/12+0.14 ms cpu, 7->8->8 MB, 8 MB goal, 4 P
  100000	       467 ns/op	      32 B/op	       0 allocs/op
gc 647 @28.933s 2%: 0.009+0.15+0.033 ms clock, 0.036+0/0.11/0.11+0.13 ms cpu, 10->10->0 MB, 16 MB goal, 4 P (forced)
gc 648 @28.945s 2%: 0.013+1.5+0.041 ms clock, 0.054+0.13/1.4/1.3+0.16 ms cpu, 4->4->4 MB, 5 MB goal, 4 P
gc 649 @28.998s 2%: 0.009+9.2+0.060 ms clock, 0.039+0.14/8.3/8.1+0.24 ms cpu, 7->8->8 MB, 8 MB goal, 4 P
BenchmarkSetUpperBoundStruct1E5-4                     	gc 650 @29.078s 2%: 0.029+0.10+0.048 ms clock, 0.11+0/0.087/0.15+0.19 ms cpu, 10->10->0 MB, 16 MB goal, 4 P (forced)
gc 651 @29.090s 2%: 0.009+1.9+0.062 ms clock, 0.036+0.12/1.8/2.6+0.24 ms cpu, 4->4->4 MB, 5 MB goal, 4 P
gc 652 @29.143s 2%: 0.011+5.7+0.026 ms clock, 0.044+0.23/5.6/10+0.10 ms cpu, 7->8->8 MB, 8 MB goal, 4 P
gc 653 @29.227s 2%: 0.039+0.093+0.033 ms clock, 0.15+0/0.077/0.18+0.13 ms cpu, 10->10->0 MB, 16 MB goal, 4 P (forced)
gc 654 @29.241s 2%: 0.006+1.3+0.036 ms clock, 0.026+0.20/1.2/2.0+0.14 ms cpu, 4->4->4 MB, 5 MB goal, 4 P
gc 655 @29.300s 2%: 0.011+6.6+0.025 ms clock, 0.044+0.24/6.5/10+0.10 ms cpu, 7->8->7 MB, 8 MB goal, 4 P
gc 656 @29.392s 2%: 0.065+0.11+0.024 ms clock, 0.26+0/0.094/0.18+0.099 ms cpu, 10->10->0 MB, 15 MB goal, 4 P (forced)
gc 657 @29.422s 2%: 0.015+2.2+0.11 ms clock, 0.061+0.28/2.2/1.3+0.45 ms cpu, 4->4->4 MB, 5 MB goal, 4 P
gc 658 @29.479s 2%: 0.010+6.7+0.073 ms clock, 0.042+0.21/6.6/10+0.29 ms cpu, 7->8->7 MB, 8 MB goal, 4 P
gc 659 @29.568s 2%: 0.037+0.10+0.10 ms clock, 0.15+0/0.085/0.18+0.41 ms cpu, 10->10->0 MB, 15 MB goal, 4 P (forced)
gc 660 @29.596s 2%: 0.014+1.2+0.25 ms clock, 0.057+0.26/1.2/1.5+1.0 ms cpu, 4->4->4 MB, 5 MB goal, 4 P
gc 661 @29.649s 2%: 0.010+5.4+0.024 ms clock, 0.040+0.23/5.4/10+0.098 ms cpu, 7->7->7 MB, 8 MB goal, 4 P
gc 662 @29.737s 2%: 0.038+0.12+0.022 ms clock, 0.15+0/0.085/0.14+0.091 ms cpu, 10->10->0 MB, 15 MB goal, 4 P (forced)
gc 663 @29.750s 2%: 0.008+1.5+0.032 ms clock, 0.032+0.14/1.4/1.4+0.12 ms cpu, 4->4->4 MB, 5 MB goal, 4 P
gc 664 @29.819s 2%: 0.010+6.4+0.066 ms clock, 0.042+0.23/6.4/9.4+0.26 ms cpu, 7->8->8 MB, 8 MB goal, 4 P
gc 665 @29.904s 2%: 0.008+0.13+0.021 ms clock, 0.035+0/0.10/0.15+0.087 ms cpu, 10->10->0 MB, 16 MB goal, 4 P (forced)
gc 666 @29.916s 2%: 0.008+3.2+0.030 ms clock, 0.035+0.13/1.4/1.4+0.12 ms cpu, 4->4->4 MB, 5 MB goal, 4 P
gc 667 @29.982s 2%: 0.009+6.3+0.021 ms clock, 0.037+0.21/6.3/10+0.086 ms cpu, 7->8->8 MB, 8 MB goal, 4 P
gc 668 @30.062s 1%: 0.025+0.092+0.019 ms clock, 0.10+0/0.077/0.18+0.078 ms cpu, 10->10->0 MB, 16 MB goal, 4 P (forced)
gc 669 @30.074s 1%: 0.008+1.8+0.020 ms clock, 0.034+0.13/1.4/1.0+0.081 ms cpu, 4->4->4 MB, 5 MB goal, 4 P
gc 670 @30.126s 2%: 0.010+8.1+0.026 ms clock, 0.041+0.21/8.1/4.1+0.10 ms cpu, 7->8->8 MB, 8 MB goal, 4 P
gc 671 @30.204s 1%: 0.046+0.11+0.017 ms clock, 0.18+0/0.077/0.17+0.069 ms cpu, 10->10->0 MB, 16 MB goal, 4 P (forced)
gc 672 @30.228s 1%: 0.014+3.4+0.032 ms clock, 0.056+0.21/2.1/2.0+0.12 ms cpu, 4->4->4 MB, 5 MB goal, 4 P
gc 673 @30.292s 1%: 0.010+5.9+0.024 ms clock, 0.040+0.21/5.8/10+0.096 ms cpu, 7->8->8 MB, 8 MB goal, 4 P
gc 674 @30.377s 1%: 0.007+0.10+0.021 ms clock, 0.031+0/0.083/0.17+0.086 ms cpu, 10->10->0 MB, 16 MB goal, 4 P (forced)
gc 675 @30.400s 1%: 0.013+3.2+0.024 ms clock, 0.055+0.17/1.3/1.2+0.097 ms cpu, 4->4->4 MB, 5 MB goal, 4 P
gc 676 @30.477s 1%: 0.010+6.5+0.074 ms clock, 0.042+0.23/6.5/10+0.29 ms cpu, 8->8->8 MB, 9 MB goal, 4 P
gc 677 @30.556s 1%: 0.015+0.11+0.020 ms clock, 0.062+0/0.089/0.17+0.080 ms cpu, 10->10->0 MB, 16 MB goal, 4 P (forced)
gc 678 @30.570s 1%: 0.007+1.4+0.044 ms clock, 0.031+0.22/1.3/1.3+0.17 ms cpu, 4->4->4 MB, 5 MB goal, 4 P
gc 679 @30.624s 1%: 0.010+6.4+0.027 ms clock, 0.040+0.21/6.3/9.8+0.10 ms cpu, 7->8->8 MB, 8 MB goal, 4 P
gc 680 @30.768s 1%: 0.061+0.15+0.075 ms clock, 0.24+0/0.094/0.18+0.30 ms cpu, 10->10->0 MB, 16 MB goal, 4 P (forced)
gc 681 @30.796s 1%: 0.017+12+0.080 ms clock, 0.069+0.63/3.1/0.15+0.32 ms cpu, 4->4->4 MB, 5 MB goal, 4 P
gc 682 @30.914s 1%: 0.014+8.3+0.10 ms clock, 0.056+0.30/8.2/13+0.41 ms cpu, 8->8->8 MB, 9 MB goal, 4 P
gc 683 @30.999s 1%: 0.028+0.092+0.023 ms clock, 0.11+0/0.078/0.17+0.092 ms cpu, 10->10->0 MB, 16 MB goal, 4 P (forced)
gc 684 @31.011s 1%: 0.007+1.3+0.10 ms clock, 0.031+0.13/1.2/1.4+0.43 ms cpu, 4->4->4 MB, 5 MB goal, 4 P
gc 685 @31.063s 1%: 0.010+5.5+0.023 ms clock, 0.040+0.24/5.5/10+0.095 ms cpu, 7->8->7 MB, 8 MB goal, 4 P
gc 686 @31.148s 1%: 0.065+0.094+0.022 ms clock, 0.26+0/0.078/0.18+0.090 ms cpu, 10->10->0 MB, 15 MB goal, 4 P (forced)
gc 687 @31.173s 1%: 0.014+1.5+0.037 ms clock, 0.058+0.21/1.4/1.3+0.14 ms cpu, 4->4->4 MB, 5 MB goal, 4 P
gc 688 @31.239s 1%: 0.010+7.4+0.029 ms clock, 0.043+0.23/7.4/9.0+0.11 ms cpu, 7->8->8 MB, 8 MB goal, 4 P
gc 689 @31.324s 1%: 0.038+0.13+0.053 ms clock, 0.15+0/0.055/0.18+0.21 ms cpu, 10->10->0 MB, 16 MB goal, 4 P (forced)
gc 690 @31.335s 1%: 0.007+1.1+0.020 ms clock, 0.029+0.20/1.0/1.6+0.083 ms cpu, 4->4->4 MB, 5 MB goal, 4 P
gc 691 @31.402s 1%: 0.010+6.0+0.10 ms clock, 0.040+0.23/5.9/10+0.42 ms cpu, 7->7->7 MB, 8 MB goal, 4 P
  100000	       489 ns/op	      32 B/op	       0 allocs/op
gc 692 @31.494s 1%: 0.025+0.12+0.022 ms clock, 0.10+0/0.092/0.15+0.089 ms cpu, 10->10->0 MB, 15 MB goal, 4 P (forced)
gc 693 @31.525s 1%: 0.013+0.19+0.019 ms clock, 0.055+0.13/0.14/0.24+0.076 ms cpu, 4->4->3 MB, 5 MB goal, 4 P
BenchmarkSetInsertAndEraseStruct1E5-4                 	gc 694 @31.579s 1%: 0.018+0.13+0.022 ms clock, 0.072+0/0.090/0.088+0.089 ms cpu, 6->6->0 MB, 7 MB goal, 4 P (forced)
gc 695 @31.594s 1%: 0.009+0.16+0.023 ms clock, 0.036+0.12/0.12/0.20+0.092 ms cpu, 4->4->3 MB, 5 MB goal, 4 P
gc 696 @31.647s 1%: 0.025+0.090+0.016 ms clock, 0.10+0/0.080/0.14+0.067 ms cpu, 6->6->0 MB, 7 MB goal, 4 P (forced)
gc 697 @31.665s 1%: 0.010+0.17+0.023 ms clock, 0.042+0.10/0.13/0.21+0.094 ms cpu, 4->4->3 MB, 5 MB goal, 4 P
gc 698 @31.718s 1%: 0.027+0.087+0.021 ms clock, 0.11+0/0.069/0.16+0.086 ms cpu, 6->6->0 MB, 7 MB goal, 4 P (forced)
gc 699 @31.747s 1%: 0.013+0.20+0.20 ms clock, 0.055+0.18/0.15/0.22+0.82 ms cpu, 4->4->3 MB, 5 MB goal, 4 P
gc 700 @31.800s 1%: 0.026+0.083+0.023 ms clock, 0.10+0/0.074/0.15+0.094 ms cpu, 6->6->0 MB, 7 MB goal, 4 P (forced)
gc 701 @31.817s 1%: 0.010+0.17+0.019 ms clock, 0.040+0.057/0.14/0.24+0.079 ms cpu, 4->4->3 MB, 5 MB goal, 4 P
gc 702 @31.872s 1%: 0.037+0.081+0.021 ms clock, 0.14+0/0.071/0.14+0.086 ms cpu, 6->6->0 MB, 7 MB goal, 4 P (forced)
gc 703 @31.888s 1%: 0.010+0.15+0.019 ms clock, 0.042+0.10/0.11/0.20+0.076 ms cpu, 4->4->3 MB, 5 MB goal, 4 P
gc 704 @31.945s 1%: 0.011+0.24+0.039 ms clock, 0.044+0/0.21/0.029+0.15 ms cpu, 6->6->0 MB, 7 MB goal, 4 P (forced)
gc 705 @31.964s 1%: 0.010+0.18+0.098 ms clock, 0.040+0.14/0.12/0.19+0.39 ms cpu, 4->4->3 MB, 5 MB goal, 4 P
gc 706 @32.019s 1%: 0.009+0.10+0.024 ms clock, 0.037+0/0.083/0.17+0.096 ms cpu, 6->6->0 MB, 7 MB goal, 4 P (forced)
gc 707 @32.034s 1%: 0.009+0.18+0.021 ms clock, 0.037+0.17/0.13/0.12+0.087 ms cpu, 4->4->3 MB, 5 MB goal, 4 P
gc 708 @32.088s 1%: 0.067+0.085+0.036 ms clock, 0.27+0/0.072/0.12+0.14 ms cpu, 6->6->0 MB, 7 MB goal, 4 P (forced)
gc 709 @32.104s 1%: 0.010+0.17+0.035 ms clock, 0.042+0.15/0.11/0.11+0.14 ms cpu, 4->4->3 MB, 5 MB goal, 4 P
gc 710 @32.162s 1%: 0.065+0.087+0.022 ms clock, 0.26+0/0.074/0.16+0.089 ms cpu, 6->6->0 MB, 7 MB goal, 4 P (forced)
gc 711 @32.179s 1%: 0.011+0.19+0.022 ms clock, 0.044+0.10/0.12/0.11+0.088 ms cpu, 4->4->3 MB, 5 MB goal, 4 P
gc 712 @32.234s 1%: 0.007+0.10+0.13 ms clock, 0.030+0/0.082/0.14+0.54 ms cpu, 6->6->0 MB, 7 MB goal, 4 P (forced)
gc 713 @32.262s 1%: 0.009+0.18+0.033 ms clock, 0.038+0.15/0.14/0.13+0.13 ms cpu, 4->4->3 MB, 5 MB goal, 4 P
gc 714 @32.316s 1%: 0.028+0.11+0.022 ms clock, 0.11+0/0.070/0.12+0.090 ms cpu, 6->6->0 MB, 7 MB goal, 4 P (forced)
gc 715 @32.333s 1%: 0.010+0.16+0.029 ms clock, 0.042+0.11/0.11/0.12+0.11 ms cpu, 4->4->3 MB, 5 MB goal, 4 P
gc 716 @32.388s 1%: 0.007+0.10+0.031 ms clock, 0.031+0/0.081/0.14+0.12 ms cpu, 6->6->0 MB, 7 MB goal, 4 P (forced)
gc 717 @32.404s 1%: 0.009+0.15+0.18 ms clock, 0.037+0.13/0.10/0.18+0.75 ms cpu, 4->4->3 MB, 5 MB goal, 4 P
gc 718 @32.464s 1%: 0.041+0.10+0.020 ms clock, 0.16+0/0.074/0.18+0.080 ms cpu, 6->6->0 MB, 7 MB goal, 4 P (forced)
gc 719 @32.481s 1%: 0.011+0.20+0.031 ms clock, 0.046+0.15/0.10/0.15+0.12 ms cpu, 4->4->3 MB, 5 MB goal, 4 P
gc 720 @32.543s 1%: 0.038+0.11+0.10 ms clock, 0.15+0/0.075/0.12+0.40 ms cpu, 6->6->0 MB, 7 MB goal, 4 P (forced)
gc 721 @32.560s 1%: 0.010+0.20+0.039 ms clock, 0.040+0.11/0.12/0.13+0.15 ms cpu, 4->4->3 MB, 5 MB goal, 4 P
gc 722 @32.615s 1%: 0.007+0.096+0.041 ms clock, 0.029+0/0.083/0.16+0.16 ms cpu, 6->6->0 MB, 7 MB goal, 4 P (forced)
gc 723 @32.631s 1%: 0.010+0.15+0.015 ms clock, 0.041+0.11/0.090/0.23+0.060 ms cpu, 4->4->3 MB, 5 MB goal, 4 P
  100000	       677 ns/op	      72 B/op	       0 allocs/op
gc 724 @32.684s 1%: 0.006+0.12+0.024 ms clock, 0.025+0/0.10/0.12+0.099 ms cpu, 6->6->0 MB, 7 MB goal, 4 P
gc 725 @32.684s 1%: 0.014+0.11+0.018 ms clock, 0.056+0/0.094/0.088+0.074 ms cpu, 0->0->0 MB, 4 MB goal, 4 P (forced)
gc 726 @32.696s 1%: 0.009+3.9+0.030 ms clock, 0.036+0.21/1.0/4.7+0.12 ms cpu, 4->4->4 MB, 5 MB goal, 4 P
BenchmarkSetInsertAndEraseWithPoolStruct1E5-4         	gc 727 @32.756s 1%: 0.027+0.14+0.033 ms clock, 0.10+0/0.088/0.076+0.13 ms cpu, 4->4->0 MB, 8 MB goal, 4 P (forced)
gc 728 @32.778s 1%: 0.016+1.3+0.072 ms clock, 0.067+0.12/1.2/1.5+0.28 ms cpu, 4->4->3 MB, 5 MB goal, 4 P
gc 729 @32.844s 1%: 0.050+0.13+0.020 ms clock, 0.20+0/0.096/0.12+0.081 ms cpu, 4->4->0 MB, 7 MB goal, 4 P (forced)
gc 730 @32.857s 1%: 0.009+4.4+0.019 ms clock, 0.039+0.12/1.2/0.88+0.079 ms cpu, 4->4->4 MB, 5 MB goal, 4 P
gc 731 @32.922s 1%: 0.026+0.12+0.040 ms clock, 0.10+0/0.095/0.086+0.16 ms cpu, 4->4->0 MB, 8 MB goal, 4 P (forced)
gc 732 @32.935s 1%: 0.010+1.3+0.021 ms clock, 0.043+0.24/1.2/0.86+0.087 ms cpu, 4->4->3 MB, 5 MB goal, 4 P
gc 733 @33.002s 1%: 0.047+0.11+0.024 ms clock, 0.18+0/0.10/0.11+0.097 ms cpu, 4->4->0 MB, 7 MB goal, 4 P (forced)
gc 734 @33.016s 1%: 0.008+1.0+0.022 ms clock, 0.035+0.13/1.0/1.1+0.089 ms cpu, 4->4->3 MB, 5 MB goal, 4 P
gc 735 @33.080s 1%: 0.10+0.10+0.019 ms clock, 0.41+0/0.083/0.15+0.076 ms cpu, 4->4->0 MB, 7 MB goal, 4 P (forced)
gc 736 @33.093s 1%: 0.010+1.0+0.023 ms clock, 0.040+0.22/0.98/1.3+0.095 ms cpu, 4->4->3 MB, 5 MB goal, 4 P
gc 737 @33.191s 1%: 0.040+0.13+0.059 ms clock, 0.16+0/0.060/0.13+0.23 ms cpu, 4->4->0 MB, 7 MB goal, 4 P (forced)
gc 738 @33.227s 1%: 0.018+2.4+0.071 ms clock, 0.072+0.25/2.3/1.2+0.28 ms cpu, 4->4->3 MB, 5 MB goal, 4 P
gc 739 @33.321s 1%: 0.067+0.095+0.022 ms clock, 0.27+0/0.086/0.12+0.091 ms cpu, 4->4->0 MB, 7 MB goal, 4 P (forced)
gc 740 @33.334s 1%: 0.009+1.6+0.097 ms clock, 0.038+0.43/1.6/1.0+0.38 ms cpu, 4->4->3 MB, 5 MB goal, 4 P
gc 741 @33.397s 1%: 0.020+0.10+0.032 ms clock, 0.080+0/0.080/0.14+0.12 ms cpu, 4->4->0 MB, 7 MB goal, 4 P (forced)
gc 742 @33.410s 1%: 0.008+1.3+0.016 ms clock, 0.034+0.21/1.2/0.91+0.067 ms cpu, 4->4->3 MB, 5 MB goal, 4 P
gc 743 @33.470s 1%: 0.034+0.089+0.030 ms clock, 0.13+0/0.078/0.13+0.12 ms cpu, 4->4->0 MB, 7 MB goal, 4 P (forced)
gc 744 @33.483s 1%: 0.009+1.1+0.099 ms clock, 0.038+0.12/1.1/1.4+0.39 ms cpu, 4->4->3 MB, 5 MB goal, 4 P
gc 745 @33.549s 1%: 0.021+0.10+0.029 ms clock, 0.084+0/0.084/0.16+0.11 ms cpu, 4->4->0 MB, 7 MB goal, 4 P (forced)
gc 746 @33.573s 1%: 0.014+1.2+0.022 ms clock, 0.059+0.25/1.1/1.6+0.091 ms cpu, 4->4->3 MB, 5 MB goal, 4 P
gc 747 @33.637s 1%: 0.019+0.10+0.023 ms clock, 0.078+0/0.079/0.16+0.093 ms cpu, 4->4->0 MB, 7 MB goal, 4 P (forced)
gc 748 @33.662s 1%: 0.020+1.5+0.073 ms clock, 0.083+0.24/1.5/1.2+0.29 ms cpu, 4->4->3 MB, 5 MB goal, 4 P
gc 749 @33.723s 1%: 0.035+0.11+0.042 ms clock, 0.14+0/0.081/0.099+0.16 ms cpu, 4->4->0 MB, 7 MB goal, 4 P (forced)
gc 750 @33.747s 1%: 0.016+1.9+0.093 ms clock, 0.066+0.10/1.8/2.4+0.37 ms cpu, 4->4->3 MB, 5 MB goal, 4 P
gc 751 @33.817s 1%: 0.020+0.098+0.021 ms clock, 0.081+0/0.084/0.14+0.084 ms cpu, 4->4->0 MB, 7 MB goal, 4 P (forced)
gc 752 @33.830s 1%: 0.010+1.0+0.021 ms clock, 0.040+0.10/0.94/1.6+0.085 ms cpu, 4->4->3 MB, 5 MB goal, 4 P
gc 753 @33.895s 1%: 0.025+0.13+0.10 ms clock, 0.10+0/0.10/0.098+0.40 ms cpu, 4->4->0 MB, 7 MB goal, 4 P (forced)
gc 754 @33.910s 1%: 0.010+1.0+0.016 ms clock, 0.041+0.21/0.95/1.4+0.065 ms cpu, 4->4->3 MB, 5 MB goal, 4 P
gc 755 @33.976s 1%: 0.019+0.11+0.027 ms clock, 0.076+0/0.086/0.15+0.10 ms cpu, 4->4->0 MB, 7 MB goal, 4 P (forced)
gc 756 @33.990s 1%: 0.010+1.1+0.016 ms clock, 0.040+0.22/1.0/1.3+0.065 ms cpu, 4->4->3 MB, 5 MB goal, 4 P
  100000	       759 ns/op	      48 B/op	       0 allocs/op
gc 757 @34.054s 1%: 0.018+0.16+0.030 ms clock, 0.075+0/0.12/0.11+0.12 ms cpu, 4->4->0 MB, 7 MB goal, 4 P (forced)
gc 758 @34.067s 1%: 0.012+2.7+0.10 ms clock, 0.050+0.38/2.3/0.20+0.40 ms cpu, 4->4->4 MB, 5 MB goal, 4 P
BenchmarkSysHashMapInsertStruct1E5-4                  	gc 759 @34.082s 1%: 0.008+0.10+0.039 ms clock, 0.034+0/0.080/0.15+0.15 ms cpu, 5->5->0 MB, 8 MB goal, 4 P (forced)
gc 760 @34.095s 1%: 0.014+2.4+0.044 ms clock, 0.057+0.35/2.0/0.17+0.17 ms cpu, 4->4->4 MB, 5 MB goal, 4 P
gc 761 @34.110s 1%: 0.029+0.088+0.051 ms clock, 0.11+0/0.063/0.16+0.20 ms cpu, 5->5->0 MB, 8 MB goal, 4 P (forced)
gc 762 @34.123s 1%: 0.014+19+0.067 ms clock, 0.059+3.3/0.22/0.18+0.26 ms cpu, 4->5->4 MB, 5 MB goal, 4 P
gc 763 @34.151s 1%: 0.013+0.15+0.020 ms clock, 0.055+0/0.11/0.19+0.082 ms cpu, 5->5->0 MB, 9 MB goal, 4 P (forced)
gc 764 @34.166s 1%: 0.012+2.3+0.054 ms clock, 0.051+0.32/2.0/0.18+0.21 ms cpu, 4->4->4 MB, 5 MB goal, 4 P
gc 765 @34.181s 1%: 0.008+0.10+0.019 ms clock, 0.032+0/0.084/0.16+0.077 ms cpu, 5->5->0 MB, 8 MB goal, 4 P (forced)
gc 766 @34.195s 1%: 0.013+2.4+0.054 ms clock, 0.052+0.31/2.1/0.18+0.21 ms cpu, 4->4->4 MB, 5 MB goal, 4 P
gc 767 @34.208s 1%: 0.042+0.089+0.096 ms clock, 0.17+0/0.067/0.15+0.38 ms cpu, 5->5->0 MB, 8 MB goal, 4 P (forced)
gc 768 @34.222s 1%: 0.013+8.7+0.10 ms clock, 0.052+0.36/2.3/0.17+0.41 ms cpu, 4->5->4 MB, 5 MB goal, 4 P
gc 769 @34.240s 1%: 0.005+0.12+0.021 ms clock, 0.023+0/0.085/0.13+0.084 ms cpu, 5->5->0 MB, 8 MB goal, 4 P (forced)
gc 770 @34.254s 1%: 0.014+2.4+0.068 ms clock, 0.059+0.32/2.1/0.16+0.27 ms cpu, 4->4->4 MB, 5 MB goal, 4 P
gc 771 @34.267s 1%: 0.008+0.13+0.027 ms clock, 0.032+0/0.10/0.12+0.11 ms cpu, 5->5->0 MB, 8 MB goal, 4 P (forced)
gc 772 @34.282s 1%: 0.015+2.7+0.12 ms clock, 0.063+0.36/2.4/0.20+0.50 ms cpu, 4->4->4 MB, 5 MB goal, 4 P
gc 773 @34.296s 1%: 0.046+0.093+0.029 ms clock, 0.18+0/0.073/0.15+0.11 ms cpu, 5->5->0 MB, 8 MB goal, 4 P (forced)
gc 774 @34.310s 1%: 0.015+7.1+0.052 ms clock, 0.063+0.35/2.3/0.18+0.20 ms cpu, 4->5->4 MB, 5 MB goal, 4 P
gc 775 @34.340s 1%: 0.024+0.14+0.031 ms clock, 0.099+0/0.12/0.23+0.12 ms cpu, 5->5->0 MB, 8 MB goal, 4 P (forced)
gc 776 @34.362s 1%: 0.020+3.7+0.064 ms clock, 0.081+0.42/3.3/0.21+0.25 ms cpu, 4->4->4 MB, 5 MB goal, 4 P
gc 777 @34.382s 1%: 0.058+0.12+0.019 ms clock, 0.23+0/0.097/0.21+0.079 ms cpu, 5->5->0 MB, 8 MB goal, 4 P (forced)
gc 778 @34.396s 1%: 0.012+19+0.050 ms clock, 0.051+3.0/0.41/0.18+0.20 ms cpu, 4->5->4 MB, 5 MB goal, 4 P
gc 779 @34.421s 1%: 0.006+0.081+0.017 ms clock, 0.027+0/0.068/0.16+0.069 ms cpu, 5->5->0 MB, 9 MB goal, 4 P (forced)
gc 780 @34.434s 1%: 0.014+2.4+0.045 ms clock, 0.057+0.36/2.0/0.20+0.18 ms cpu, 4->4->4 MB, 5 MB goal, 4 P
gc 781 @34.450s 1%: 0.033+0.087+0.037 ms clock, 0.13+0/0.069/0.16+0.15 ms cpu, 5->5->0 MB, 8 MB goal, 4 P (forced)
gc 782 @34.463s 1%: 0.016+2.5+0.019 ms clock, 0.065+0.38/2.1/0.19+0.078 ms cpu, 4->4->4 MB, 5 MB goal, 4 P
gc 783 @34.478s 1%: 0.016+0.098+0.051 ms clock, 0.064+0/0.087/0.16+0.20 ms cpu, 5->5->0 MB, 8 MB goal, 4 P (forced)
gc 784 @34.491s 1%: 0.016+2.5+0.033 ms clock, 0.064+0.41/2.1/0.14+0.13 ms cpu, 4->4->4 MB, 5 MB goal, 4 P
  100000	       259 ns/op	      66 B/op	       1 allocs/op
gc 785 @34.506s 1%: 0.027+0.095+0.036 ms clock, 0.10+0/0.076/0.14+0.14 ms cpu, 5->5->0 MB, 8 MB goal, 4 P (forced)
gc 786 @34.509s 1%: 0.009+0.78+0.033 ms clock, 0.038+0/0.42/0.44+0.13 ms cpu, 4->4->3 MB, 5 MB goal, 4 P
BenchmarkSysHashMapEraseStruct1E5-4                   	gc 787 @34.534s 1%: 0.020+0.12+0.022 ms clock, 0.083+0/0.087/0.074+0.091 ms cpu, 6->6->0 MB, 7 MB goal, 4 P (forced)
gc 788 @34.537s 1%: 0.011+0.91+0.16 ms clock, 0.045+0/0.059/0.94+0.66 ms cpu, 4->4->3 MB, 5 MB goal, 4 P
gc 789 @34.561s 1%: 0.027+0.091+0.017 ms clock, 0.10+0/0.069/0.14+0.071 ms cpu, 6->6->0 MB, 7 MB goal, 4 P (forced)
gc 790 @34.565s 1%: 0.007+0.73+0.017 ms clock, 0.031+0/0.040/0.83+0.069 ms cpu, 4->4->3 MB, 5 MB goal, 4 P
gc 791 @34.588s 1%: 0.008+0.11+0.023 ms clock, 0.032+0/0.074/0.14+0.094 ms cpu, 6->6->0 MB, 7 MB goal, 4 P (forced)
gc 792 @34.592s 1%: 0.009+0.75+0.021 ms clock, 0.038+0/0.72/0.13+0.084 ms cpu, 4->4->3 MB, 5 MB goal, 4 P
gc 793 @34.630s 1%: 0.011+0.14+0.032 ms clock, 0.044+0/0.13/0.22+0.12 ms cpu, 6->6->0 MB, 7 MB goal, 4 P (forced)
gc 794 @34.639s 1%: 0.019+1.7+1.2 ms clock, 0.079+0/1.0/0.87+4.8 ms cpu, 4->4->3 MB, 5 MB goal, 4 P
gc 795 @34.673s 1%: 0.006+0.10+0.053 ms clock, 0.025+0/0.080/0.15+0.21 ms cpu, 6->6->0 MB, 7 MB goal, 4 P (forced)
gc 796 @34.677s 1%: 0.011+0.84+0.019 ms clock, 0.047+0/0.77/0.17+0.076 ms cpu, 4->4->3 MB, 5 MB goal, 4 P
gc 797 @34.701s 1%: 0.005+0.095+0.021 ms clock, 0.022+0/0.081/0.15+0.085 ms cpu, 6->6->0 MB, 7 MB goal, 4 P (forced)
gc 798 @34.704s 1%: 0.007+0.75+0.026 ms clock, 0.031+0/0.67/0.19+0.10 ms cpu, 4->4->3 MB, 5 MB goal, 4 P
gc 799 @34.727s 1%: 0.005+0.087+0.018 ms clock, 0.023+0/0.073/0.15+0.075 ms cpu, 6->6->0 MB, 7 MB goal, 4 P (forced)
gc 800 @34.731s 1%: 0.010+0.86+0.030 ms clock, 0.041+0/0.43/0.51+0.12 ms cpu, 4->4->3 MB, 5 MB goal, 4 P
gc 801 @34.759s 1%: 0.028+0.087+0.024 ms clock, 0.11+0/0.067/0.14+0.099 ms cpu, 6->6->0 MB, 7 MB goal, 4 P (forced)
gc 802 @34.763s 1%: 0.009+0.91+0.020 ms clock, 0.036+0/0.39/0.64+0.081 ms cpu, 4->4->3 MB, 5 MB goal, 4 P
gc 803 @34.794s 1%: 0.024+0.089+0.028 ms clock, 0.096+0/0.068/0.15+0.11 ms cpu, 6->6->0 MB, 7 MB goal, 4 P (forced)
gc 804 @34.798s 1%: 0.010+0.75+0.043 ms clock, 0.042+0/0.68/0.18+0.17 ms cpu, 4->4->3 MB, 5 MB goal, 4 P
gc 805 @34.822s 1%: 0.025+0.094+0.016 ms clock, 0.10+0/0.072/0.14+0.065 ms cpu, 6->6->0 MB, 7 MB goal, 4 P (forced)
gc 806 @34.826s 1%: 0.009+0.74+0.033 ms clock, 0.036+0/0.64/0.19+0.13 ms cpu, 4->4->3 MB, 5 MB goal, 4 P
gc 807 @34.850s 1%: 0.024+0.088+0.025 ms clock, 0.098+0/0.067/0.11+0.10 ms cpu, 6->6->0 MB, 7 MB goal, 4 P (forced)
gc 808 @34.854s 1%: 0.010+2.1+0.024 ms clock, 0.040+0/0.64/0.20+0.097 ms cpu, 4->4->3 MB, 5 MB goal, 4 P
  100000	        75.6 ns/op	      32 B/op	       0 allocs/op
gc 809 @34.879s 1%: 0.024+0.10+0.023 ms clock, 0.096+0/0.074/0.12+0.092 ms cpu, 6->6->0 MB, 7 MB goal, 4 P (forced)
gc 810 @34.884s 1%: 0.013+0.86+0.039 ms clock, 0.054+0/0.063/0.87+0.15 ms cpu, 4->4->3 MB, 5 MB goal, 4 P
BenchmarkSysHashMapFindStruct1E5-4                    	gc 811 @34.906s 1%: 0.027+0.11+0.026 ms clock, 0.11+0/0.075/0.12+0.10 ms cpu, 6->6->0 MB, 7 MB goal, 4 P (forced)
gc 812 @34.912s 1%: 0.015+0.83+0.022 ms clock, 0.061+0/0.43/0.50+0.089 ms cpu, 4->4->3 MB, 5 MB goal, 4 P
gc 813 @34.935s 1%: 0.005+0.093+0.021 ms clock, 0.022+0/0.075/0.14+0.084 ms cpu, 6->6->0 MB, 7 MB goal, 4 P (forced)
gc 814 @34.940s 1%: 0.009+0.95+0.026 ms clock, 0.038+0/0.43/0.63+0.10 ms cpu, 4->4->3 MB, 5 MB goal, 4 P
gc 815 @34.964s 1%: 0.007+0.096+0.019 ms clock, 0.029+0/0.075/0.16+0.077 ms cpu, 6->6->0 MB, 7 MB goal, 4 P (forced)
gc 816 @34.968s 1%: 0.009+0.80+0.030 ms clock, 0.038+0/0.046/0.82+0.12 ms cpu, 4->4->3 MB, 5 MB goal, 4 P
gc 817 @34.991s 1%: 0.005+0.10+0.032 ms clock, 0.022+0/0.088/0.14+0.13 ms cpu, 6->6->0 MB, 7 MB goal, 4 P (forced)
gc 818 @34.994s 1%: 0.009+1.1+0.016 ms clock, 0.036+0/0.085/1.1+0.067 ms cpu, 4->4->3 MB, 5 MB goal, 4 P
gc 819 @35.016s 1%: 0.004+0.099+0.031 ms clock, 0.019+0/0.077/0.16+0.12 ms cpu, 6->6->0 MB, 7 MB goal, 4 P (forced)
gc 820 @35.020s 1%: 0.008+0.75+0.024 ms clock, 0.035+0/0.68/0.17+0.096 ms cpu, 4->4->3 MB, 5 MB goal, 4 P
gc 821 @35.042s 1%: 0.007+0.098+0.019 ms clock, 0.030+0/0.077/0.16+0.076 ms cpu, 6->6->0 MB, 7 MB goal, 4 P (forced)
gc 822 @35.048s 1%: 0.017+3.9+0.083 ms clock, 0.070+0/1.2/0.30+0.33 ms cpu, 4->4->3 MB, 5 MB goal, 4 P
gc 823 @35.085s 1%: 0.051+0.12+0.033 ms clock, 0.20+0/0.096/0.20+0.13 ms cpu, 6->6->0 MB, 7 MB goal, 4 P (forced)
gc 824 @35.092s 1%: 0.011+1.1+0.030 ms clock, 0.046+0/0.66/0.65+0.12 ms cpu, 4->4->3 MB, 5 MB goal, 4 P
gc 825 @35.124s 1%: 0.009+0.12+0.077 ms clock, 0.036+0/0.088/0.19+0.31 ms cpu, 6->6->0 MB, 7 MB goal, 4 P (forced)
gc 826 @35.132s 1%: 0.022+0.94+0.033 ms clock, 0.091+0/0.82/0.26+0.13 ms cpu, 4->4->3 MB, 5 MB goal, 4 P
gc 827 @35.159s 1%: 0.041+0.13+0.022 ms clock, 0.16+0/0.089/0.17+0.091 ms cpu, 6->6->0 MB, 7 MB goal, 4 P (forced)
gc 828 @35.165s 1%: 0.010+0.94+0.023 ms clock, 0.042+0/0.82/0.20+0.095 ms cpu, 4->4->3 MB, 5 MB goal, 4 P
gc 829 @35.190s 1%: 0.005+0.10+0.035 ms clock, 0.023+0/0.090/0.15+0.14 ms cpu, 6->6->0 MB, 7 MB goal, 4 P (forced)
gc 830 @35.194s 1%: 0.009+1.2+0.026 ms clock, 0.038+0/1.2/0.20+0.10 ms cpu, 4->4->3 MB, 5 MB goal, 4 P
  100000	        56.8 ns/op	      32 B/op	       0 allocs/op
gc 831 @35.218s 1%: 0.018+0.15+0.036 ms clock, 0.075+0/0.10/0.094+0.14 ms cpu, 6->6->0 MB, 7 MB goal, 4 P (forced)
BenchmarkSysHashMapInsertAndEraseStruct1E5-4          	gc 832 @35.227s 1%: 0.020+0.12+0.039 ms clock, 0.082+0/0.10/0.10+0.15 ms cpu, 0->0->0 MB, 4 MB goal, 4 P (forced)
gc 833 @35.236s 1%: 0.009+0.089+0.017 ms clock, 0.036+0/0.057/0.16+0.071 ms cpu, 0->0->0 MB, 4 MB goal, 4 P (forced)
gc 834 @35.245s 1%: 0.012+0.10+0.038 ms clock, 0.050+0/0.10/0.087+0.15 ms cpu, 0->0->0 MB, 4 MB goal, 4 P (forced)
gc 835 @35.254s 1%: 0.024+0.11+0.050 ms clock, 0.097+0/0.040/0.14+0.20 ms cpu, 0->0->0 MB, 4 MB goal, 4 P (forced)
gc 836 @35.263s 1%: 0.003+0.080+0.017 ms clock, 0.015+0/0.068/0.10+0.071 ms cpu, 0->0->0 MB, 4 MB goal, 4 P (forced)
gc 837 @35.272s 1%: 0.014+0.36+0.034 ms clock, 0.059+0/0.082/0.076+0.13 ms cpu, 0->0->0 MB, 4 MB goal, 4 P (forced)
gc 838 @35.282s 1%: 0.005+0.10+0.094 ms clock, 0.020+0/0.078/0.14+0.37 ms cpu, 0->0->0 MB, 4 MB goal, 4 P (forced)
gc 839 @35.291s 1%: 0.004+0.087+0.032 ms clock, 0.018+0/0.060/0.15+0.12 ms cpu, 0->0->0 MB, 4 MB goal, 4 P (forced)
gc 840 @35.300s 1%: 0.004+0.10+0.018 ms clock, 0.017+0/0.081/0.093+0.073 ms cpu, 0->0->0 MB, 4 MB goal, 4 P (forced)
gc 841 @35.309s 1%: 0.027+0.11+0.038 ms clock, 0.11+0/0.097/0.085+0.15 ms cpu, 0->0->0 MB, 4 MB goal, 4 P (forced)
gc 842 @35.318s 1%: 0.024+0.092+0.016 ms clock, 0.099+0/0.067/0.13+0.065 ms cpu, 0->0->0 MB, 4 MB goal, 4 P (forced)
  100000	        87.0 ns/op	       7 B/op	       0 allocs/op
gc 843 @35.327s 1%: 0.006+0.097+0.035 ms clock, 0.024+0/0.076/0.13+0.14 ms cpu, 0->0->0 MB, 4 MB goal, 4 P (forced)
BenchmarkSysHashMapInsertAndEraseStructWithBuf1E5-4   	gc 844 @35.336s 1%: 0.007+0.39+0.073 ms clock, 0.029+0/0.098/0.46+0.29 ms cpu, 1->1->0 MB, 4 MB goal, 4 P (forced)
gc 845 @35.345s 1%: 0.005+0.094+0.032 ms clock, 0.020+0/0.064/0.12+0.12 ms cpu, 1->1->0 MB, 4 MB goal, 4 P (forced)
gc 846 @35.353s 1%: 0.007+0.091+0.019 ms clock, 0.028+0/0.068/0.14+0.078 ms cpu, 1->1->0 MB, 4 MB goal, 4 P (forced)
gc 847 @35.365s 1%: 0.010+0.085+0.017 ms clock, 0.040+0/0.063/0.16+0.070 ms cpu, 1->1->0 MB, 4 MB goal, 4 P (forced)
gc 848 @35.373s 1%: 0.006+0.12+0.056 ms clock, 0.025+0/0.048/0.15+0.22 ms cpu, 1->1->0 MB, 4 MB goal, 4 P (forced)
gc 849 @35.382s 1%: 0.024+0.084+0.021 ms clock, 0.096+0/0.069/0.13+0.084 ms cpu, 1->1->0 MB, 4 MB goal, 4 P (forced)
gc 850 @35.391s 1%: 0.004+0.086+0.017 ms clock, 0.019+0/0.076/0.12+0.071 ms cpu, 1->1->0 MB, 4 MB goal, 4 P (forced)
gc 851 @35.399s 1%: 0.007+0.098+0.017 ms clock, 0.028+0/0.033/0.13+0.071 ms cpu, 1->1->0 MB, 4 MB goal, 4 P (forced)
gc 852 @35.407s 1%: 0.006+0.10+0.018 ms clock, 0.025+0/0.091/0.084+0.073 ms cpu, 1->1->0 MB, 4 MB goal, 4 P (forced)
gc 853 @35.415s 1%: 0.014+0.12+0.021 ms clock, 0.059+0/0.098/0.15+0.086 ms cpu, 1->1->0 MB, 4 MB goal, 4 P (forced)
gc 854 @35.424s 1%: 0.007+0.11+0.040 ms clock, 0.028+0/0.036/0.14+0.16 ms cpu, 1->1->0 MB, 4 MB goal, 4 P (forced)
  100000	        77.1 ns/op	      18 B/op	       0 allocs/op
gc 855 @35.432s 1%: 0.004+0.10+0.023 ms clock, 0.019+0/0.079/0.073+0.095 ms cpu, 1->1->0 MB, 4 MB goal, 4 P (forced)
gc 856 @35.446s 1%: 0.015+7.4+0.049 ms clock, 0.060+0.060/7.3/0.53+0.19 ms cpu, 5->5->3 MB, 6 MB goal, 4 P
gc 857 @35.467s 1%: 0.016+13+0.033 ms clock, 0.066+0.54/12/1.7+0.13 ms cpu, 8->8->7 MB, 9 MB goal, 4 P
BenchmarkSyncMapInsert1E5-4                           	gc 858 @35.505s 1%: 0.041+0.13+0.049 ms clock, 0.16+0/0.12/0.090+0.19 ms cpu, 9->9->0 MB, 14 MB goal, 4 P (forced)
gc 859 @35.528s 1%: 0.019+4.3+0.031 ms clock, 0.079+0.56/4.2/3.8+0.12 ms cpu, 5->5->3 MB, 6 MB goal, 4 P
gc 860 @35.557s 1%: 0.013+24+0.054 ms clock, 0.053+2.1/10/0.10+0.21 ms cpu, 8->8->7 MB, 9 MB goal, 4 P
gc 861 @35.622s 1%: 0.017+19+0.11 ms clock, 0.070+0.11/18/17+0.46 ms cpu, 9->9->7 MB, 14 MB goal, 4 P
gc 862 @35.641s 1%: 2.2+0.12+0.035 ms clock, 9.0+0/0.090/0.18+0.14 ms cpu, 7->7->0 MB, 14 MB goal, 4 P (forced)
gc 863 @35.659s 1%: 0.016+6.3+0.024 ms clock, 0.066+0.046/6.0/1.2+0.099 ms cpu, 5->5->3 MB, 6 MB goal, 4 P
gc 864 @35.678s 1%: 0.016+13+0.029 ms clock, 0.066+0.36/12/0.21+0.11 ms cpu, 8->8->7 MB, 9 MB goal, 4 P
gc 865 @35.719s 1%: 0.032+0.095+0.019 ms clock, 0.13+0/0.078/0.16+0.078 ms cpu, 9->9->0 MB, 14 MB goal, 4 P (forced)
gc 866 @35.733s 1%: 0.013+5.3+0.031 ms clock, 0.053+0.59/5.2/1.7+0.12 ms cpu, 5->5->3 MB, 6 MB goal, 4 P
gc 867 @35.752s 1%: 0.013+12+0.032 ms clock, 0.052+0.055/12/0.44+0.13 ms cpu, 8->8->7 MB, 9 MB goal, 4 P
gc 868 @35.785s 1%: 0.011+13+0.016 ms clock, 0.046+0.081/11/18+0.067 ms cpu, 9->9->7 MB, 14 MB goal, 4 P
gc 869 @35.799s 1%: 0.011+0.89+0.022 ms clock, 0.044+0/0.10/0.12+0.088 ms cpu, 7->7->0 MB, 14 MB goal, 4 P (forced)
gc 870 @35.813s 1%: 0.013+6.4+0.066 ms clock, 0.053+0.52/6.2/1.1+0.26 ms cpu, 5->5->3 MB, 6 MB goal, 4 P
gc 871 @35.834s 1%: 0.014+9.3+0.059 ms clock, 0.056+0.62/9.2/12+0.23 ms cpu, 8->8->7 MB, 9 MB goal, 4 P
gc 872 @35.869s 1%: 0.040+0.096+0.032 ms clock, 0.16+0/0.079/0.13+0.12 ms cpu, 9->9->0 MB, 14 MB goal, 4 P (forced)
gc 873 @35.893s 1%: 0.017+4.6+0.096 ms clock, 0.070+0.32/4.1/5.0+0.38 ms cpu, 5->5->3 MB, 6 MB goal, 4 P
gc 874 @35.912s 1%: 0.012+13+0.053 ms clock, 0.051+0.34/13/0.20+0.21 ms cpu, 8->8->7 MB, 9 MB goal, 4 P
gc 875 @35.953s 1%: 0.011+14+0.036 ms clock, 0.046+0.098/14/9.4+0.14 ms cpu, 9->9->7 MB, 14 MB goal, 4 P
gc 876 @35.969s 1%: 0.009+0.86+0.051 ms clock, 0.038+0/0.11/0.10+0.20 ms cpu, 7->7->0 MB, 14 MB goal, 4 P (forced)
gc 877 @35.984s 1%: 0.012+6.0+0.055 ms clock, 0.049+0.29/5.9/0.60+0.22 ms cpu, 5->5->3 MB, 6 MB goal, 4 P
gc 878 @36.003s 1%: 0.017+12+0.036 ms clock, 0.068+0.058/12/0.19+0.14 ms cpu, 8->8->7 MB, 9 MB goal, 4 P
gc 879 @36.039s 1%: 0.043+0.085+0.018 ms clock, 0.17+0/0.068/0.16+0.075 ms cpu, 9->9->0 MB, 14 MB goal, 4 P (forced)
gc 880 @36.053s 1%: 0.014+4.5+0.026 ms clock, 0.056+0.57/4.3/5.7+0.10 ms cpu, 5->5->3 MB, 6 MB goal, 4 P
gc 881 @36.083s 1%: 0.018+14+0.026 ms clock, 0.073+0.34/13/0.77+0.10 ms cpu, 8->8->7 MB, 9 MB goal, 4 P
gc 882 @36.117s 1%: 0.012+17+0.062 ms clock, 0.049+0.37/8.6/14+0.24 ms cpu, 9->9->7 MB, 14 MB goal, 4 P
gc 883 @36.135s 1%: 0.027+0.12+0.041 ms clock, 0.10+0/0.10/0.095+0.16 ms cpu, 7->7->0 MB, 14 MB goal, 4 P (forced)
gc 884 @36.149s 1%: 0.017+7.4+0.040 ms clock, 0.068+0.12/7.4/0+0.16 ms cpu, 5->5->3 MB, 6 MB goal, 4 P
gc 885 @36.171s 1%: 0.014+13+0.029 ms clock, 0.057+0.40/13/0.15+0.11 ms cpu, 8->8->7 MB, 9 MB goal, 4 P
gc 886 @36.209s 1%: 0.018+0.12+0.020 ms clock, 0.073+0/0.093/0.093+0.083 ms cpu, 9->9->0 MB, 14 MB goal, 4 P (forced)
gc 887 @36.223s 1%: 0.014+4.5+0.029 ms clock, 0.056+0.61/4.5/4.6+0.11 ms cpu, 5->5->3 MB, 6 MB goal, 4 P
gc 888 @36.243s 1%: 0.016+14+0.080 ms clock, 0.064+0.37/12/0.14+0.32 ms cpu, 8->8->7 MB, 9 MB goal, 4 P
gc 889 @36.281s 1%: 0.013+16+0.062 ms clock, 0.053+0.32/14/14+0.25 ms cpu, 9->9->7 MB, 14 MB goal, 4 P
gc 890 @36.299s 1%: 0.17+0.71+0.021 ms clock, 0.71+0/0.092/1.3+0.086 ms cpu, 7->7->0 MB, 14 MB goal, 4 P (forced)
gc 891 @36.313s 1%: 0.013+6.4+0.041 ms clock, 0.054+0.29/6.3/0.60+0.16 ms cpu, 5->5->3 MB, 6 MB goal, 4 P
gc 892 @36.334s 1%: 0.012+13+0.034 ms clock, 0.050+0.084/13/0.13+0.13 ms cpu, 8->8->7 MB, 9 MB goal, 4 P
gc 893 @36.371s 1%: 0.061+0.10+0.022 ms clock, 0.24+0/0.091/0.16+0.088 ms cpu, 9->9->0 MB, 14 MB goal, 4 P (forced)
gc 894 @36.385s 2%: 0.013+5.8+0.031 ms clock, 0.054+0.51/5.6/1.8+0.12 ms cpu, 5->5->3 MB, 6 MB goal, 4 P
gc 895 @36.406s 2%: 0.012+13+0.063 ms clock, 0.049+0.32/13/0.68+0.25 ms cpu, 8->8->7 MB, 9 MB goal, 4 P
gc 896 @36.441s 2%: 0.011+17+0.045 ms clock, 0.047+0.10/16/23+0.18 ms cpu, 9->9->7 MB, 14 MB goal, 4 P
gc 897 @36.459s 2%: 0.016+0.13+0.028 ms clock, 0.066+0/0.10/0.10+0.11 ms cpu, 7->7->0 MB, 14 MB goal, 4 P (forced)
gc 898 @36.473s 2%: 0.017+6.0+0.029 ms clock, 0.068+0.54/5.7/7.8+0.11 ms cpu, 5->5->3 MB, 6 MB goal, 4 P
gc 899 @36.494s 2%: 0.017+29+0.058 ms clock, 0.071+0.055/29/0.43+0.23 ms cpu, 8->8->7 MB, 9 MB goal, 4 P
gc 900 @36.547s 2%: 0.014+0.13+0.027 ms clock, 0.056+0/0.10/0.24+0.10 ms cpu, 9->9->0 MB, 14 MB goal, 4 P (forced)
gc 901 @36.562s 2%: 0.017+9.8+0.048 ms clock, 0.070+0.070/9.7/3.9+0.19 ms cpu, 5->5->3 MB, 6 MB goal, 4 P
gc 902 @36.587s 2%: 0.016+27+0.034 ms clock, 0.067+0.99/27/10+0.13 ms cpu, 8->8->7 MB, 9 MB goal, 4 P
gc 903 @36.634s 2%: 0.013+17+0.070 ms clock, 0.055+0.082/15/22+0.28 ms cpu, 9->9->7 MB, 14 MB goal, 4 P
gc 904 @36.653s 2%: 0.025+0.10+0.019 ms clock, 0.10+0/0.076/0.16+0.076 ms cpu, 7->7->0 MB, 14 MB goal, 4 P (forced)
gc 905 @36.668s 2%: 0.013+5.9+0.046 ms clock, 0.054+0.28/5.7/0.83+0.18 ms cpu, 5->5->3 MB, 6 MB goal, 4 P
gc 906 @36.687s 2%: 0.013+21+0.077 ms clock, 0.054+0.039/20/0.19+0.31 ms cpu, 8->8->7 MB, 9 MB goal, 4 P
gc 907 @36.747s 2%: 0.016+0.16+0.021 ms clock, 0.064+0/0.14/0.30+0.086 ms cpu, 9->9->0 MB, 14 MB goal, 4 P (forced)
gc 908 @36.763s 2%: 0.013+3.6+0.026 ms clock, 0.053+0.48/3.2/6.8+0.10 ms cpu, 5->5->3 MB, 6 MB goal, 4 P
gc 909 @36.781s 2%: 0.015+12+0.038 ms clock, 0.060+0.30/12/0.83+0.15 ms cpu, 8->8->7 MB, 9 MB goal, 4 P
gc 910 @36.812s 2%: 0.012+15+0.10 ms clock, 0.051+0.091/15/12+0.43 ms cpu, 9->9->7 MB, 14 MB goal, 4 P
  100000	       713 ns/op	     129 B/op	       4 allocs/op
gc 911 @36.829s 2%: 0.008+0.14+0.024 ms clock, 0.033+0/0.054/0.17+0.097 ms cpu, 7->7->0 MB, 14 MB goal, 4 P (forced)
gc 912 @36.841s 2%: 0.012+6.9+0.072 ms clock, 0.048+4.5/0.50/0.082+0.28 ms cpu, 4->4->2 MB, 5 MB goal, 4 P
gc 913 @36.859s 2%: 0.021+16+0.050 ms clock, 0.085+3.5/7.9/0.15+0.20 ms cpu, 4->4->3 MB, 5 MB goal, 4 P
gc 914 @36.884s 2%: 0.014+10+0.041 ms clock, 0.056+0.63/10/5.5+0.16 ms cpu, 8->8->7 MB, 9 MB goal, 4 P
BenchmarkSyncMapErase1E5-4                            	gc 915 @36.945s 2%: 0.026+0.13+0.027 ms clock, 0.10+0/0.085/0.14+0.10 ms cpu, 10->10->0 MB, 15 MB goal, 4 P (forced)
gc 916 @36.958s 2%: 0.011+2.7+0.040 ms clock, 0.046+0.55/2.6/5.0+0.16 ms cpu, 4->4->2 MB, 5 MB goal, 4 P
gc 917 @36.969s 2%: 0.011+6.5+0.030 ms clock, 0.044+0.099/6.4/0.33+0.12 ms cpu, 4->5->4 MB, 5 MB goal, 4 P
gc 918 @36.981s 2%: 0.014+19+0.069 ms clock, 0.058+0.036/19/0.59+0.27 ms cpu, 8->8->8 MB, 9 MB goal, 4 P
gc 919 @37.040s 2%: 0.068+0.20+0.057 ms clock, 0.27+0/0.085/0.30+0.22 ms cpu, 10->10->0 MB, 16 MB goal, 4 P (forced)
gc 920 @37.053s 2%: 0.012+5.1+0.081 ms clock, 0.050+2.8/2.5/0.35+0.32 ms cpu, 4->4->2 MB, 5 MB goal, 4 P
gc 921 @37.075s 2%: 0.018+7.3+0.033 ms clock, 0.072+0.13/7.1/0.40+0.13 ms cpu, 4->5->4 MB, 5 MB goal, 4 P
gc 922 @37.086s 2%: 0.015+10+0.029 ms clock, 0.061+0.29/9.9/8.9+0.11 ms cpu, 8->8->7 MB, 9 MB goal, 4 P
gc 923 @37.139s 2%: 0.038+0.11+0.020 ms clock, 0.15+0/0.076/0.20+0.082 ms cpu, 10->10->0 MB, 15 MB goal, 4 P (forced)
gc 924 @37.155s 2%: 0.011+4.3+0.045 ms clock, 0.047+0.20/4.2/0.40+0.18 ms cpu, 4->4->2 MB, 5 MB goal, 4 P
gc 925 @37.170s 2%: 0.014+7.4+0.024 ms clock, 0.056+0.41/7.4/0.16+0.098 ms cpu, 5->5->4 MB, 6 MB goal, 4 P
gc 926 @37.181s 2%: 0.012+12+0.025 ms clock, 0.048+0.039/12/0.45+0.10 ms cpu, 8->8->7 MB, 9 MB goal, 4 P
gc 927 @37.234s 2%: 0.038+0.093+0.031 ms clock, 0.15+0/0.076/0.16+0.12 ms cpu, 10->10->0 MB, 15 MB goal, 4 P (forced)
gc 928 @37.247s 2%: 0.011+3.9+0.035 ms clock, 0.047+3.9/0.64/4.7+0.14 ms cpu, 4->4->2 MB, 5 MB goal, 4 P
gc 929 @37.261s 2%: 0.012+7.4+0.026 ms clock, 0.049+0.079/7.3/0.37+0.10 ms cpu, 4->5->4 MB, 5 MB goal, 4 P
gc 930 @37.273s 2%: 0.013+19+0.070 ms clock, 0.054+0.70/12/0.14+0.28 ms cpu, 8->8->7 MB, 9 MB goal, 4 P
gc 931 @37.358s 2%: 0.010+0.13+0.095 ms clock, 0.041+0/0.11/0.096+0.38 ms cpu, 10->10->0 MB, 15 MB goal, 4 P (forced)
gc 932 @37.381s 2%: 0.020+3.9+0.031 ms clock, 0.080+1.4/3.7/0.56+0.12 ms cpu, 4->4->2 MB, 5 MB goal, 4 P
gc 933 @37.395s 2%: 0.012+15+0.048 ms clock, 0.049+7.9/0.039/0.15+0.19 ms cpu, 5->5->4 MB, 6 MB goal, 4 P
gc 934 @37.414s 2%: 0.014+13+0.034 ms clock, 0.057+0.52/13/0.47+0.13 ms cpu, 8->8->8 MB, 9 MB goal, 4 P
gc 935 @37.470s 2%: 0.038+0.096+0.021 ms clock, 0.15+0/0.077/0.15+0.085 ms cpu, 10->10->0 MB, 16 MB goal, 4 P (forced)
gc 936 @37.483s 2%: 0.012+3.5+0.025 ms clock, 0.048+1.1/3.4/0.35+0.10 ms cpu, 4->4->2 MB, 5 MB goal, 4 P
gc 937 @37.495s 2%: 0.013+6.7+0.049 ms clock, 0.053+0.29/6.4/0.16+0.19 ms cpu, 5->5->3 MB, 6 MB goal, 4 P
gc 938 @37.510s 2%: 0.017+12+0.041 ms clock, 0.068+0.085/12/0.41+0.16 ms cpu, 8->8->7 MB, 9 MB goal, 4 P
gc 939 @37.563s 2%: 0.043+0.10+0.056 ms clock, 0.17+0/0.072/0.16+0.22 ms cpu, 10->10->0 MB, 15 MB goal, 4 P (forced)
gc 940 @37.578s 2%: 0.011+3.8+0.046 ms clock, 0.047+1.1/3.7/0.23+0.18 ms cpu, 4->4->2 MB, 5 MB goal, 4 P
gc 941 @37.591s 2%: 0.012+6.7+0.050 ms clock, 0.049+0.29/6.4/0.13+0.20 ms cpu, 5->5->3 MB, 6 MB goal, 4 P
gc 942 @37.606s 2%: 0.016+17+0.041 ms clock, 0.066+0.66/10/0.16+0.16 ms cpu, 8->8->7 MB, 9 MB goal, 4 P
gc 943 @37.668s 2%: 0.010+0.15+0.029 ms clock, 0.041+0/0.11/0.11+0.11 ms cpu, 10->10->0 MB, 15 MB goal, 4 P (forced)
gc 944 @37.684s 2%: 0.010+3.3+0.037 ms clock, 0.043+1.3/3.2/0.073+0.15 ms cpu, 4->4->2 MB, 5 MB goal, 4 P
gc 945 @37.696s 2%: 0.012+7.3+0.029 ms clock, 0.051+0.26/7.2/0.36+0.11 ms cpu, 5->5->4 MB, 6 MB goal, 4 P
gc 946 @37.707s 2%: 0.013+9.2+0.027 ms clock, 0.053+0.61/9.1/13+0.10 ms cpu, 8->8->7 MB, 9 MB goal, 4 P
gc 947 @37.759s 2%: 0.008+0.11+0.022 ms clock, 0.035+0/0.090/0.12+0.090 ms cpu, 10->10->0 MB, 15 MB goal, 4 P (forced)
gc 948 @37.771s 2%: 0.012+6.1+0.10 ms clock, 0.048+2.5/4.0/0.17+0.41 ms cpu, 4->4->2 MB, 5 MB goal, 4 P
gc 949 @37.788s 2%: 0.012+15+0.073 ms clock, 0.048+2.9/9.4/0.53+0.29 ms cpu, 5->5->4 MB, 6 MB goal, 4 P
gc 950 @37.805s 2%: 0.012+12+0.032 ms clock, 0.050+0.13/12/10+0.12 ms cpu, 8->8->7 MB, 9 MB goal, 4 P
gc 951 @37.863s 2%: 0.038+0.091+0.032 ms clock, 0.15+0/0.065/0.18+0.13 ms cpu, 10->10->0 MB, 15 MB goal, 4 P (forced)
gc 952 @37.889s 2%: 0.018+3.6+0.023 ms clock, 0.075+1.3/3.5/0.47+0.093 ms cpu, 4->4->2 MB, 5 MB goal, 4 P
gc 953 @37.911s 2%: 0.020+10+0.055 ms clock, 0.081+0.10/10/1.5+0.22 ms cpu, 5->5->4 MB, 6 MB goal, 4 P
gc 954 @37.925s 2%: 0.015+12+0.030 ms clock, 0.060+0.31/12/3.4+0.12 ms cpu, 8->8->7 MB, 9 MB goal, 4 P
gc 955 @37.980s 2%: 0.007+0.11+0.034 ms clock, 0.031+0/0.082/0.17+0.13 ms cpu, 10->10->0 MB, 15 MB goal, 4 P (forced)
gc 956 @37.993s 2%: 0.012+4.0+0.050 ms clock, 0.051+0.20/3.9/0.34+0.20 ms cpu, 4->4->2 MB, 5 MB goal, 4 P
gc 957 @38.007s 2%: 0.013+11+0.051 ms clock, 0.054+0.79/11/0.44+0.20 ms cpu, 5->5->4 MB, 6 MB goal, 4 P
gc 958 @38.021s 2%: 0.014+10+0.095 ms clock, 0.058+0.84/9.9/9.9+0.38 ms cpu, 8->8->7 MB, 9 MB goal, 4 P
gc 959 @38.073s 2%: 0.043+0.12+0.12 ms clock, 0.17+0/0.079/0.13+0.51 ms cpu, 10->10->0 MB, 15 MB goal, 4 P (forced)
gc 960 @38.087s 2%: 0.011+4.2+0.048 ms clock, 0.044+1.9/2.3/0.37+0.19 ms cpu, 4->4->2 MB, 5 MB goal, 4 P
gc 961 @38.100s 2%: 0.012+7.5+0.030 ms clock, 0.048+0.50/7.4/0.088+0.12 ms cpu, 5->5->4 MB, 6 MB goal, 4 P
gc 962 @38.110s 2%: 0.011+10+0.027 ms clock, 0.047+0.35/10/8.6+0.11 ms cpu, 8->8->7 MB, 9 MB goal, 4 P
  100000	       200 ns/op	       8 B/op	       0 allocs/op
gc 963 @38.165s 2%: 0.026+0.12+0.028 ms clock, 0.10+0/0.097/0.089+0.11 ms cpu, 10->10->0 MB, 15 MB goal, 4 P (forced)
gc 964 @38.193s 2%: 0.020+3.7+0.053 ms clock, 0.081+1.5/3.6/0.11+0.21 ms cpu, 4->4->2 MB, 5 MB goal, 4 P
gc 965 @38.209s 2%: 0.011+8.0+0.033 ms clock, 0.047+0.88/7.9/3.6+0.13 ms cpu, 5->5->4 MB, 6 MB goal, 4 P
gc 966 @38.222s 2%: 0.013+12+0.038 ms clock, 0.052+0.55/12/1.5+0.15 ms cpu, 8->8->7 MB, 9 MB goal, 4 P
BenchmarkSyncMapFind1E5-4                             	gc 967 @38.277s 2%: 0.007+0.12+0.022 ms clock, 0.028+0/0.077/0.15+0.091 ms cpu, 10->10->0 MB, 15 MB goal, 4 P (forced)
gc 968 @38.289s 2%: 0.011+4.0+0.047 ms clock, 0.045+0.10/3.9/0.42+0.19 ms cpu, 4->4->2 MB, 5 MB goal, 4 P
gc 969 @38.303s 2%: 0.012+12+0.050 ms clock, 0.048+0.31/12/0.49+0.20 ms cpu, 5->5->4 MB, 6 MB goal, 4 P
gc 970 @38.321s 2%: 0.012+7.8+0.027 ms clock, 0.049+0.61/7.7/13+0.11 ms cpu, 8->8->7 MB, 9 MB goal, 4 P
gc 971 @38.371s 2%: 0.007+0.13+0.099 ms clock, 0.031+0/0.084/0.15+0.39 ms cpu, 10->10->0 MB, 15 MB goal, 4 P (forced)
gc 972 @38.385s 2%: 0.011+4.5+0.043 ms clock, 0.047+0.12/4.4/0.46+0.17 ms cpu, 4->4->2 MB, 5 MB goal, 4 P
gc 973 @38.400s 2%: 0.012+12+0.091 ms clock, 0.051+0.85/12/0.49+0.36 ms cpu, 5->5->4 MB, 6 MB goal, 4 P
gc 974 @38.428s 2%: 0.022+12+0.036 ms clock, 0.090+0.19/12/7.3+0.14 ms cpu, 8->8->7 MB, 9 MB goal, 4 P
gc 975 @38.485s 2%: 0.019+0.095+0.022 ms clock, 0.079+0/0.069/0.17+0.090 ms cpu, 10->10->0 MB, 15 MB goal, 4 P (forced)
gc 976 @38.509s 2%: 0.017+9.6+0.13 ms clock, 0.069+6.6/0.038/0.18+0.52 ms cpu, 4->4->2 MB, 5 MB goal, 4 P
gc 977 @38.532s 2%: 0.015+7.5+0.028 ms clock, 0.061+0.50/7.5/0.13+0.11 ms cpu, 5->5->4 MB, 6 MB goal, 4 P
gc 978 @38.542s 2%: 0.011+12+0.033 ms clock, 0.045+0.034/12/0.45+0.13 ms cpu, 8->8->8 MB, 9 MB goal, 4 P
gc 979 @38.598s 2%: 0.036+0.087+0.023 ms clock, 0.14+0/0.067/0.17+0.092 ms cpu, 10->10->0 MB, 16 MB goal, 4 P (forced)
gc 980 @38.611s 2%: 0.011+5.5+0.047 ms clock, 0.046+0.18/5.3/0.51+0.19 ms cpu, 4->4->2 MB, 5 MB goal, 4 P
gc 981 @38.627s 2%: 0.012+7.3+0.041 ms clock, 0.048+0.66/7.2/0.33+0.16 ms cpu, 5->5->4 MB, 6 MB goal, 4 P
gc 982 @38.639s 2%: 0.013+14+0.033 ms clock, 0.052+0.056/14/0.22+0.13 ms cpu, 8->8->7 MB, 9 MB goal, 4 P
gc 983 @38.697s 2%: 0.039+0.096+0.10 ms clock, 0.15+0/0.072/0.15+0.41 ms cpu, 10->10->0 MB, 15 MB goal, 4 P (forced)
gc 984 @38.711s 2%: 0.013+5.5+0.074 ms clock, 0.052+1.9/5.4/0.49+0.29 ms cpu, 4->4->2 MB, 5 MB goal, 4 P
gc 985 @38.726s 2%: 0.011+7.7+0.027 ms clock, 0.046+0.61/7.6/0.072+0.10 ms cpu, 5->5->4 MB, 6 MB goal, 4 P
gc 986 @38.739s 2%: 0.013+20+0.059 ms clock, 0.054+0.071/20/0.17+0.23 ms cpu, 8->8->7 MB, 9 MB goal, 4 P
gc 987 @38.805s 2%: 0.009+0.10+0.025 ms clock, 0.036+0/0.082/0.16+0.10 ms cpu, 10->10->0 MB, 15 MB goal, 4 P (forced)
gc 988 @38.830s 2%: 0.018+11+0.11 ms clock, 0.074+7.6/0.053/0.14+0.44 ms cpu, 4->4->2 MB, 5 MB goal, 4 P
gc 989 @38.855s 2%: 0.016+12+0.066 ms clock, 0.065+1.0/12/0.68+0.26 ms cpu, 5->5->4 MB, 6 MB goal, 4 P
gc 990 @38.872s 2%: 0.012+13+0.034 ms clock, 0.051+0.080/13/0.42+0.13 ms cpu, 8->8->8 MB, 9 MB goal, 4 P
gc 991 @38.930s 2%: 0.039+0.098+0.023 ms clock, 0.15+0/0.065/0.17+0.094 ms cpu, 10->10->0 MB, 16 MB goal, 4 P (forced)
gc 992 @38.943s 2%: 0.011+7.0+0.042 ms clock, 0.046+3.0/6.9/0.19+0.17 ms cpu, 4->4->2 MB, 5 MB goal, 4 P
gc 993 @38.959s 2%: 0.011+7.6+0.044 ms clock, 0.044+0.29/7.5/0.32+0.17 ms cpu, 5->5->4 MB, 6 MB goal, 4 P
gc 994 @38.970s 2%: 0.012+12+0.25 ms clock, 0.051+0.50/11/9.0+1.0 ms cpu, 8->8->7 MB, 9 MB goal, 4 P
gc 995 @39.028s 2%: 0.030+0.097+0.065 ms clock, 0.12+0/0.074/0.12+0.26 ms cpu, 10->10->0 MB, 15 MB goal, 4 P (forced)
gc 996 @39.041s 2%: 0.011+4.3+0.046 ms clock, 0.045+2.1/2.5/2.4+0.18 ms cpu, 4->4->2 MB, 5 MB goal, 4 P
gc 997 @39.065s 2%: 0.016+7.4+0.055 ms clock, 0.064+0.66/7.3/0.10+0.22 ms cpu, 5->5->4 MB, 6 MB goal, 4 P
gc 998 @39.075s 2%: 0.014+13+0.035 ms clock, 0.058+0.079/13/0.15+0.14 ms cpu, 8->8->8 MB, 9 MB goal, 4 P
gc 999 @39.134s 2%: 0.039+0.095+0.018 ms clock, 0.15+0/0.074/0.16+0.073 ms cpu, 10->10->0 MB, 16 MB goal, 4 P (forced)
gc 1000 @39.146s 2%: 0.011+5.7+0.063 ms clock, 0.047+1.6/5.7/0.096+0.25 ms cpu, 4->4->2 MB, 5 MB goal, 4 P
gc 1001 @39.163s 2%: 0.014+12+0.053 ms clock, 0.057+0.41/12/0.50+0.21 ms cpu, 5->5->4 MB, 6 MB goal, 4 P
gc 1002 @39.180s 2%: 0.012+12+0.051 ms clock, 0.051+0.12/12/0.15+0.20 ms cpu, 8->8->7 MB, 9 MB goal, 4 P
gc 1003 @39.237s 2%: 0.039+0.10+0.026 ms clock, 0.15+0/0.071/0.13+0.10 ms cpu, 10->10->0 MB, 15 MB goal, 4 P (forced)
gc 1004 @39.250s 2%: 0.012+6.6+0.092 ms clock, 0.048+4.7/0.046/0.10+0.36 ms cpu, 4->4->2 MB, 5 MB goal, 4 P
gc 1005 @39.266s 2%: 0.013+7.5+0.039 ms clock, 0.055+0.71/7.4/0.36+0.15 ms cpu, 5->5->4 MB, 6 MB goal, 4 P
gc 1006 @39.276s 2%: 0.012+20+0.032 ms clock, 0.050+1.1/10/0.092+0.12 ms cpu, 8->8->7 MB, 9 MB goal, 4 P
gc 1007 @39.342s 2%: 0.028+0.10+0.031 ms clock, 0.11+0/0.082/0.14+0.12 ms cpu, 10->10->0 MB, 15 MB goal, 4 P (forced)
gc 1008 @39.355s 2%: 0.011+3.3+0.062 ms clock, 0.044+1.0/3.0/5.5+0.25 ms cpu, 4->4->2 MB, 5 MB goal, 4 P
gc 1009 @39.368s 2%: 0.012+7.5+0.035 ms clock, 0.050+0.65/7.4/0.038+0.14 ms cpu, 5->5->4 MB, 6 MB goal, 4 P
gc 1010 @39.378s 2%: 0.012+12+0.030 ms clock, 0.048+0.041/12/0.43+0.12 ms cpu, 8->8->7 MB, 9 MB goal, 4 P
gc 1011 @39.433s 2%: 0.008+0.11+0.022 ms clock, 0.033+0/0.094/0.16+0.088 ms cpu, 10->10->0 MB, 15 MB goal, 4 P (forced)
gc 1012 @39.445s 2%: 0.011+6.7+0.061 ms clock, 0.047+2.5/4.6/0.56+0.24 ms cpu, 4->4->2 MB, 5 MB goal, 4 P
gc 1013 @39.461s 2%: 0.013+7.5+0.18 ms clock, 0.053+0.33/7.4/0.39+0.74 ms cpu, 5->5->4 MB, 6 MB goal, 4 P
gc 1014 @39.473s 2%: 0.012+14+0.078 ms clock, 0.048+0.10/14/4.9+0.31 ms cpu, 8->8->7 MB, 9 MB goal, 4 P
  100000	       201 ns/op	       8 B/op	       0 allocs/op
gc 1015 @39.531s 2%: 0.030+0.12+0.029 ms clock, 0.12+0/0.080/0.15+0.11 ms cpu, 10->10->0 MB, 15 MB goal, 4 P (forced)
BenchmarkSyncMapInsertAndErase1E5-4                   	gc 1016 @39.556s 2%: 0.036+0.11+0.041 ms clock, 0.14+0/0.088/0.13+0.16 ms cpu, 3->3->0 MB, 4 MB goal, 4 P (forced)
gc 1017 @39.582s 2%: 0.025+0.11+0.057 ms clock, 0.10+0/0.082/0.12+0.23 ms cpu, 3->3->0 MB, 4 MB goal, 4 P (forced)
gc 1018 @39.607s 2%: 0.007+0.11+0.021 ms clock, 0.029+0/0.083/0.16+0.087 ms cpu, 3->3->0 MB, 4 MB goal, 4 P (forced)
gc 1019 @39.633s 2%: 0.010+0.099+0.021 ms clock, 0.040+0/0.088/0.15+0.087 ms cpu, 3->3->0 MB, 4 MB goal, 4 P (forced)
gc 1020 @39.674s 2%: 0.027+0.095+0.036 ms clock, 0.10+0/0.064/0.10+0.14 ms cpu, 3->3->0 MB, 4 MB goal, 4 P (forced)
gc 1021 @39.700s 2%: 0.026+0.13+0.028 ms clock, 0.10+0/0.073/0.15+0.11 ms cpu, 3->3->0 MB, 4 MB goal, 4 P (forced)
gc 1022 @39.727s 2%: 0.037+0.10+0.021 ms clock, 0.15+0/0.067/0.13+0.087 ms cpu, 3->3->0 MB, 4 MB goal, 4 P (forced)
gc 1023 @39.754s 2%: 0.038+0.095+0.031 ms clock, 0.15+0/0.082/0.12+0.12 ms cpu, 3->3->0 MB, 4 MB goal, 4 P (forced)
gc 1024 @39.781s 2%: 0.007+0.13+0.033 ms clock, 0.029+0/0.091/0.089+0.13 ms cpu, 3->3->0 MB, 4 MB goal, 4 P (forced)
gc 1025 @39.807s 2%: 0.042+0.10+0.036 ms clock, 0.17+0/0.059/0.15+0.14 ms cpu, 3->3->0 MB, 4 MB goal, 4 P (forced)
gc 1026 @39.857s 2%: 0.015+0.11+0.043 ms clock, 0.062+0/0.097/0.16+0.17 ms cpu, 3->3->0 MB, 4 MB goal, 4 P (forced)
gc 1027 @39.887s 2%: 0.028+0.14+0.025 ms clock, 0.11+0/0.069/0.13+0.10 ms cpu, 3->3->0 MB, 4 MB goal, 4 P (forced)
gc 1028 @39.913s 2%: 0.009+0.10+0.022 ms clock, 0.038+0/0.085/0.16+0.091 ms cpu, 3->3->0 MB, 4 MB goal, 4 P (forced)
  100000	       313 ns/op	      35 B/op	       2 allocs/op
PASS
ok  	github.com/cdongyang/library/rbtree/bench	39.950s
